[0.007s][info][gc] Using G1
[0.009s][info][gc,init] Version: 17.0.9+9 (release)
[0.009s][info][gc,init] CPUs: 16 total, 16 available
[0.009s][info][gc,init] Memory: 31460M
[0.009s][info][gc,init] Large Page Support: Disabled
[0.009s][info][gc,init] NUMA Support: Disabled
[0.009s][info][gc,init] Compressed Oops: Enabled (Zero based)
[0.009s][info][gc,init] Heap Region Size: 4M
[0.009s][info][gc,init] Heap Min Capacity: 8M
[0.009s][info][gc,init] Heap Initial Capacity: 492M
[0.009s][info][gc,init] Heap Max Capacity: 7868M
[0.009s][info][gc,init] Pre-touch: Disabled
[0.009s][info][gc,init] Parallel Workers: 13
[0.009s][info][gc,init] Concurrent Workers: 3
[0.009s][info][gc,init] Concurrent Refinement Workers: 13
[0.009s][info][gc,init] Periodic GC: Disabled
[0.014s][info][gc,metaspace] CDS archive(s) mapped at: [0x00000205b9000000-0x00000205b9ba0000-0x00000205b9ba0000), size 12189696, SharedBaseAddress: 0x00000205b9000000, ArchiveRelocationMode: 1.
[0.014s][info][gc,metaspace] Compressed class space mapped at: 0x00000205ba000000-0x00000205fa000000, reserved size: 1073741824
[0.014s][info][gc,metaspace] Narrow klass base: 0x00000205b9000000, Narrow klass shift: 0, Narrow klass range: 0x100000000
[0.272s][info][gc,start    ] GC(0) Pause Young (Normal) (G1 Evacuation Pause)
[0.272s][info][gc,task     ] GC(0) Using 11 workers of 13 for evacuation
[0.275s][info][gc,phases   ] GC(0)   Pre Evacuate Collection Set: 0.0ms
[0.275s][info][gc,phases   ] GC(0)   Merge Heap Roots: 0.1ms
[0.275s][info][gc,phases   ] GC(0)   Evacuate Collection Set: 2.3ms
[0.275s][info][gc,phases   ] GC(0)   Post Evacuate Collection Set: 0.2ms
[0.275s][info][gc,phases   ] GC(0)   Other: 0.4ms
[0.275s][info][gc,heap     ] GC(0) Eden regions: 6->0(5)
[0.275s][info][gc,heap     ] GC(0) Survivor regions: 0->1(1)
[0.275s][info][gc,heap     ] GC(0) Old regions: 0->2
[0.275s][info][gc,heap     ] GC(0) Archive regions: 0->0
[0.275s][info][gc,heap     ] GC(0) Humongous regions: 0->0
[0.275s][info][gc,metaspace] GC(0) Metaspace: 4541K(4672K)->4541K(4672K) NonClass: 3977K(4032K)->3977K(4032K) Class: 563K(640K)->563K(640K)
[0.275s][info][gc          ] GC(0) Pause Young (Normal) (G1 Evacuation Pause) 24M->11M(492M) 3.161ms
[0.275s][info][gc,cpu      ] GC(0) User=0.11s Sys=0.03s Real=0.00s
[0.383s][info][gc,start    ] GC(1) Pause Young (Normal) (G1 Evacuation Pause)
[0.383s][info][gc,task     ] GC(1) Using 11 workers of 13 for evacuation
[0.385s][info][gc,phases   ] GC(1)   Pre Evacuate Collection Set: 0.1ms
[0.385s][info][gc,phases   ] GC(1)   Merge Heap Roots: 0.1ms
[0.385s][info][gc,phases   ] GC(1)   Evacuate Collection Set: 1.7ms
[0.385s][info][gc,phases   ] GC(1)   Post Evacuate Collection Set: 0.2ms
[0.385s][info][gc,phases   ] GC(1)   Other: 0.1ms
[0.385s][info][gc,heap     ] GC(1) Eden regions: 5->0(11)
[0.385s][info][gc,heap     ] GC(1) Survivor regions: 1->1(1)
[0.385s][info][gc,heap     ] GC(1) Old regions: 2->3
[0.385s][info][gc,heap     ] GC(1) Archive regions: 0->0
[0.385s][info][gc,heap     ] GC(1) Humongous regions: 0->0
[0.385s][info][gc,metaspace] GC(1) Metaspace: 7090K(7360K)->7090K(7360K) NonClass: 6185K(6336K)->6185K(6336K) Class: 904K(1024K)->904K(1024K)
[0.385s][info][gc          ] GC(1) Pause Young (Normal) (G1 Evacuation Pause) 31M->12M(492M) 2.297ms
[0.385s][info][gc,cpu      ] GC(1) User=0.00s Sys=0.00s Real=0.00s
[0.686s][info][gc,start    ] GC(2) Pause Young (Normal) (G1 Evacuation Pause)
[0.686s][info][gc,task     ] GC(2) Using 11 workers of 13 for evacuation
[0.688s][info][gc,phases   ] GC(2)   Pre Evacuate Collection Set: 0.0ms
[0.688s][info][gc,phases   ] GC(2)   Merge Heap Roots: 0.0ms
[0.688s][info][gc,phases   ] GC(2)   Evacuate Collection Set: 1.8ms
[0.688s][info][gc,phases   ] GC(2)   Post Evacuate Collection Set: 0.3ms
[0.688s][info][gc,phases   ] GC(2)   Other: 0.1ms
[0.688s][info][gc,heap     ] GC(2) Eden regions: 11->0(71)
[0.688s][info][gc,heap     ] GC(2) Survivor regions: 1->2(2)
[0.688s][info][gc,heap     ] GC(2) Old regions: 3->3
[0.688s][info][gc,heap     ] GC(2) Archive regions: 0->0
[0.688s][info][gc,heap     ] GC(2) Humongous regions: 0->0
[0.688s][info][gc,metaspace] GC(2) Metaspace: 16618K(16960K)->16618K(16960K) NonClass: 14208K(14400K)->14208K(14400K) Class: 2409K(2560K)->2409K(2560K)
[0.688s][info][gc          ] GC(2) Pause Young (Normal) (G1 Evacuation Pause) 56M->16M(492M) 2.355ms
[0.688s][info][gc,cpu      ] GC(2) User=0.00s Sys=0.00s Real=0.00s
[0.788s][info][gc,start    ] GC(3) Pause Young (Concurrent Start) (Metadata GC Threshold)
[0.788s][info][gc,task     ] GC(3) Using 11 workers of 13 for evacuation
[0.790s][info][gc,phases   ] GC(3)   Pre Evacuate Collection Set: 0.0ms
[0.790s][info][gc,phases   ] GC(3)   Merge Heap Roots: 0.0ms
[0.790s][info][gc,phases   ] GC(3)   Evacuate Collection Set: 1.6ms
[0.790s][info][gc,phases   ] GC(3)   Post Evacuate Collection Set: 0.2ms
[0.790s][info][gc,phases   ] GC(3)   Other: 0.2ms
[0.790s][info][gc,heap     ] GC(3) Eden regions: 9->0(71)
[0.790s][info][gc,heap     ] GC(3) Survivor regions: 2->2(10)
[0.790s][info][gc,heap     ] GC(3) Old regions: 3->3
[0.790s][info][gc,heap     ] GC(3) Archive regions: 0->0
[0.790s][info][gc,heap     ] GC(3) Humongous regions: 0->0
[0.790s][info][gc,metaspace] GC(3) Metaspace: 21235K(21504K)->21235K(21504K) NonClass: 18222K(18368K)->18222K(18368K) Class: 3013K(3136K)->3013K(3136K)
[0.790s][info][gc          ] GC(3) Pause Young (Concurrent Start) (Metadata GC Threshold) 49M->18M(492M) 2.160ms
[0.790s][info][gc,cpu      ] GC(3) User=0.00s Sys=0.00s Real=0.00s
[0.790s][info][gc          ] GC(4) Concurrent Mark Cycle
[0.790s][info][gc,marking  ] GC(4) Concurrent Clear Claimed Marks
[0.790s][info][gc,marking  ] GC(4) Concurrent Clear Claimed Marks 0.016ms
[0.790s][info][gc,marking  ] GC(4) Concurrent Scan Root Regions
[0.792s][info][gc,marking  ] GC(4) Concurrent Scan Root Regions 1.666ms
[0.792s][info][gc,marking  ] GC(4) Concurrent Mark
[0.792s][info][gc,marking  ] GC(4) Concurrent Mark From Roots
[0.792s][info][gc,task     ] GC(4) Using 3 workers of 3 for marking
[0.794s][info][gc,marking  ] GC(4) Concurrent Mark From Roots 1.394ms
[0.794s][info][gc,marking  ] GC(4) Concurrent Preclean
[0.794s][info][gc,marking  ] GC(4) Concurrent Preclean 0.074ms
[0.794s][info][gc,start    ] GC(4) Pause Remark
[0.795s][info][gc          ] GC(4) Pause Remark 21M->21M(80M) 0.842ms
[0.795s][info][gc,cpu      ] GC(4) User=0.00s Sys=0.00s Real=0.00s
[0.795s][info][gc,marking  ] GC(4) Concurrent Mark 2.420ms
[0.795s][info][gc,marking  ] GC(4) Concurrent Rebuild Remembered Sets
[0.795s][info][gc,marking  ] GC(4) Concurrent Rebuild Remembered Sets 0.010ms
[0.795s][info][gc,start    ] GC(4) Pause Cleanup
[0.795s][info][gc          ] GC(4) Pause Cleanup 21M->21M(80M) 0.017ms
[0.795s][info][gc,cpu      ] GC(4) User=0.00s Sys=0.00s Real=0.00s
[0.795s][info][gc,marking  ] GC(4) Concurrent Cleanup for Next Mark
[0.795s][info][gc,marking  ] GC(4) Concurrent Cleanup for Next Mark 0.212ms
[0.795s][info][gc          ] GC(4) Concurrent Mark Cycle 4.904ms
[0.885s][info][gc,start    ] GC(5) Pause Young (Normal) (G1 Preventive Collection)
[0.885s][info][gc,task     ] GC(5) Using 10 workers of 13 for evacuation
[0.888s][info][gc,phases   ] GC(5)   Pre Evacuate Collection Set: 0.0ms
[0.888s][info][gc,phases   ] GC(5)   Merge Heap Roots: 0.0ms
[0.888s][info][gc,phases   ] GC(5)   Evacuate Collection Set: 2.6ms
[0.888s][info][gc,phases   ] GC(5)   Post Evacuate Collection Set: 0.2ms
[0.888s][info][gc,phases   ] GC(5)   Other: 0.1ms
[0.888s][info][gc,heap     ] GC(5) Eden regions: 10->0(7)
[0.888s][info][gc,heap     ] GC(5) Survivor regions: 2->3(10)
[0.888s][info][gc,heap     ] GC(5) Old regions: 3->3
[0.888s][info][gc,heap     ] GC(5) Archive regions: 0->0
[0.888s][info][gc,heap     ] GC(5) Humongous regions: 0->0
[0.888s][info][gc,metaspace] GC(5) Metaspace: 24818K(25152K)->24818K(25152K) NonClass: 21344K(21504K)->21344K(21504K) Class: 3474K(3648K)->3474K(3648K)
[0.888s][info][gc          ] GC(5) Pause Young (Normal) (G1 Preventive Collection) 58M->22M(80M) 3.026ms
[0.888s][info][gc,cpu      ] GC(5) User=0.00s Sys=0.00s Real=0.00s
[1.046s][info][gc,start    ] GC(6) Pause Young (Normal) (G1 Evacuation Pause)
[1.046s][info][gc,task     ] GC(6) Using 8 workers of 13 for evacuation
[1.049s][info][gc,phases   ] GC(6)   Pre Evacuate Collection Set: 0.1ms
[1.049s][info][gc,phases   ] GC(6)   Merge Heap Roots: 0.0ms
[1.049s][info][gc,phases   ] GC(6)   Evacuate Collection Set: 2.6ms
[1.049s][info][gc,phases   ] GC(6)   Post Evacuate Collection Set: 0.2ms
[1.049s][info][gc,phases   ] GC(6)   Other: 0.1ms
[1.049s][info][gc,heap     ] GC(6) Eden regions: 7->0(7)
[1.049s][info][gc,heap     ] GC(6) Survivor regions: 3->2(2)
[1.049s][info][gc,heap     ] GC(6) Old regions: 3->5
[1.049s][info][gc,heap     ] GC(6) Archive regions: 0->0
[1.049s][info][gc,heap     ] GC(6) Humongous regions: 0->0
[1.049s][info][gc,metaspace] GC(6) Metaspace: 28036K(28352K)->28036K(28352K) NonClass: 24145K(24320K)->24145K(24320K) Class: 3890K(4032K)->3890K(4032K)
[1.049s][info][gc          ] GC(6) Pause Young (Normal) (G1 Evacuation Pause) 50M->24M(80M) 3.178ms
[1.049s][info][gc,cpu      ] GC(6) User=0.00s Sys=0.00s Real=0.00s
[1.185s][info][gc,start    ] GC(7) Pause Young (Normal) (G1 Evacuation Pause)
[1.185s][info][gc,task     ] GC(7) Using 7 workers of 13 for evacuation
[1.187s][info][gc,phases   ] GC(7)   Pre Evacuate Collection Set: 0.0ms
[1.187s][info][gc,phases   ] GC(7)   Merge Heap Roots: 0.0ms
[1.187s][info][gc,phases   ] GC(7)   Evacuate Collection Set: 1.7ms
[1.187s][info][gc,phases   ] GC(7)   Post Evacuate Collection Set: 0.1ms
[1.187s][info][gc,phases   ] GC(7)   Other: 0.1ms
[1.187s][info][gc,heap     ] GC(7) Eden regions: 7->0(7)
[1.187s][info][gc,heap     ] GC(7) Survivor regions: 2->1(2)
[1.187s][info][gc,heap     ] GC(7) Old regions: 5->6
[1.187s][info][gc,heap     ] GC(7) Archive regions: 0->0
[1.187s][info][gc,heap     ] GC(7) Humongous regions: 0->0
[1.187s][info][gc,metaspace] GC(7) Metaspace: 29950K(30336K)->29950K(30336K) NonClass: 25789K(25984K)->25789K(25984K) Class: 4160K(4352K)->4160K(4352K)
[1.187s][info][gc          ] GC(7) Pause Young (Normal) (G1 Evacuation Pause) 52M->25M(80M) 2.104ms
[1.187s][info][gc,cpu      ] GC(7) User=0.00s Sys=0.00s Real=0.00s
[1.411s][info][gc,start    ] GC(8) Pause Young (Normal) (G1 Evacuation Pause)
[1.411s][info][gc,task     ] GC(8) Using 6 workers of 13 for evacuation
[1.414s][info][gc,phases   ] GC(8)   Pre Evacuate Collection Set: 0.1ms
[1.414s][info][gc,phases   ] GC(8)   Merge Heap Roots: 0.1ms
[1.414s][info][gc,phases   ] GC(8)   Evacuate Collection Set: 2.0ms
[1.414s][info][gc,phases   ] GC(8)   Post Evacuate Collection Set: 0.5ms
[1.414s][info][gc,phases   ] GC(8)   Other: 0.1ms
[1.414s][info][gc,heap     ] GC(8) Eden regions: 7->0(42)
[1.414s][info][gc,heap     ] GC(8) Survivor regions: 1->1(1)
[1.414s][info][gc,heap     ] GC(8) Old regions: 6->7
[1.414s][info][gc,heap     ] GC(8) Archive regions: 0->0
[1.414s][info][gc,heap     ] GC(8) Humongous regions: 0->0
[1.414s][info][gc,metaspace] GC(8) Metaspace: 32558K(32960K)->32558K(32960K) NonClass: 28025K(28224K)->28025K(28224K) Class: 4532K(4736K)->4532K(4736K)
[1.414s][info][gc          ] GC(8) Pause Young (Normal) (G1 Evacuation Pause) 53M->27M(288M) 2.852ms
[1.414s][info][gc,cpu      ] GC(8) User=0.09s Sys=0.00s Real=0.00s
[1.596s][info][gc,start    ] GC(9) Pause Young (Concurrent Start) (Metadata GC Threshold)
[1.596s][info][gc,task     ] GC(9) Using 6 workers of 13 for evacuation
[1.598s][info][gc,phases   ] GC(9)   Pre Evacuate Collection Set: 0.0ms
[1.598s][info][gc,phases   ] GC(9)   Merge Heap Roots: 0.0ms
[1.598s][info][gc,phases   ] GC(9)   Evacuate Collection Set: 2.1ms
[1.598s][info][gc,phases   ] GC(9)   Post Evacuate Collection Set: 0.1ms
[1.598s][info][gc,phases   ] GC(9)   Other: 0.1ms
[1.598s][info][gc,heap     ] GC(9) Eden regions: 9->0(41)
[1.598s][info][gc,heap     ] GC(9) Survivor regions: 1->2(6)
[1.598s][info][gc,heap     ] GC(9) Old regions: 7->7
[1.598s][info][gc,heap     ] GC(9) Archive regions: 0->0
[1.598s][info][gc,heap     ] GC(9) Humongous regions: 0->0
[1.598s][info][gc,metaspace] GC(9) Metaspace: 35640K(36096K)->35640K(36096K) NonClass: 30676K(30912K)->30676K(30912K) Class: 4963K(5184K)->4963K(5184K)
[1.598s][info][gc          ] GC(9) Pause Young (Concurrent Start) (Metadata GC Threshold) 59M->30M(288M) 2.526ms
[1.598s][info][gc,cpu      ] GC(9) User=0.00s Sys=0.00s Real=0.00s
[1.598s][info][gc          ] GC(10) Concurrent Mark Cycle
[1.598s][info][gc,marking  ] GC(10) Concurrent Clear Claimed Marks
[1.598s][info][gc,marking  ] GC(10) Concurrent Clear Claimed Marks 0.015ms
[1.598s][info][gc,marking  ] GC(10) Concurrent Scan Root Regions
[1.600s][info][gc,marking  ] GC(10) Concurrent Scan Root Regions 1.600ms
[1.600s][info][gc,marking  ] GC(10) Concurrent Mark
[1.600s][info][gc,marking  ] GC(10) Concurrent Mark From Roots
[1.600s][info][gc,task     ] GC(10) Using 3 workers of 3 for marking
[1.606s][info][gc,marking  ] GC(10) Concurrent Mark From Roots 5.612ms
[1.606s][info][gc,marking  ] GC(10) Concurrent Preclean
[1.606s][info][gc,marking  ] GC(10) Concurrent Preclean 0.091ms
[1.606s][info][gc,start    ] GC(10) Pause Remark
[1.607s][info][gc          ] GC(10) Pause Remark 32M->32M(136M) 1.068ms
[1.607s][info][gc,cpu      ] GC(10) User=0.00s Sys=0.00s Real=0.00s
[1.607s][info][gc,marking  ] GC(10) Concurrent Mark 6.886ms
[1.607s][info][gc,marking  ] GC(10) Concurrent Rebuild Remembered Sets
[1.611s][info][gc,marking  ] GC(10) Concurrent Rebuild Remembered Sets 3.611ms
[1.611s][info][gc,start    ] GC(10) Pause Cleanup
[1.611s][info][gc          ] GC(10) Pause Cleanup 32M->32M(136M) 0.031ms
[1.611s][info][gc,cpu      ] GC(10) User=0.00s Sys=0.00s Real=0.00s
[1.611s][info][gc,marking  ] GC(10) Concurrent Cleanup for Next Mark
[1.611s][info][gc,marking  ] GC(10) Concurrent Cleanup for Next Mark 0.294ms
[1.611s][info][gc          ] GC(10) Concurrent Mark Cycle 12.601ms
[1.989s][info][gc,start    ] GC(11) Pause Young (Normal) (G1 Evacuation Pause)
[1.989s][info][gc,task     ] GC(11) Using 6 workers of 13 for evacuation
[1.992s][info][gc,phases   ] GC(11)   Pre Evacuate Collection Set: 0.0ms
[1.992s][info][gc,phases   ] GC(11)   Merge Heap Roots: 0.0ms
[1.992s][info][gc,phases   ] GC(11)   Evacuate Collection Set: 3.1ms
[1.992s][info][gc,phases   ] GC(11)   Post Evacuate Collection Set: 0.2ms
[1.992s][info][gc,phases   ] GC(11)   Other: 0.1ms
[1.992s][info][gc,heap     ] GC(11) Eden regions: 18->0(14)
[1.992s][info][gc,heap     ] GC(11) Survivor regions: 2->3(3)
[1.992s][info][gc,heap     ] GC(11) Old regions: 7->8
[1.992s][info][gc,heap     ] GC(11) Archive regions: 0->0
[1.992s][info][gc,heap     ] GC(11) Humongous regions: 0->0
[1.992s][info][gc,metaspace] GC(11) Metaspace: 43981K(44480K)->43981K(44480K) NonClass: 37694K(37952K)->37694K(37952K) Class: 6286K(6528K)->6286K(6528K)
[1.992s][info][gc          ] GC(11) Pause Young (Normal) (G1 Evacuation Pause) 102M->36M(136M) 3.580ms
[1.992s][info][gc,cpu      ] GC(11) User=0.08s Sys=0.02s Real=0.00s
[2.274s][info][gc,start    ] GC(12) Pause Young (Normal) (G1 Evacuation Pause)
[2.274s][info][gc,task     ] GC(12) Using 12 workers of 13 for evacuation
[2.277s][info][gc,phases   ] GC(12)   Pre Evacuate Collection Set: 0.0ms
[2.277s][info][gc,phases   ] GC(12)   Merge Heap Roots: 0.0ms
[2.277s][info][gc,phases   ] GC(12)   Evacuate Collection Set: 2.4ms
[2.277s][info][gc,phases   ] GC(12)   Post Evacuate Collection Set: 0.2ms
[2.277s][info][gc,phases   ] GC(12)   Other: 0.1ms
[2.277s][info][gc,heap     ] GC(12) Eden regions: 14->0(14)
[2.277s][info][gc,heap     ] GC(12) Survivor regions: 3->2(3)
[2.277s][info][gc,heap     ] GC(12) Old regions: 8->10
[2.277s][info][gc,heap     ] GC(12) Archive regions: 0->0
[2.277s][info][gc,heap     ] GC(12) Humongous regions: 0->0
[2.277s][info][gc,metaspace] GC(12) Metaspace: 47586K(48064K)->47586K(48064K) NonClass: 40816K(41088K)->40816K(41088K) Class: 6769K(6976K)->6769K(6976K)
[2.277s][info][gc          ] GC(12) Pause Young (Normal) (G1 Evacuation Pause) 92M->39M(136M) 2.966ms
[2.277s][info][gc,cpu      ] GC(12) User=0.00s Sys=0.00s Real=0.00s
[2.445s][info][gc,start    ] GC(13) Pause Young (Normal) (G1 Evacuation Pause)
[2.445s][info][gc,task     ] GC(13) Using 12 workers of 13 for evacuation
[2.448s][info][gc,phases   ] GC(13)   Pre Evacuate Collection Set: 0.1ms
[2.448s][info][gc,phases   ] GC(13)   Merge Heap Roots: 0.1ms
[2.448s][info][gc,phases   ] GC(13)   Evacuate Collection Set: 2.6ms
[2.448s][info][gc,phases   ] GC(13)   Post Evacuate Collection Set: 0.2ms
[2.448s][info][gc,phases   ] GC(13)   Other: 0.2ms
[2.448s][info][gc,heap     ] GC(13) Eden regions: 14->0(14)
[2.448s][info][gc,heap     ] GC(13) Survivor regions: 2->2(2)
[2.448s][info][gc,heap     ] GC(13) Old regions: 10->10
[2.448s][info][gc,heap     ] GC(13) Archive regions: 0->0
[2.448s][info][gc,heap     ] GC(13) Humongous regions: 0->0
[2.448s][info][gc,metaspace] GC(13) Metaspace: 51234K(51776K)->51234K(51776K) NonClass: 43948K(44224K)->43948K(44224K) Class: 7285K(7552K)->7285K(7552K)
[2.448s][info][gc          ] GC(13) Pause Young (Normal) (G1 Evacuation Pause) 95M->40M(136M) 3.180ms
[2.449s][info][gc,cpu      ] GC(13) User=0.00s Sys=0.00s Real=0.00s
[2.509s][info][gc,start    ] GC(14) Pause Young (Normal) (G1 Evacuation Pause)
[2.509s][info][gc,task     ] GC(14) Using 12 workers of 13 for evacuation
[2.511s][info][gc,phases   ] GC(14)   Pre Evacuate Collection Set: 0.0ms
[2.511s][info][gc,phases   ] GC(14)   Merge Heap Roots: 0.0ms
[2.511s][info][gc,phases   ] GC(14)   Evacuate Collection Set: 1.5ms
[2.511s][info][gc,phases   ] GC(14)   Post Evacuate Collection Set: 0.2ms
[2.511s][info][gc,phases   ] GC(14)   Other: 0.1ms
[2.511s][info][gc,heap     ] GC(14) Eden regions: 14->0(15)
[2.511s][info][gc,heap     ] GC(14) Survivor regions: 2->1(2)
[2.511s][info][gc,heap     ] GC(14) Old regions: 10->11
[2.511s][info][gc,heap     ] GC(14) Archive regions: 0->0
[2.511s][info][gc,heap     ] GC(14) Humongous regions: 0->0
[2.511s][info][gc,metaspace] GC(14) Metaspace: 51253K(51776K)->51253K(51776K) NonClass: 43965K(44224K)->43965K(44224K) Class: 7288K(7552K)->7288K(7552K)
[2.511s][info][gc          ] GC(14) Pause Young (Normal) (G1 Evacuation Pause) 96M->42M(136M) 1.947ms
[2.511s][info][gc,cpu      ] GC(14) User=0.00s Sys=0.00s Real=0.00s
[2.604s][info][gc,start    ] GC(15) Pause Young (Normal) (G1 Evacuation Pause)
[2.604s][info][gc,task     ] GC(15) Using 12 workers of 13 for evacuation
[2.606s][info][gc,phases   ] GC(15)   Pre Evacuate Collection Set: 0.0ms
[2.606s][info][gc,phases   ] GC(15)   Merge Heap Roots: 0.0ms
[2.606s][info][gc,phases   ] GC(15)   Evacuate Collection Set: 1.1ms
[2.606s][info][gc,phases   ] GC(15)   Post Evacuate Collection Set: 0.2ms
[2.606s][info][gc,phases   ] GC(15)   Other: 0.1ms
[2.606s][info][gc,heap     ] GC(15) Eden regions: 15->0(14)
[2.606s][info][gc,heap     ] GC(15) Survivor regions: 1->2(2)
[2.606s][info][gc,heap     ] GC(15) Old regions: 11->11
[2.606s][info][gc,heap     ] GC(15) Archive regions: 0->0
[2.606s][info][gc,heap     ] GC(15) Humongous regions: 0->0
[2.606s][info][gc,metaspace] GC(15) Metaspace: 52074K(52608K)->52074K(52608K) NonClass: 44700K(44992K)->44700K(44992K) Class: 7373K(7616K)->7373K(7616K)
[2.606s][info][gc          ] GC(15) Pause Young (Normal) (G1 Evacuation Pause) 101M->43M(136M) 1.543ms
[2.606s][info][gc,cpu      ] GC(15) User=0.00s Sys=0.00s Real=0.00s
[2.879s][info][gc,start    ] GC(16) Pause Young (Concurrent Start) (Metadata GC Threshold)
[2.879s][info][gc,task     ] GC(16) Using 13 workers of 13 for evacuation
[2.881s][info][gc,phases   ] GC(16)   Pre Evacuate Collection Set: 0.1ms
[2.881s][info][gc,phases   ] GC(16)   Merge Heap Roots: 0.0ms
[2.881s][info][gc,phases   ] GC(16)   Evacuate Collection Set: 1.8ms
[2.881s][info][gc,phases   ] GC(16)   Post Evacuate Collection Set: 0.3ms
[2.881s][info][gc,phases   ] GC(16)   Other: 0.1ms
[2.881s][info][gc,heap     ] GC(16) Eden regions: 11->0(18)
[2.881s][info][gc,heap     ] GC(16) Survivor regions: 2->2(2)
[2.881s][info][gc,heap     ] GC(16) Old regions: 11->12
[2.881s][info][gc,heap     ] GC(16) Archive regions: 0->0
[2.881s][info][gc,heap     ] GC(16) Humongous regions: 0->0
[2.881s][info][gc,metaspace] GC(16) Metaspace: 60087K(60608K)->60087K(60608K) NonClass: 51913K(52160K)->51913K(52160K) Class: 8173K(8448K)->8173K(8448K)
[2.881s][info][gc          ] GC(16) Pause Young (Concurrent Start) (Metadata GC Threshold) 84M->46M(164M) 2.420ms
[2.881s][info][gc,cpu      ] GC(16) User=0.00s Sys=0.00s Real=0.00s
[2.881s][info][gc          ] GC(17) Concurrent Mark Cycle
[2.881s][info][gc,marking  ] GC(17) Concurrent Clear Claimed Marks
[2.881s][info][gc,marking  ] GC(17) Concurrent Clear Claimed Marks 0.024ms
[2.881s][info][gc,marking  ] GC(17) Concurrent Scan Root Regions
[2.883s][info][gc,marking  ] GC(17) Concurrent Scan Root Regions 1.450ms
[2.883s][info][gc,marking  ] GC(17) Concurrent Mark
[2.883s][info][gc,marking  ] GC(17) Concurrent Mark From Roots
[2.883s][info][gc,task     ] GC(17) Using 3 workers of 3 for marking
[2.893s][info][gc,marking  ] GC(17) Concurrent Mark From Roots 10.261ms
[2.893s][info][gc,marking  ] GC(17) Concurrent Preclean
[2.893s][info][gc,marking  ] GC(17) Concurrent Preclean 0.119ms
[2.893s][info][gc,start    ] GC(17) Pause Remark
[2.895s][info][gc          ] GC(17) Pause Remark 48M->48M(164M) 1.590ms
[2.895s][info][gc,cpu      ] GC(17) User=0.00s Sys=0.00s Real=0.00s
[2.895s][info][gc,marking  ] GC(17) Concurrent Mark 12.123ms
[2.895s][info][gc,marking  ] GC(17) Concurrent Rebuild Remembered Sets
[2.900s][info][gc,marking  ] GC(17) Concurrent Rebuild Remembered Sets 5.056ms
[2.900s][info][gc,start    ] GC(17) Pause Cleanup
[2.900s][info][gc          ] GC(17) Pause Cleanup 48M->48M(164M) 0.046ms
[2.900s][info][gc,cpu      ] GC(17) User=0.00s Sys=0.00s Real=0.00s
[2.900s][info][gc,marking  ] GC(17) Concurrent Cleanup for Next Mark
[2.900s][info][gc,marking  ] GC(17) Concurrent Cleanup for Next Mark 0.244ms
[2.900s][info][gc          ] GC(17) Concurrent Mark Cycle 19.119ms
[3.164s][info][gc,start    ] GC(18) Pause Young (Normal) (G1 Evacuation Pause)
[3.164s][info][gc,task     ] GC(18) Using 13 workers of 13 for evacuation
[3.167s][info][gc,phases   ] GC(18)   Pre Evacuate Collection Set: 0.0ms
[3.167s][info][gc,phases   ] GC(18)   Merge Heap Roots: 0.0ms
[3.167s][info][gc,phases   ] GC(18)   Evacuate Collection Set: 1.8ms
[3.167s][info][gc,phases   ] GC(18)   Post Evacuate Collection Set: 0.2ms
[3.167s][info][gc,phases   ] GC(18)   Other: 0.1ms
[3.167s][info][gc,heap     ] GC(18) Eden regions: 18->0(17)
[3.167s][info][gc,heap     ] GC(18) Survivor regions: 2->3(3)
[3.167s][info][gc,heap     ] GC(18) Old regions: 12->12
[3.167s][info][gc,heap     ] GC(18) Archive regions: 0->0
[3.167s][info][gc,heap     ] GC(18) Humongous regions: 0->0
[3.167s][info][gc,metaspace] GC(18) Metaspace: 63981K(64512K)->63981K(64512K) NonClass: 55298K(55552K)->55298K(55552K) Class: 8682K(8960K)->8682K(8960K)
[3.167s][info][gc          ] GC(18) Pause Young (Normal) (G1 Evacuation Pause) 118M->52M(164M) 2.361ms
[3.167s][info][gc,cpu      ] GC(18) User=0.00s Sys=0.00s Real=0.00s
[3.369s][info][gc,start    ] GC(19) Pause Young (Normal) (G1 Evacuation Pause)
[3.369s][info][gc,task     ] GC(19) Using 13 workers of 13 for evacuation
[3.371s][info][gc,phases   ] GC(19)   Pre Evacuate Collection Set: 0.0ms
[3.371s][info][gc,phases   ] GC(19)   Merge Heap Roots: 0.0ms
[3.371s][info][gc,phases   ] GC(19)   Evacuate Collection Set: 2.1ms
[3.371s][info][gc,phases   ] GC(19)   Post Evacuate Collection Set: 0.2ms
[3.371s][info][gc,phases   ] GC(19)   Other: 0.1ms
[3.371s][info][gc,heap     ] GC(19) Eden regions: 17->0(16)
[3.371s][info][gc,heap     ] GC(19) Survivor regions: 3->3(3)
[3.371s][info][gc,heap     ] GC(19) Old regions: 12->13
[3.371s][info][gc,heap     ] GC(19) Archive regions: 0->0
[3.371s][info][gc,heap     ] GC(19) Humongous regions: 0->0
[3.371s][info][gc,metaspace] GC(19) Metaspace: 65994K(66624K)->65994K(66624K) NonClass: 57184K(57536K)->57184K(57536K) Class: 8809K(9088K)->8809K(9088K)
[3.371s][info][gc          ] GC(19) Pause Young (Normal) (G1 Evacuation Pause) 120M->55M(164M) 2.558ms
[3.371s][info][gc,cpu      ] GC(19) User=0.00s Sys=0.00s Real=0.00s
[3.545s][info][gc,start    ] GC(20) Pause Young (Normal) (G1 Evacuation Pause)
[3.545s][info][gc,task     ] GC(20) Using 13 workers of 13 for evacuation
[3.548s][info][gc,phases   ] GC(20)   Pre Evacuate Collection Set: 0.0ms
[3.548s][info][gc,phases   ] GC(20)   Merge Heap Roots: 0.0ms
[3.548s][info][gc,phases   ] GC(20)   Evacuate Collection Set: 2.0ms
[3.548s][info][gc,phases   ] GC(20)   Post Evacuate Collection Set: 0.2ms
[3.548s][info][gc,phases   ] GC(20)   Other: 0.1ms
[3.548s][info][gc,heap     ] GC(20) Eden regions: 16->0(17)
[3.548s][info][gc,heap     ] GC(20) Survivor regions: 3->2(3)
[3.548s][info][gc,heap     ] GC(20) Old regions: 13->14
[3.548s][info][gc,heap     ] GC(20) Archive regions: 0->0
[3.548s][info][gc,heap     ] GC(20) Humongous regions: 0->0
[3.548s][info][gc,metaspace] GC(20) Metaspace: 67597K(68224K)->67597K(68224K) NonClass: 58680K(59008K)->58680K(59008K) Class: 8917K(9216K)->8917K(9216K)
[3.548s][info][gc          ] GC(20) Pause Young (Normal) (G1 Evacuation Pause) 119M->59M(164M) 2.543ms
[3.548s][info][gc,cpu      ] GC(20) User=0.00s Sys=0.00s Real=0.00s
[3.755s][info][gc,start    ] GC(21) Pause Young (Normal) (G1 Evacuation Pause)
[3.755s][info][gc,task     ] GC(21) Using 13 workers of 13 for evacuation
[3.757s][info][gc,phases   ] GC(21)   Pre Evacuate Collection Set: 0.0ms
[3.757s][info][gc,phases   ] GC(21)   Merge Heap Roots: 0.0ms
[3.757s][info][gc,phases   ] GC(21)   Evacuate Collection Set: 2.1ms
[3.757s][info][gc,phases   ] GC(21)   Post Evacuate Collection Set: 0.3ms
[3.757s][info][gc,phases   ] GC(21)   Other: 0.1ms
[3.757s][info][gc,heap     ] GC(21) Eden regions: 17->0(14)
[3.757s][info][gc,heap     ] GC(21) Survivor regions: 2->3(3)
[3.757s][info][gc,heap     ] GC(21) Old regions: 14->15
[3.757s][info][gc,heap     ] GC(21) Archive regions: 0->0
[3.757s][info][gc,heap     ] GC(21) Humongous regions: 0->0
[3.757s][info][gc,metaspace] GC(21) Metaspace: 68913K(69568K)->68913K(69568K) NonClass: 59866K(60224K)->59866K(60224K) Class: 9046K(9344K)->9046K(9344K)
[3.757s][info][gc          ] GC(21) Pause Young (Normal) (G1 Evacuation Pause) 127M->64M(164M) 2.658ms
[3.757s][info][gc,cpu      ] GC(21) User=0.16s Sys=0.05s Real=0.00s
[3.998s][info][gc,start    ] GC(22) Pause Young (Normal) (G1 Evacuation Pause)
[3.998s][info][gc,task     ] GC(22) Using 13 workers of 13 for evacuation
[4.001s][info][gc,phases   ] GC(22)   Pre Evacuate Collection Set: 0.0ms
[4.001s][info][gc,phases   ] GC(22)   Merge Heap Roots: 0.0ms
[4.001s][info][gc,phases   ] GC(22)   Evacuate Collection Set: 2.1ms
[4.001s][info][gc,phases   ] GC(22)   Post Evacuate Collection Set: 0.3ms
[4.001s][info][gc,phases   ] GC(22)   Other: 0.1ms
[4.001s][info][gc,heap     ] GC(22) Eden regions: 14->0(14)
[4.001s][info][gc,heap     ] GC(22) Survivor regions: 3->3(3)
[4.001s][info][gc,heap     ] GC(22) Old regions: 15->16
[4.001s][info][gc,heap     ] GC(22) Archive regions: 0->0
[4.001s][info][gc,heap     ] GC(22) Humongous regions: 0->0
[4.001s][info][gc,metaspace] GC(22) Metaspace: 72118K(72768K)->72118K(72768K) NonClass: 62628K(62976K)->62628K(62976K) Class: 9489K(9792K)->9489K(9792K)
[4.001s][info][gc          ] GC(22) Pause Young (Normal) (G1 Evacuation Pause) 120M->68M(164M) 2.650ms
[4.001s][info][gc,cpu      ] GC(22) User=0.00s Sys=0.00s Real=0.00s
[4.250s][info][gc,start    ] GC(23) Pause Young (Normal) (G1 Evacuation Pause)
[4.250s][info][gc,task     ] GC(23) Using 13 workers of 13 for evacuation
[4.253s][info][gc,phases   ] GC(23)   Pre Evacuate Collection Set: 0.0ms
[4.253s][info][gc,phases   ] GC(23)   Merge Heap Roots: 0.1ms
[4.253s][info][gc,phases   ] GC(23)   Evacuate Collection Set: 2.7ms
[4.253s][info][gc,phases   ] GC(23)   Post Evacuate Collection Set: 0.3ms
[4.253s][info][gc,phases   ] GC(23)   Other: 0.1ms
[4.253s][info][gc,heap     ] GC(23) Eden regions: 14->0(21)
[4.253s][info][gc,heap     ] GC(23) Survivor regions: 3->2(3)
[4.253s][info][gc,heap     ] GC(23) Old regions: 16->18
[4.253s][info][gc,heap     ] GC(23) Archive regions: 0->0
[4.253s][info][gc,heap     ] GC(23) Humongous regions: 0->0
[4.253s][info][gc,metaspace] GC(23) Metaspace: 74686K(75328K)->74686K(75328K) NonClass: 64838K(65152K)->64838K(65152K) Class: 9847K(10176K)->9847K(10176K)
[4.253s][info][gc          ] GC(23) Pause Young (Normal) (G1 Evacuation Pause) 124M->71M(200M) 3.268ms
[4.253s][info][gc,cpu      ] GC(23) User=0.00s Sys=0.00s Real=0.00s
[5.157s][info][gc,start    ] GC(24) Pause Young (Normal) (G1 Evacuation Pause)
[5.157s][info][gc,task     ] GC(24) Using 13 workers of 13 for evacuation
[5.161s][info][gc,phases   ] GC(24)   Pre Evacuate Collection Set: 0.1ms
[5.161s][info][gc,phases   ] GC(24)   Merge Heap Roots: 0.1ms
[5.161s][info][gc,phases   ] GC(24)   Evacuate Collection Set: 3.1ms
[5.161s][info][gc,phases   ] GC(24)   Post Evacuate Collection Set: 0.3ms
[5.161s][info][gc,phases   ] GC(24)   Other: 0.1ms
[5.161s][info][gc,heap     ] GC(24) Eden regions: 21->0(20)
[5.161s][info][gc,heap     ] GC(24) Survivor regions: 2->3(3)
[5.161s][info][gc,heap     ] GC(24) Old regions: 18->18
[5.161s][info][gc,heap     ] GC(24) Archive regions: 0->0
[5.161s][info][gc,heap     ] GC(24) Humongous regions: 0->0
[5.161s][info][gc,metaspace] GC(24) Metaspace: 78014K(78656K)->78014K(78656K) NonClass: 67634K(67968K)->67634K(67968K) Class: 10380K(10688K)->10380K(10688K)
[5.161s][info][gc          ] GC(24) Pause Young (Normal) (G1 Evacuation Pause) 155M->76M(200M) 3.794ms
[5.161s][info][gc,cpu      ] GC(24) User=0.00s Sys=0.00s Real=0.00s
[30.288s][info][gc,heap,exit] Heap
[30.288s][info][gc,heap,exit]  garbage-first heap   total 204800K, used 109821K [0x0000000614400000, 0x0000000800000000)
[30.288s][info][gc,heap,exit]   region size 4096K, 11 young (45056K), 3 survivors (12288K)
[30.288s][info][gc,heap,exit]  Metaspace       used 78653K, committed 79360K, reserved 1179648K
[30.288s][info][gc,heap,exit]   class space    used 10488K, committed 10880K, reserved 1048576K
