[0.011s][info][gc] Using G1
[0.012s][info][gc,init] Version: 17.0.9+9 (release)
[0.012s][info][gc,init] CPUs: 16 total, 16 available
[0.012s][info][gc,init] Memory: 31460M
[0.012s][info][gc,init] Large Page Support: Disabled
[0.012s][info][gc,init] NUMA Support: Disabled
[0.012s][info][gc,init] Compressed Oops: Enabled (Zero based)
[0.012s][info][gc,init] Heap Region Size: 4M
[0.013s][info][gc,init] Heap Min Capacity: 8M
[0.013s][info][gc,init] Heap Initial Capacity: 492M
[0.013s][info][gc,init] Heap Max Capacity: 7868M
[0.013s][info][gc,init] Pre-touch: Disabled
[0.013s][info][gc,init] Parallel Workers: 13
[0.013s][info][gc,init] Concurrent Workers: 3
[0.013s][info][gc,init] Concurrent Refinement Workers: 13
[0.013s][info][gc,init] Periodic GC: Disabled
[0.017s][info][gc,metaspace] CDS archive(s) mapped at: [0x000002a500000000-0x000002a500ba0000-0x000002a500ba0000), size 12189696, SharedBaseAddress: 0x000002a500000000, ArchiveRelocationMode: 1.
[0.017s][info][gc,metaspace] Compressed class space mapped at: 0x000002a501000000-0x000002a541000000, reserved size: 1073741824
[0.017s][info][gc,metaspace] Narrow klass base: 0x000002a500000000, Narrow klass shift: 0, Narrow klass range: 0x100000000
[0.258s][info][gc,start    ] GC(0) Pause Young (Normal) (G1 Evacuation Pause)
[0.259s][info][gc,task     ] GC(0) Using 11 workers of 13 for evacuation
[0.261s][info][gc,phases   ] GC(0)   Pre Evacuate Collection Set: 0.0ms
[0.261s][info][gc,phases   ] GC(0)   Merge Heap Roots: 0.1ms
[0.261s][info][gc,phases   ] GC(0)   Evacuate Collection Set: 2.2ms
[0.261s][info][gc,phases   ] GC(0)   Post Evacuate Collection Set: 0.2ms
[0.261s][info][gc,phases   ] GC(0)   Other: 0.4ms
[0.261s][info][gc,heap     ] GC(0) Eden regions: 6->0(5)
[0.261s][info][gc,heap     ] GC(0) Survivor regions: 0->1(1)
[0.261s][info][gc,heap     ] GC(0) Old regions: 0->2
[0.261s][info][gc,heap     ] GC(0) Archive regions: 0->0
[0.261s][info][gc,heap     ] GC(0) Humongous regions: 0->0
[0.261s][info][gc,metaspace] GC(0) Metaspace: 4456K(4608K)->4456K(4608K) NonClass: 3907K(3968K)->3907K(3968K) Class: 548K(640K)->548K(640K)
[0.261s][info][gc          ] GC(0) Pause Young (Normal) (G1 Evacuation Pause) 24M->11M(492M) 3.073ms
[0.261s][info][gc,cpu      ] GC(0) User=0.00s Sys=0.00s Real=0.00s
[0.374s][info][gc,start    ] GC(1) Pause Young (Normal) (G1 Evacuation Pause)
[0.374s][info][gc,task     ] GC(1) Using 11 workers of 13 for evacuation
[0.376s][info][gc,phases   ] GC(1)   Pre Evacuate Collection Set: 0.0ms
[0.376s][info][gc,phases   ] GC(1)   Merge Heap Roots: 0.0ms
[0.376s][info][gc,phases   ] GC(1)   Evacuate Collection Set: 1.7ms
[0.376s][info][gc,phases   ] GC(1)   Post Evacuate Collection Set: 0.3ms
[0.376s][info][gc,phases   ] GC(1)   Other: 0.1ms
[0.376s][info][gc,heap     ] GC(1) Eden regions: 5->0(11)
[0.376s][info][gc,heap     ] GC(1) Survivor regions: 1->1(1)
[0.376s][info][gc,heap     ] GC(1) Old regions: 2->3
[0.376s][info][gc,heap     ] GC(1) Archive regions: 0->0
[0.376s][info][gc,heap     ] GC(1) Humongous regions: 0->0
[0.376s][info][gc,metaspace] GC(1) Metaspace: 7090K(7360K)->7090K(7360K) NonClass: 6185K(6336K)->6185K(6336K) Class: 904K(1024K)->904K(1024K)
[0.376s][info][gc          ] GC(1) Pause Young (Normal) (G1 Evacuation Pause) 31M->13M(492M) 2.288ms
[0.376s][info][gc,cpu      ] GC(1) User=0.00s Sys=0.00s Real=0.00s
[0.697s][info][gc,start    ] GC(2) Pause Young (Normal) (G1 Evacuation Pause)
[0.697s][info][gc,task     ] GC(2) Using 11 workers of 13 for evacuation
[0.699s][info][gc,phases   ] GC(2)   Pre Evacuate Collection Set: 0.1ms
[0.699s][info][gc,phases   ] GC(2)   Merge Heap Roots: 0.0ms
[0.699s][info][gc,phases   ] GC(2)   Evacuate Collection Set: 1.7ms
[0.699s][info][gc,phases   ] GC(2)   Post Evacuate Collection Set: 0.3ms
[0.699s][info][gc,phases   ] GC(2)   Other: 0.1ms
[0.699s][info][gc,heap     ] GC(2) Eden regions: 11->0(71)
[0.699s][info][gc,heap     ] GC(2) Survivor regions: 1->2(2)
[0.699s][info][gc,heap     ] GC(2) Old regions: 3->3
[0.699s][info][gc,heap     ] GC(2) Archive regions: 0->0
[0.699s][info][gc,heap     ] GC(2) Humongous regions: 0->0
[0.699s][info][gc,metaspace] GC(2) Metaspace: 16455K(16768K)->16455K(16768K) NonClass: 14077K(14272K)->14077K(14272K) Class: 2378K(2496K)->2378K(2496K)
[0.699s][info][gc          ] GC(2) Pause Young (Normal) (G1 Evacuation Pause) 57M->16M(492M) 2.314ms
[0.699s][info][gc,cpu      ] GC(2) User=0.00s Sys=0.00s Real=0.00s
[0.796s][info][gc,start    ] GC(3) Pause Young (Concurrent Start) (Metadata GC Threshold)
[0.796s][info][gc,task     ] GC(3) Using 11 workers of 13 for evacuation
[0.798s][info][gc,phases   ] GC(3)   Pre Evacuate Collection Set: 0.0ms
[0.798s][info][gc,phases   ] GC(3)   Merge Heap Roots: 0.0ms
[0.798s][info][gc,phases   ] GC(3)   Evacuate Collection Set: 1.6ms
[0.798s][info][gc,phases   ] GC(3)   Post Evacuate Collection Set: 0.3ms
[0.798s][info][gc,phases   ] GC(3)   Other: 0.1ms
[0.798s][info][gc,heap     ] GC(3) Eden regions: 9->0(71)
[0.798s][info][gc,heap     ] GC(3) Survivor regions: 2->2(10)
[0.798s][info][gc,heap     ] GC(3) Old regions: 3->3
[0.798s][info][gc,heap     ] GC(3) Archive regions: 0->0
[0.798s][info][gc,heap     ] GC(3) Humongous regions: 0->0
[0.798s][info][gc,metaspace] GC(3) Metaspace: 21227K(21504K)->21227K(21504K) NonClass: 18222K(18368K)->18222K(18368K) Class: 3004K(3136K)->3004K(3136K)
[0.798s][info][gc          ] GC(3) Pause Young (Concurrent Start) (Metadata GC Threshold) 49M->18M(492M) 2.142ms
[0.798s][info][gc,cpu      ] GC(3) User=0.00s Sys=0.00s Real=0.00s
[0.798s][info][gc          ] GC(4) Concurrent Mark Cycle
[0.798s][info][gc,marking  ] GC(4) Concurrent Clear Claimed Marks
[0.798s][info][gc,marking  ] GC(4) Concurrent Clear Claimed Marks 0.020ms
[0.798s][info][gc,marking  ] GC(4) Concurrent Scan Root Regions
[0.800s][info][gc,marking  ] GC(4) Concurrent Scan Root Regions 1.796ms
[0.800s][info][gc,marking  ] GC(4) Concurrent Mark
[0.800s][info][gc,marking  ] GC(4) Concurrent Mark From Roots
[0.800s][info][gc,task     ] GC(4) Using 3 workers of 3 for marking
[0.802s][info][gc,marking  ] GC(4) Concurrent Mark From Roots 1.498ms
[0.802s][info][gc,marking  ] GC(4) Concurrent Preclean
[0.802s][info][gc,marking  ] GC(4) Concurrent Preclean 0.075ms
[0.802s][info][gc,start    ] GC(4) Pause Remark
[0.803s][info][gc          ] GC(4) Pause Remark 21M->21M(80M) 0.761ms
[0.803s][info][gc,cpu      ] GC(4) User=0.00s Sys=0.00s Real=0.00s
[0.803s][info][gc,marking  ] GC(4) Concurrent Mark 2.449ms
[0.803s][info][gc,marking  ] GC(4) Concurrent Rebuild Remembered Sets
[0.803s][info][gc,marking  ] GC(4) Concurrent Rebuild Remembered Sets 0.006ms
[0.803s][info][gc,start    ] GC(4) Pause Cleanup
[0.803s][info][gc          ] GC(4) Pause Cleanup 21M->21M(80M) 0.018ms
[0.803s][info][gc,cpu      ] GC(4) User=0.00s Sys=0.00s Real=0.00s
[0.803s][info][gc,marking  ] GC(4) Concurrent Cleanup for Next Mark
[0.803s][info][gc,marking  ] GC(4) Concurrent Cleanup for Next Mark 0.233ms
[0.803s][info][gc          ] GC(4) Concurrent Mark Cycle 5.012ms
[0.888s][info][gc,start    ] GC(5) Pause Young (Normal) (GCLocker Initiated GC)
[0.888s][info][gc,task     ] GC(5) Using 10 workers of 13 for evacuation
[0.891s][info][gc,phases   ] GC(5)   Pre Evacuate Collection Set: 0.0ms
[0.891s][info][gc,phases   ] GC(5)   Merge Heap Roots: 0.0ms
[0.891s][info][gc,phases   ] GC(5)   Evacuate Collection Set: 2.5ms
[0.891s][info][gc,phases   ] GC(5)   Post Evacuate Collection Set: 0.2ms
[0.891s][info][gc,phases   ] GC(5)   Other: 0.1ms
[0.891s][info][gc,heap     ] GC(5) Eden regions: 10->0(7)
[0.891s][info][gc,heap     ] GC(5) Survivor regions: 2->3(10)
[0.891s][info][gc,heap     ] GC(5) Old regions: 3->3
[0.891s][info][gc,heap     ] GC(5) Archive regions: 0->0
[0.891s][info][gc,heap     ] GC(5) Humongous regions: 0->0
[0.891s][info][gc,metaspace] GC(5) Metaspace: 24239K(24576K)->24239K(24576K) NonClass: 20805K(20992K)->20805K(20992K) Class: 3434K(3584K)->3434K(3584K)
[0.891s][info][gc          ] GC(5) Pause Young (Normal) (GCLocker Initiated GC) 58M->22M(80M) 2.940ms
[0.891s][info][gc,cpu      ] GC(5) User=0.00s Sys=0.00s Real=0.00s
[1.042s][info][gc,start    ] GC(6) Pause Young (Normal) (G1 Evacuation Pause)
[1.042s][info][gc,task     ] GC(6) Using 8 workers of 13 for evacuation
[1.044s][info][gc,phases   ] GC(6)   Pre Evacuate Collection Set: 0.0ms
[1.045s][info][gc,phases   ] GC(6)   Merge Heap Roots: 0.0ms
[1.045s][info][gc,phases   ] GC(6)   Evacuate Collection Set: 2.5ms
[1.045s][info][gc,phases   ] GC(6)   Post Evacuate Collection Set: 0.2ms
[1.045s][info][gc,phases   ] GC(6)   Other: 0.1ms
[1.045s][info][gc,heap     ] GC(6) Eden regions: 7->0(7)
[1.045s][info][gc,heap     ] GC(6) Survivor regions: 3->2(2)
[1.045s][info][gc,heap     ] GC(6) Old regions: 3->5
[1.045s][info][gc,heap     ] GC(6) Archive regions: 0->0
[1.045s][info][gc,heap     ] GC(6) Humongous regions: 0->0
[1.045s][info][gc,metaspace] GC(6) Metaspace: 27827K(28160K)->27827K(28160K) NonClass: 23962K(24128K)->23962K(24128K) Class: 3864K(4032K)->3864K(4032K)
[1.045s][info][gc          ] GC(6) Pause Young (Normal) (G1 Evacuation Pause) 50M->24M(80M) 2.948ms
[1.045s][info][gc,cpu      ] GC(6) User=0.00s Sys=0.00s Real=0.00s
[1.180s][info][gc,start    ] GC(7) Pause Young (Normal) (G1 Evacuation Pause)
[1.180s][info][gc,task     ] GC(7) Using 7 workers of 13 for evacuation
[1.182s][info][gc,phases   ] GC(7)   Pre Evacuate Collection Set: 0.0ms
[1.182s][info][gc,phases   ] GC(7)   Merge Heap Roots: 0.0ms
[1.182s][info][gc,phases   ] GC(7)   Evacuate Collection Set: 1.7ms
[1.182s][info][gc,phases   ] GC(7)   Post Evacuate Collection Set: 0.5ms
[1.182s][info][gc,phases   ] GC(7)   Other: 0.1ms
[1.182s][info][gc,heap     ] GC(7) Eden regions: 7->0(41)
[1.182s][info][gc,heap     ] GC(7) Survivor regions: 2->2(2)
[1.182s][info][gc,heap     ] GC(7) Old regions: 5->6
[1.182s][info][gc,heap     ] GC(7) Archive regions: 0->0
[1.182s][info][gc,heap     ] GC(7) Humongous regions: 0->0
[1.182s][info][gc,metaspace] GC(7) Metaspace: 29596K(30016K)->29596K(30016K) NonClass: 25487K(25728K)->25487K(25728K) Class: 4109K(4288K)->4109K(4288K)
[1.182s][info][gc          ] GC(7) Pause Young (Normal) (G1 Evacuation Pause) 52M->25M(288M) 2.395ms
[1.182s][info][gc,cpu      ] GC(7) User=0.00s Sys=0.00s Real=0.00s
[1.556s][info][gc,start    ] GC(8) Pause Young (Concurrent Start) (Metadata GC Threshold)
[1.556s][info][gc,task     ] GC(8) Using 6 workers of 13 for evacuation
[1.559s][info][gc,phases   ] GC(8)   Pre Evacuate Collection Set: 0.1ms
[1.559s][info][gc,phases   ] GC(8)   Merge Heap Roots: 0.0ms
[1.559s][info][gc,phases   ] GC(8)   Evacuate Collection Set: 2.7ms
[1.559s][info][gc,phases   ] GC(8)   Post Evacuate Collection Set: 0.2ms
[1.559s][info][gc,phases   ] GC(8)   Other: 0.1ms
[1.559s][info][gc,heap     ] GC(8) Eden regions: 16->0(41)
[1.559s][info][gc,heap     ] GC(8) Survivor regions: 2->2(6)
[1.559s][info][gc,heap     ] GC(8) Old regions: 6->6
[1.559s][info][gc,heap     ] GC(8) Archive regions: 0->0
[1.559s][info][gc,heap     ] GC(8) Humongous regions: 0->0
[1.559s][info][gc,metaspace] GC(8) Metaspace: 35639K(36096K)->35639K(36096K) NonClass: 30676K(30912K)->30676K(30912K) Class: 4962K(5184K)->4962K(5184K)
[1.559s][info][gc          ] GC(8) Pause Young (Concurrent Start) (Metadata GC Threshold) 89M->29M(288M) 3.173ms
[1.559s][info][gc,cpu      ] GC(8) User=0.00s Sys=0.00s Real=0.00s
[1.559s][info][gc          ] GC(9) Concurrent Mark Cycle
[1.559s][info][gc,marking  ] GC(9) Concurrent Clear Claimed Marks
[1.559s][info][gc,marking  ] GC(9) Concurrent Clear Claimed Marks 0.026ms
[1.559s][info][gc,marking  ] GC(9) Concurrent Scan Root Regions
[1.561s][info][gc,marking  ] GC(9) Concurrent Scan Root Regions 1.873ms
[1.561s][info][gc,marking  ] GC(9) Concurrent Mark
[1.561s][info][gc,marking  ] GC(9) Concurrent Mark From Roots
[1.561s][info][gc,task     ] GC(9) Using 3 workers of 3 for marking
[1.565s][info][gc,marking  ] GC(9) Concurrent Mark From Roots 4.208ms
[1.565s][info][gc,marking  ] GC(9) Concurrent Preclean
[1.565s][info][gc,marking  ] GC(9) Concurrent Preclean 0.089ms
[1.565s][info][gc,start    ] GC(9) Pause Remark
[1.566s][info][gc          ] GC(9) Pause Remark 31M->31M(120M) 1.042ms
[1.566s][info][gc,cpu      ] GC(9) User=0.00s Sys=0.00s Real=0.00s
[1.566s][info][gc,marking  ] GC(9) Concurrent Mark 5.465ms
[1.566s][info][gc,marking  ] GC(9) Concurrent Rebuild Remembered Sets
[1.568s][info][gc,marking  ] GC(9) Concurrent Rebuild Remembered Sets 1.852ms
[1.568s][info][gc,start    ] GC(9) Pause Cleanup
[1.568s][info][gc          ] GC(9) Pause Cleanup 31M->31M(120M) 0.032ms
[1.568s][info][gc,cpu      ] GC(9) User=0.00s Sys=0.00s Real=0.00s
[1.568s][info][gc,marking  ] GC(9) Concurrent Cleanup for Next Mark
[1.569s][info][gc,marking  ] GC(9) Concurrent Cleanup for Next Mark 0.344ms
[1.569s][info][gc          ] GC(9) Concurrent Mark Cycle 9.784ms
[1.947s][info][gc,start    ] GC(10) Pause Young (Prepare Mixed) (G1 Evacuation Pause)
[1.947s][info][gc,task     ] GC(10) Using 6 workers of 13 for evacuation
[1.950s][info][gc,phases   ] GC(10)   Pre Evacuate Collection Set: 0.0ms
[1.950s][info][gc,phases   ] GC(10)   Merge Heap Roots: 0.0ms
[1.950s][info][gc,phases   ] GC(10)   Evacuate Collection Set: 2.9ms
[1.950s][info][gc,phases   ] GC(10)   Post Evacuate Collection Set: 0.3ms
[1.950s][info][gc,phases   ] GC(10)   Other: 0.1ms
[1.950s][info][gc,heap     ] GC(10) Eden regions: 16->0(1)
[1.950s][info][gc,heap     ] GC(10) Survivor regions: 2->3(3)
[1.950s][info][gc,heap     ] GC(10) Old regions: 6->7
[1.950s][info][gc,heap     ] GC(10) Archive regions: 0->0
[1.950s][info][gc,heap     ] GC(10) Humongous regions: 0->0
[1.950s][info][gc,metaspace] GC(10) Metaspace: 43977K(44416K)->43977K(44416K) NonClass: 37695K(37952K)->37695K(37952K) Class: 6281K(6464K)->6281K(6464K)
[1.950s][info][gc          ] GC(10) Pause Young (Prepare Mixed) (G1 Evacuation Pause) 93M->33M(120M) 3.413ms
[1.950s][info][gc,cpu      ] GC(10) User=0.00s Sys=0.00s Real=0.00s
[1.956s][info][gc,start    ] GC(11) Pause Young (Mixed) (G1 Evacuation Pause)
[1.956s][info][gc,task     ] GC(11) Using 6 workers of 13 for evacuation
[1.959s][info][gc,phases   ] GC(11)   Pre Evacuate Collection Set: 0.0ms
[1.959s][info][gc,phases   ] GC(11)   Merge Heap Roots: 0.0ms
[1.959s][info][gc,phases   ] GC(11)   Evacuate Collection Set: 2.2ms
[1.959s][info][gc,phases   ] GC(11)   Post Evacuate Collection Set: 0.1ms
[1.959s][info][gc,phases   ] GC(11)   Other: 0.1ms
[1.959s][info][gc,heap     ] GC(11) Eden regions: 1->0(13)
[1.959s][info][gc,heap     ] GC(11) Survivor regions: 3->1(1)
[1.959s][info][gc,heap     ] GC(11) Old regions: 7->9
[1.959s][info][gc,heap     ] GC(11) Archive regions: 0->0
[1.959s][info][gc,heap     ] GC(11) Humongous regions: 0->0
[1.959s][info][gc,metaspace] GC(11) Metaspace: 43977K(44416K)->43977K(44416K) NonClass: 37695K(37952K)->37695K(37952K) Class: 6281K(6464K)->6281K(6464K)
[1.959s][info][gc          ] GC(11) Pause Young (Mixed) (G1 Evacuation Pause) 37M->34M(120M) 2.581ms
[1.959s][info][gc,cpu      ] GC(11) User=0.02s Sys=0.08s Real=0.00s
[2.175s][info][gc,start    ] GC(12) Pause Young (Normal) (G1 Evacuation Pause)
[2.175s][info][gc,task     ] GC(12) Using 12 workers of 13 for evacuation
[2.176s][info][gc,phases   ] GC(12)   Pre Evacuate Collection Set: 0.0ms
[2.176s][info][gc,phases   ] GC(12)   Merge Heap Roots: 0.0ms
[2.176s][info][gc,phases   ] GC(12)   Evacuate Collection Set: 1.3ms
[2.176s][info][gc,phases   ] GC(12)   Post Evacuate Collection Set: 0.2ms
[2.176s][info][gc,phases   ] GC(12)   Other: 0.1ms
[2.176s][info][gc,heap     ] GC(12) Eden regions: 13->0(12)
[2.176s][info][gc,heap     ] GC(12) Survivor regions: 1->2(2)
[2.176s][info][gc,heap     ] GC(12) Old regions: 9->9
[2.176s][info][gc,heap     ] GC(12) Archive regions: 0->0
[2.176s][info][gc,heap     ] GC(12) Humongous regions: 0->0
[2.176s][info][gc,metaspace] GC(12) Metaspace: 46980K(47488K)->46980K(47488K) NonClass: 40307K(40576K)->40307K(40576K) Class: 6673K(6912K)->6673K(6912K)
[2.176s][info][gc          ] GC(12) Pause Young (Normal) (G1 Evacuation Pause) 86M->37M(120M) 1.729ms
[2.176s][info][gc,cpu      ] GC(12) User=0.00s Sys=0.00s Real=0.00s
[2.349s][info][gc,start    ] GC(13) Pause Young (Normal) (G1 Evacuation Pause)
[2.349s][info][gc,task     ] GC(13) Using 12 workers of 13 for evacuation
[2.351s][info][gc,phases   ] GC(13)   Pre Evacuate Collection Set: 0.0ms
[2.351s][info][gc,phases   ] GC(13)   Merge Heap Roots: 0.0ms
[2.351s][info][gc,phases   ] GC(13)   Evacuate Collection Set: 1.2ms
[2.351s][info][gc,phases   ] GC(13)   Post Evacuate Collection Set: 0.2ms
[2.351s][info][gc,phases   ] GC(13)   Other: 0.1ms
[2.351s][info][gc,heap     ] GC(13) Eden regions: 12->0(12)
[2.351s][info][gc,heap     ] GC(13) Survivor regions: 2->1(2)
[2.351s][info][gc,heap     ] GC(13) Old regions: 9->10
[2.351s][info][gc,heap     ] GC(13) Archive regions: 0->0
[2.351s][info][gc,heap     ] GC(13) Humongous regions: 0->0
[2.351s][info][gc,metaspace] GC(13) Metaspace: 50775K(51264K)->50775K(51264K) NonClass: 43551K(43840K)->43551K(43840K) Class: 7224K(7424K)->7224K(7424K)
[2.351s][info][gc          ] GC(13) Pause Young (Normal) (G1 Evacuation Pause) 85M->40M(120M) 1.659ms
[2.351s][info][gc,cpu      ] GC(13) User=0.00s Sys=0.00s Real=0.00s
[2.420s][info][gc,start    ] GC(14) Pause Young (Normal) (G1 Evacuation Pause)
[2.420s][info][gc,task     ] GC(14) Using 12 workers of 13 for evacuation
[2.421s][info][gc,phases   ] GC(14)   Pre Evacuate Collection Set: 0.0ms
[2.421s][info][gc,phases   ] GC(14)   Merge Heap Roots: 0.0ms
[2.421s][info][gc,phases   ] GC(14)   Evacuate Collection Set: 0.7ms
[2.421s][info][gc,phases   ] GC(14)   Post Evacuate Collection Set: 0.2ms
[2.421s][info][gc,phases   ] GC(14)   Other: 0.1ms
[2.421s][info][gc,heap     ] GC(14) Eden regions: 12->0(13)
[2.421s][info][gc,heap     ] GC(14) Survivor regions: 1->1(2)
[2.421s][info][gc,heap     ] GC(14) Old regions: 10->10
[2.421s][info][gc,heap     ] GC(14) Archive regions: 0->0
[2.421s][info][gc,heap     ] GC(14) Humongous regions: 0->0
[2.421s][info][gc,metaspace] GC(14) Metaspace: 51236K(51712K)->51236K(51712K) NonClass: 43956K(44224K)->43956K(44224K) Class: 7280K(7488K)->7280K(7488K)
[2.421s][info][gc          ] GC(14) Pause Young (Normal) (G1 Evacuation Pause) 88M->41M(120M) 1.157ms
[2.421s][info][gc,cpu      ] GC(14) User=0.00s Sys=0.00s Real=0.00s
[2.468s][info][gc,start    ] GC(15) Pause Young (Normal) (G1 Evacuation Pause)
[2.468s][info][gc,task     ] GC(15) Using 12 workers of 13 for evacuation
[2.469s][info][gc,phases   ] GC(15)   Pre Evacuate Collection Set: 0.0ms
[2.469s][info][gc,phases   ] GC(15)   Merge Heap Roots: 0.0ms
[2.469s][info][gc,phases   ] GC(15)   Evacuate Collection Set: 0.9ms
[2.469s][info][gc,phases   ] GC(15)   Post Evacuate Collection Set: 0.2ms
[2.469s][info][gc,phases   ] GC(15)   Other: 0.1ms
[2.469s][info][gc,heap     ] GC(15) Eden regions: 13->0(12)
[2.469s][info][gc,heap     ] GC(15) Survivor regions: 1->2(2)
[2.469s][info][gc,heap     ] GC(15) Old regions: 10->10
[2.469s][info][gc,heap     ] GC(15) Archive regions: 0->0
[2.469s][info][gc,heap     ] GC(15) Humongous regions: 0->0
[2.469s][info][gc,metaspace] GC(15) Metaspace: 51252K(51776K)->51252K(51776K) NonClass: 43970K(44224K)->43970K(44224K) Class: 7282K(7552K)->7282K(7552K)
[2.469s][info][gc          ] GC(15) Pause Young (Normal) (G1 Evacuation Pause) 93M->42M(120M) 1.391ms
[2.469s][info][gc,cpu      ] GC(15) User=0.00s Sys=0.00s Real=0.00s
[2.622s][info][gc,start    ] GC(16) Pause Young (Normal) (G1 Evacuation Pause)
[2.622s][info][gc,task     ] GC(16) Using 12 workers of 13 for evacuation
[2.624s][info][gc,phases   ] GC(16)   Pre Evacuate Collection Set: 0.0ms
[2.624s][info][gc,phases   ] GC(16)   Merge Heap Roots: 0.0ms
[2.624s][info][gc,phases   ] GC(16)   Evacuate Collection Set: 1.5ms
[2.624s][info][gc,phases   ] GC(16)   Post Evacuate Collection Set: 0.5ms
[2.624s][info][gc,phases   ] GC(16)   Other: 0.1ms
[2.624s][info][gc,heap     ] GC(16) Eden regions: 12->0(44)
[2.624s][info][gc,heap     ] GC(16) Survivor regions: 2->2(2)
[2.624s][info][gc,heap     ] GC(16) Old regions: 10->10
[2.624s][info][gc,heap     ] GC(16) Archive regions: 0->0
[2.624s][info][gc,heap     ] GC(16) Humongous regions: 0->0
[2.624s][info][gc,metaspace] GC(16) Metaspace: 54910K(55424K)->54910K(55424K) NonClass: 47329K(47616K)->47329K(47616K) Class: 7581K(7808K)->7581K(7808K)
[2.624s][info][gc          ] GC(16) Pause Young (Normal) (G1 Evacuation Pause) 90M->44M(308M) 2.276ms
[2.624s][info][gc,cpu      ] GC(16) User=0.00s Sys=0.00s Real=0.00s
[2.819s][info][gc,start    ] GC(17) Pause Young (Concurrent Start) (Metadata GC Threshold)
[2.819s][info][gc,task     ] GC(17) Using 13 workers of 13 for evacuation
[2.821s][info][gc,phases   ] GC(17)   Pre Evacuate Collection Set: 0.1ms
[2.821s][info][gc,phases   ] GC(17)   Merge Heap Roots: 0.0ms
[2.821s][info][gc,phases   ] GC(17)   Evacuate Collection Set: 1.5ms
[2.821s][info][gc,phases   ] GC(17)   Post Evacuate Collection Set: 0.2ms
[2.821s][info][gc,phases   ] GC(17)   Other: 0.1ms
[2.821s][info][gc,heap     ] GC(17) Eden regions: 7->0(44)
[2.821s][info][gc,heap     ] GC(17) Survivor regions: 2->2(6)
[2.821s][info][gc,heap     ] GC(17) Old regions: 10->10
[2.821s][info][gc,heap     ] GC(17) Archive regions: 0->0
[2.821s][info][gc,heap     ] GC(17) Humongous regions: 0->0
[2.821s][info][gc,metaspace] GC(17) Metaspace: 60007K(60480K)->60007K(60480K) NonClass: 51851K(52096K)->51851K(52096K) Class: 8156K(8384K)->8156K(8384K)
[2.821s][info][gc          ] GC(17) Pause Young (Concurrent Start) (Metadata GC Threshold) 70M->46M(308M) 2.020ms
[2.821s][info][gc,cpu      ] GC(17) User=0.00s Sys=0.00s Real=0.00s
[2.821s][info][gc          ] GC(18) Concurrent Mark Cycle
[2.821s][info][gc,marking  ] GC(18) Concurrent Clear Claimed Marks
[2.821s][info][gc,marking  ] GC(18) Concurrent Clear Claimed Marks 0.024ms
[2.821s][info][gc,marking  ] GC(18) Concurrent Scan Root Regions
[2.823s][info][gc,marking  ] GC(18) Concurrent Scan Root Regions 1.734ms
[2.823s][info][gc,marking  ] GC(18) Concurrent Mark
[2.823s][info][gc,marking  ] GC(18) Concurrent Mark From Roots
[2.823s][info][gc,task     ] GC(18) Using 3 workers of 3 for marking
[2.833s][info][gc,marking  ] GC(18) Concurrent Mark From Roots 9.987ms
[2.833s][info][gc,marking  ] GC(18) Concurrent Preclean
[2.833s][info][gc,marking  ] GC(18) Concurrent Preclean 0.136ms
[2.833s][info][gc,start    ] GC(18) Pause Remark
[2.835s][info][gc          ] GC(18) Pause Remark 48M->48M(176M) 1.649ms
[2.835s][info][gc,cpu      ] GC(18) User=0.00s Sys=0.00s Real=0.00s
[2.835s][info][gc,marking  ] GC(18) Concurrent Mark 11.910ms
[2.835s][info][gc,marking  ] GC(18) Concurrent Rebuild Remembered Sets
[2.835s][info][gc,marking  ] GC(18) Concurrent Rebuild Remembered Sets 0.009ms
[2.835s][info][gc,start    ] GC(18) Pause Cleanup
[2.835s][info][gc          ] GC(18) Pause Cleanup 48M->48M(176M) 0.008ms
[2.835s][info][gc,cpu      ] GC(18) User=0.00s Sys=0.00s Real=0.00s
[2.835s][info][gc,marking  ] GC(18) Concurrent Cleanup for Next Mark
[2.835s][info][gc,marking  ] GC(18) Concurrent Cleanup for Next Mark 0.298ms
[2.835s][info][gc          ] GC(18) Concurrent Mark Cycle 14.104ms
[3.184s][info][gc,start    ] GC(19) Pause Young (Normal) (G1 Preventive Collection)
[3.184s][info][gc,task     ] GC(19) Using 13 workers of 13 for evacuation
[3.187s][info][gc,phases   ] GC(19)   Pre Evacuate Collection Set: 0.0ms
[3.187s][info][gc,phases   ] GC(19)   Merge Heap Roots: 0.0ms
[3.187s][info][gc,phases   ] GC(19)   Evacuate Collection Set: 2.2ms
[3.187s][info][gc,phases   ] GC(19)   Post Evacuate Collection Set: 0.3ms
[3.187s][info][gc,phases   ] GC(19)   Other: 0.1ms
[3.187s][info][gc,heap     ] GC(19) Eden regions: 27->0(20)
[3.187s][info][gc,heap     ] GC(19) Survivor regions: 2->4(6)
[3.187s][info][gc,heap     ] GC(19) Old regions: 10->10
[3.187s][info][gc,heap     ] GC(19) Archive regions: 0->0
[3.187s][info][gc,heap     ] GC(19) Humongous regions: 0->0
[3.187s][info][gc,metaspace] GC(19) Metaspace: 64715K(65344K)->64715K(65344K) NonClass: 55981K(56320K)->55981K(56320K) Class: 8733K(9024K)->8733K(9024K)
[3.187s][info][gc          ] GC(19) Pause Young (Normal) (G1 Preventive Collection) 154M->53M(176M) 2.766ms
[3.187s][info][gc,cpu      ] GC(19) User=0.00s Sys=0.00s Real=0.00s
[3.416s][info][gc,start    ] GC(20) Pause Young (Normal) (G1 Evacuation Pause)
[3.416s][info][gc,task     ] GC(20) Using 13 workers of 13 for evacuation
[3.419s][info][gc,phases   ] GC(20)   Pre Evacuate Collection Set: 0.0ms
[3.419s][info][gc,phases   ] GC(20)   Merge Heap Roots: 0.0ms
[3.419s][info][gc,phases   ] GC(20)   Evacuate Collection Set: 2.8ms
[3.419s][info][gc,phases   ] GC(20)   Post Evacuate Collection Set: 0.2ms
[3.419s][info][gc,phases   ] GC(20)   Other: 0.1ms
[3.419s][info][gc,heap     ] GC(20) Eden regions: 20->0(19)
[3.419s][info][gc,heap     ] GC(20) Survivor regions: 4->2(3)
[3.419s][info][gc,heap     ] GC(20) Old regions: 10->14
[3.419s][info][gc,heap     ] GC(20) Archive regions: 0->0
[3.419s][info][gc,heap     ] GC(20) Humongous regions: 0->0
[3.419s][info][gc,metaspace] GC(20) Metaspace: 66763K(67392K)->66763K(67392K) NonClass: 57917K(58240K)->57917K(58240K) Class: 8845K(9152K)->8845K(9152K)
[3.419s][info][gc          ] GC(20) Pause Young (Normal) (G1 Evacuation Pause) 133M->58M(176M) 3.285ms
[3.419s][info][gc,cpu      ] GC(20) User=0.00s Sys=0.00s Real=0.00s
[3.636s][info][gc,start    ] GC(21) Pause Young (Normal) (G1 Evacuation Pause)
[3.636s][info][gc,task     ] GC(21) Using 13 workers of 13 for evacuation
[3.638s][info][gc,phases   ] GC(21)   Pre Evacuate Collection Set: 0.1ms
[3.638s][info][gc,phases   ] GC(21)   Merge Heap Roots: 0.0ms
[3.638s][info][gc,phases   ] GC(21)   Evacuate Collection Set: 1.6ms
[3.638s][info][gc,phases   ] GC(21)   Post Evacuate Collection Set: 0.2ms
[3.638s][info][gc,phases   ] GC(21)   Other: 0.1ms
[3.638s][info][gc,heap     ] GC(21) Eden regions: 19->0(18)
[3.638s][info][gc,heap     ] GC(21) Survivor regions: 2->3(3)
[3.638s][info][gc,heap     ] GC(21) Old regions: 14->14
[3.638s][info][gc,heap     ] GC(21) Archive regions: 0->0
[3.638s][info][gc,heap     ] GC(21) Humongous regions: 0->0
[3.638s][info][gc,metaspace] GC(21) Metaspace: 68596K(69184K)->68596K(69184K) NonClass: 59597K(59904K)->59597K(59904K) Class: 8999K(9280K)->8999K(9280K)
[3.638s][info][gc          ] GC(21) Pause Young (Normal) (G1 Evacuation Pause) 134M->62M(176M) 2.128ms
[3.638s][info][gc,cpu      ] GC(21) User=0.00s Sys=0.00s Real=0.00s
[3.934s][info][gc,start    ] GC(22) Pause Young (Normal) (G1 Evacuation Pause)
[3.934s][info][gc,task     ] GC(22) Using 13 workers of 13 for evacuation
[3.937s][info][gc,phases   ] GC(22)   Pre Evacuate Collection Set: 0.0ms
[3.937s][info][gc,phases   ] GC(22)   Merge Heap Roots: 0.0ms
[3.937s][info][gc,phases   ] GC(22)   Evacuate Collection Set: 2.4ms
[3.937s][info][gc,phases   ] GC(22)   Post Evacuate Collection Set: 0.3ms
[3.937s][info][gc,phases   ] GC(22)   Other: 0.1ms
[3.937s][info][gc,heap     ] GC(22) Eden regions: 18->0(17)
[3.937s][info][gc,heap     ] GC(22) Survivor regions: 3->3(3)
[3.937s][info][gc,heap     ] GC(22) Old regions: 14->15
[3.937s][info][gc,heap     ] GC(22) Archive regions: 0->0
[3.937s][info][gc,heap     ] GC(22) Humongous regions: 0->0
[3.937s][info][gc,metaspace] GC(22) Metaspace: 72024K(72640K)->72024K(72640K) NonClass: 62560K(62848K)->62560K(62848K) Class: 9463K(9792K)->9463K(9792K)
[3.937s][info][gc          ] GC(22) Pause Young (Normal) (G1 Evacuation Pause) 134M->67M(176M) 2.926ms
[3.937s][info][gc,cpu      ] GC(22) User=0.00s Sys=0.00s Real=0.00s
[4.230s][info][gc,start    ] GC(23) Pause Young (Normal) (G1 Evacuation Pause)
[4.230s][info][gc,task     ] GC(23) Using 13 workers of 13 for evacuation
[4.233s][info][gc,phases   ] GC(23)   Pre Evacuate Collection Set: 0.0ms
[4.233s][info][gc,phases   ] GC(23)   Merge Heap Roots: 0.1ms
[4.233s][info][gc,phases   ] GC(23)   Evacuate Collection Set: 2.8ms
[4.233s][info][gc,phases   ] GC(23)   Post Evacuate Collection Set: 0.3ms
[4.233s][info][gc,phases   ] GC(23)   Other: 0.1ms
[4.233s][info][gc,heap     ] GC(23) Eden regions: 17->0(16)
[4.233s][info][gc,heap     ] GC(23) Survivor regions: 3->3(3)
[4.233s][info][gc,heap     ] GC(23) Old regions: 15->16
[4.233s][info][gc,heap     ] GC(23) Archive regions: 0->0
[4.233s][info][gc,heap     ] GC(23) Humongous regions: 0->0
[4.233s][info][gc,metaspace] GC(23) Metaspace: 74962K(75584K)->74962K(75584K) NonClass: 65073K(65408K)->65073K(65408K) Class: 9888K(10176K)->9888K(10176K)
[4.233s][info][gc          ] GC(23) Pause Young (Normal) (G1 Evacuation Pause) 135M->71M(176M) 3.392ms
[4.233s][info][gc,cpu      ] GC(23) User=0.00s Sys=0.00s Real=0.00s
[4.955s][info][gc,start    ] GC(24) Pause Young (Normal) (G1 Evacuation Pause)
[4.955s][info][gc,task     ] GC(24) Using 13 workers of 13 for evacuation
[4.958s][info][gc,phases   ] GC(24)   Pre Evacuate Collection Set: 0.0ms
[4.958s][info][gc,phases   ] GC(24)   Merge Heap Roots: 0.1ms
[4.958s][info][gc,phases   ] GC(24)   Evacuate Collection Set: 2.8ms
[4.958s][info][gc,phases   ] GC(24)   Post Evacuate Collection Set: 0.3ms
[4.958s][info][gc,phases   ] GC(24)   Other: 0.1ms
[4.958s][info][gc,heap     ] GC(24) Eden regions: 16->0(16)
[4.958s][info][gc,heap     ] GC(24) Survivor regions: 3->3(3)
[4.958s][info][gc,heap     ] GC(24) Old regions: 16->17
[4.958s][info][gc,heap     ] GC(24) Archive regions: 0->0
[4.958s][info][gc,heap     ] GC(24) Humongous regions: 0->0
[4.958s][info][gc,metaspace] GC(24) Metaspace: 77404K(78080K)->77404K(78080K) NonClass: 67122K(67456K)->67122K(67456K) Class: 10281K(10624K)->10281K(10624K)
[4.958s][info][gc          ] GC(24) Pause Young (Normal) (G1 Evacuation Pause) 135M->75M(176M) 3.422ms
[4.958s][info][gc,cpu      ] GC(24) User=0.06s Sys=0.00s Real=0.00s
[17.207s][info][gc,start    ] GC(25) Pause Young (Concurrent Start) (G1 Humongous Allocation)
[17.207s][info][gc,task     ] GC(25) Using 13 workers of 13 for evacuation
[17.212s][info][gc,phases   ] GC(25)   Pre Evacuate Collection Set: 0.1ms
[17.212s][info][gc,phases   ] GC(25)   Merge Heap Roots: 0.1ms
[17.212s][info][gc,phases   ] GC(25)   Evacuate Collection Set: 3.5ms
[17.212s][info][gc,phases   ] GC(25)   Post Evacuate Collection Set: 0.4ms
[17.212s][info][gc,phases   ] GC(25)   Other: 0.2ms
[17.212s][info][gc,heap     ] GC(25) Eden regions: 15->0(14)
[17.212s][info][gc,heap     ] GC(25) Survivor regions: 3->2(3)
[17.212s][info][gc,heap     ] GC(25) Old regions: 17->18
[17.212s][info][gc,heap     ] GC(25) Archive regions: 0->0
[17.212s][info][gc,heap     ] GC(25) Humongous regions: 2->2
[17.212s][info][gc,metaspace] GC(25) Metaspace: 85488K(86272K)->85488K(86272K) NonClass: 74133K(74560K)->74133K(74560K) Class: 11354K(11712K)->11354K(11712K)
[17.212s][info][gc          ] GC(25) Pause Young (Concurrent Start) (G1 Humongous Allocation) 141M->86M(176M) 4.250ms
[17.212s][info][gc,cpu      ] GC(25) User=0.14s Sys=0.02s Real=0.00s
[17.212s][info][gc          ] GC(26) Concurrent Mark Cycle
[17.212s][info][gc,marking  ] GC(26) Concurrent Clear Claimed Marks
[17.212s][info][gc,marking  ] GC(26) Concurrent Clear Claimed Marks 0.130ms
[17.212s][info][gc,marking  ] GC(26) Concurrent Scan Root Regions
[17.218s][info][gc,marking  ] GC(26) Concurrent Scan Root Regions 5.797ms
[17.218s][info][gc,marking  ] GC(26) Concurrent Mark
[17.218s][info][gc,marking  ] GC(26) Concurrent Mark From Roots
[17.218s][info][gc,task     ] GC(26) Using 3 workers of 3 for marking
[17.249s][info][gc,marking  ] GC(26) Concurrent Mark From Roots 30.849ms
[17.249s][info][gc,marking  ] GC(26) Concurrent Preclean
[17.249s][info][gc,marking  ] GC(26) Concurrent Preclean 0.601ms
[17.250s][info][gc,start    ] GC(26) Pause Remark
[17.257s][info][gc          ] GC(26) Pause Remark 128M->128M(220M) 7.888ms
[17.257s][info][gc,cpu      ] GC(26) User=0.17s Sys=0.03s Real=0.01s
[17.258s][info][gc,marking  ] GC(26) Concurrent Mark 39.782ms
[17.258s][info][gc,marking  ] GC(26) Concurrent Rebuild Remembered Sets
[17.273s][info][gc,marking  ] GC(26) Concurrent Rebuild Remembered Sets 15.631ms
[17.273s][info][gc,start    ] GC(26) Pause Cleanup
[17.273s][info][gc          ] GC(26) Pause Cleanup 129M->129M(220M) 0.093ms
[17.273s][info][gc,cpu      ] GC(26) User=0.00s Sys=0.00s Real=0.00s
[17.274s][info][gc,marking  ] GC(26) Concurrent Cleanup for Next Mark
[17.274s][info][gc,marking  ] GC(26) Concurrent Cleanup for Next Mark 0.321ms
[17.274s][info][gc          ] GC(26) Concurrent Mark Cycle 62.158ms
[17.357s][info][gc,start    ] GC(27) Pause Young (Concurrent Start) (G1 Humongous Allocation)
[17.357s][info][gc,task     ] GC(27) Using 13 workers of 13 for evacuation
[17.361s][info][gc,phases   ] GC(27)   Pre Evacuate Collection Set: 0.1ms
[17.361s][info][gc,phases   ] GC(27)   Merge Heap Roots: 0.1ms
[17.361s][info][gc,phases   ] GC(27)   Evacuate Collection Set: 3.1ms
[17.361s][info][gc,phases   ] GC(27)   Post Evacuate Collection Set: 0.3ms
[17.361s][info][gc,phases   ] GC(27)   Other: 0.2ms
[17.361s][info][gc,heap     ] GC(27) Eden regions: 3->0(17)
[17.361s][info][gc,heap     ] GC(27) Survivor regions: 2->2(2)
[17.361s][info][gc,heap     ] GC(27) Old regions: 18->19
[17.361s][info][gc,heap     ] GC(27) Archive regions: 0->0
[17.361s][info][gc,heap     ] GC(27) Humongous regions: 12->6
[17.361s][info][gc,metaspace] GC(27) Metaspace: 86594K(87296K)->86594K(87296K) NonClass: 75111K(75456K)->75111K(75456K) Class: 11483K(11840K)->11483K(11840K)
[17.361s][info][gc          ] GC(27) Pause Young (Concurrent Start) (G1 Humongous Allocation) 138M->104M(220M) 3.875ms
[17.361s][info][gc,cpu      ] GC(27) User=0.00s Sys=0.00s Real=0.00s
[17.361s][info][gc          ] GC(28) Concurrent Mark Cycle
[17.361s][info][gc,marking  ] GC(28) Concurrent Clear Claimed Marks
[17.361s][info][gc,marking  ] GC(28) Concurrent Clear Claimed Marks 0.077ms
[17.361s][info][gc,marking  ] GC(28) Concurrent Scan Root Regions
[17.366s][info][gc,marking  ] GC(28) Concurrent Scan Root Regions 5.193ms
[17.366s][info][gc,marking  ] GC(28) Concurrent Mark
[17.366s][info][gc,marking  ] GC(28) Concurrent Mark From Roots
[17.366s][info][gc,task     ] GC(28) Using 3 workers of 3 for marking
[17.403s][info][gc,marking  ] GC(28) Concurrent Mark From Roots 36.735ms
[17.403s][info][gc,marking  ] GC(28) Concurrent Preclean
[17.403s][info][gc,marking  ] GC(28) Concurrent Preclean 0.305ms
[17.403s][info][gc,start    ] GC(28) Pause Remark
[17.406s][info][gc          ] GC(28) Pause Remark 160M->160M(276M) 2.558ms
[17.406s][info][gc,cpu      ] GC(28) User=0.00s Sys=0.00s Real=0.00s
[17.406s][info][gc,marking  ] GC(28) Concurrent Mark 39.864ms
[17.406s][info][gc,marking  ] GC(28) Concurrent Rebuild Remembered Sets
[17.423s][info][gc,marking  ] GC(28) Concurrent Rebuild Remembered Sets 17.135ms
[17.423s][info][gc,start    ] GC(28) Pause Cleanup
[17.423s][info][gc          ] GC(28) Pause Cleanup 173M->173M(276M) 0.070ms
[17.424s][info][gc,cpu      ] GC(28) User=0.00s Sys=0.00s Real=0.00s
[17.424s][info][gc,marking  ] GC(28) Concurrent Cleanup for Next Mark
[17.424s][info][gc,marking  ] GC(28) Concurrent Cleanup for Next Mark 0.371ms
[17.424s][info][gc          ] GC(28) Concurrent Mark Cycle 63.001ms
[17.427s][info][gc,start    ] GC(29) Pause Young (Concurrent Start) (G1 Humongous Allocation)
[17.427s][info][gc,task     ] GC(29) Using 13 workers of 13 for evacuation
[17.429s][info][gc,phases   ] GC(29)   Pre Evacuate Collection Set: 0.1ms
[17.429s][info][gc,phases   ] GC(29)   Merge Heap Roots: 0.1ms
[17.429s][info][gc,phases   ] GC(29)   Evacuate Collection Set: 1.3ms
[17.429s][info][gc,phases   ] GC(29)   Post Evacuate Collection Set: 0.2ms
[17.429s][info][gc,phases   ] GC(29)   Other: 0.1ms
[17.429s][info][gc,heap     ] GC(29) Eden regions: 3->0(22)
[17.429s][info][gc,heap     ] GC(29) Survivor regions: 2->2(3)
[17.429s][info][gc,heap     ] GC(29) Old regions: 19->19
[17.429s][info][gc,heap     ] GC(29) Archive regions: 0->0
[17.429s][info][gc,heap     ] GC(29) Humongous regions: 21->14
[17.429s][info][gc,metaspace] GC(29) Metaspace: 87389K(88064K)->87389K(88064K) NonClass: 75793K(76160K)->75793K(76160K) Class: 11595K(11904K)->11595K(11904K)
[17.429s][info][gc          ] GC(29) Pause Young (Concurrent Start) (G1 Humongous Allocation) 173M->135M(276M) 1.934ms
[17.429s][info][gc,cpu      ] GC(29) User=0.00s Sys=0.00s Real=0.00s
[17.429s][info][gc          ] GC(30) Concurrent Mark Cycle
[17.429s][info][gc,marking  ] GC(30) Concurrent Clear Claimed Marks
[17.430s][info][gc,marking  ] GC(30) Concurrent Clear Claimed Marks 0.108ms
[17.430s][info][gc,marking  ] GC(30) Concurrent Scan Root Regions
[17.435s][info][gc,marking  ] GC(30) Concurrent Scan Root Regions 5.319ms
[17.435s][info][gc,marking  ] GC(30) Concurrent Mark
[17.435s][info][gc,marking  ] GC(30) Concurrent Mark From Roots
[17.435s][info][gc,task     ] GC(30) Using 3 workers of 3 for marking
[17.473s][info][gc,marking  ] GC(30) Concurrent Mark From Roots 38.026ms
[17.473s][info][gc,marking  ] GC(30) Concurrent Preclean
[17.474s][info][gc,marking  ] GC(30) Concurrent Preclean 0.451ms
[17.474s][info][gc,start    ] GC(30) Pause Remark
[17.477s][info][gc          ] GC(30) Pause Remark 152M->152M(276M) 3.531ms
[17.477s][info][gc,cpu      ] GC(30) User=0.00s Sys=0.00s Real=0.00s
[17.477s][info][gc,marking  ] GC(30) Concurrent Mark 42.364ms
[17.477s][info][gc,marking  ] GC(30) Concurrent Rebuild Remembered Sets
[17.494s][info][gc,marking  ] GC(30) Concurrent Rebuild Remembered Sets 17.054ms
[17.495s][info][gc,start    ] GC(30) Pause Cleanup
[17.495s][info][gc          ] GC(30) Pause Cleanup 152M->152M(276M) 0.080ms
[17.495s][info][gc,cpu      ] GC(30) User=0.00s Sys=0.00s Real=0.00s
[17.495s][info][gc,marking  ] GC(30) Concurrent Cleanup for Next Mark
[17.495s][info][gc,marking  ] GC(30) Concurrent Cleanup for Next Mark 0.320ms
[17.495s][info][gc          ] GC(30) Concurrent Mark Cycle 65.553ms
[18.095s][info][gc,start    ] GC(31) Pause Young (Concurrent Start) (G1 Humongous Allocation)
[18.095s][info][gc,task     ] GC(31) Using 13 workers of 13 for evacuation
[18.097s][info][gc,phases   ] GC(31)   Pre Evacuate Collection Set: 0.2ms
[18.097s][info][gc,phases   ] GC(31)   Merge Heap Roots: 0.1ms
[18.097s][info][gc,phases   ] GC(31)   Evacuate Collection Set: 1.8ms
[18.097s][info][gc,phases   ] GC(31)   Post Evacuate Collection Set: 0.3ms
[18.097s][info][gc,phases   ] GC(31)   Other: 0.2ms
[18.097s][info][gc,heap     ] GC(31) Eden regions: 6->0(34)
[18.097s][info][gc,heap     ] GC(31) Survivor regions: 2->2(3)
[18.097s][info][gc,heap     ] GC(31) Old regions: 19->19
[18.097s][info][gc,heap     ] GC(31) Archive regions: 0->0
[18.097s][info][gc,heap     ] GC(31) Humongous regions: 17->0
[18.097s][info][gc,metaspace] GC(31) Metaspace: 89534K(90304K)->89534K(90304K) NonClass: 77743K(78144K)->77743K(78144K) Class: 11791K(12160K)->11791K(12160K)
[18.097s][info][gc          ] GC(31) Pause Young (Concurrent Start) (G1 Humongous Allocation) 167M->80M(276M) 2.614ms
[18.097s][info][gc,cpu      ] GC(31) User=0.00s Sys=0.00s Real=0.00s
[18.097s][info][gc          ] GC(32) Concurrent Undo Cycle
[18.097s][info][gc,marking  ] GC(32) Concurrent Cleanup for Next Mark
[18.097s][info][gc,marking  ] GC(32) Concurrent Cleanup for Next Mark 0.171ms
[18.098s][info][gc          ] GC(32) Concurrent Undo Cycle 0.255ms
[18.231s][info][gc,start    ] GC(33) Pause Young (Concurrent Start) (G1 Humongous Allocation)
[18.231s][info][gc,task     ] GC(33) Using 13 workers of 13 for evacuation
[18.233s][info][gc,phases   ] GC(33)   Pre Evacuate Collection Set: 0.1ms
[18.233s][info][gc,phases   ] GC(33)   Merge Heap Roots: 0.0ms
[18.233s][info][gc,phases   ] GC(33)   Evacuate Collection Set: 1.9ms
[18.233s][info][gc,phases   ] GC(33)   Post Evacuate Collection Set: 0.3ms
[18.233s][info][gc,phases   ] GC(33)   Other: 0.2ms
[18.233s][info][gc,heap     ] GC(33) Eden regions: 4->0(28)
[18.233s][info][gc,heap     ] GC(33) Survivor regions: 2->2(5)
[18.233s][info][gc,heap     ] GC(33) Old regions: 19->19
[18.233s][info][gc,heap     ] GC(33) Archive regions: 0->0
[18.233s][info][gc,heap     ] GC(33) Humongous regions: 12->8
[18.233s][info][gc,metaspace] GC(33) Metaspace: 89557K(90368K)->89557K(90368K) NonClass: 77760K(78208K)->77760K(78208K) Class: 11796K(12160K)->11796K(12160K)
[18.233s][info][gc          ] GC(33) Pause Young (Concurrent Start) (G1 Humongous Allocation) 144M->112M(276M) 2.626ms
[18.234s][info][gc,cpu      ] GC(33) User=0.00s Sys=0.00s Real=0.00s
[18.234s][info][gc          ] GC(34) Concurrent Undo Cycle
[18.234s][info][gc,marking  ] GC(34) Concurrent Cleanup for Next Mark
[18.234s][info][gc,marking  ] GC(34) Concurrent Cleanup for Next Mark 0.581ms
[18.234s][info][gc          ] GC(34) Concurrent Undo Cycle 0.642ms
[18.242s][info][gc,start    ] GC(35) Pause Young (Concurrent Start) (G1 Humongous Allocation)
[18.242s][info][gc,task     ] GC(35) Using 13 workers of 13 for evacuation
[18.244s][info][gc,phases   ] GC(35)   Pre Evacuate Collection Set: 0.1ms
[18.244s][info][gc,phases   ] GC(35)   Merge Heap Roots: 0.0ms
[18.244s][info][gc,phases   ] GC(35)   Evacuate Collection Set: 1.3ms
[18.244s][info][gc,phases   ] GC(35)   Post Evacuate Collection Set: 0.3ms
[18.244s][info][gc,phases   ] GC(35)   Other: 0.2ms
[18.244s][info][gc,heap     ] GC(35) Eden regions: 1->0(27)
[18.244s][info][gc,heap     ] GC(35) Survivor regions: 2->2(4)
[18.244s][info][gc,heap     ] GC(35) Old regions: 19->19
[18.244s][info][gc,heap     ] GC(35) Archive regions: 0->0
[18.244s][info][gc,heap     ] GC(35) Humongous regions: 13->10
[18.244s][info][gc,metaspace] GC(35) Metaspace: 89557K(90368K)->89557K(90368K) NonClass: 77760K(78208K)->77760K(78208K) Class: 11796K(12160K)->11796K(12160K)
[18.244s][info][gc          ] GC(35) Pause Young (Concurrent Start) (G1 Humongous Allocation) 133M->120M(276M) 1.931ms
[18.244s][info][gc,cpu      ] GC(35) User=0.00s Sys=0.00s Real=0.00s
[18.244s][info][gc          ] GC(36) Concurrent Undo Cycle
[18.244s][info][gc,marking  ] GC(36) Concurrent Cleanup for Next Mark
[18.244s][info][gc,marking  ] GC(36) Concurrent Cleanup for Next Mark 0.198ms
[18.244s][info][gc          ] GC(36) Concurrent Undo Cycle 0.236ms
[18.247s][info][gc,start    ] GC(37) Pause Young (Concurrent Start) (G1 Humongous Allocation)
[18.247s][info][gc,task     ] GC(37) Using 13 workers of 13 for evacuation
[18.249s][info][gc,phases   ] GC(37)   Pre Evacuate Collection Set: 0.1ms
[18.249s][info][gc,phases   ] GC(37)   Merge Heap Roots: 0.0ms
[18.249s][info][gc,phases   ] GC(37)   Evacuate Collection Set: 1.4ms
[18.249s][info][gc,phases   ] GC(37)   Post Evacuate Collection Set: 0.2ms
[18.249s][info][gc,phases   ] GC(37)   Other: 0.1ms
[18.249s][info][gc,heap     ] GC(37) Eden regions: 1->0(27)
[18.249s][info][gc,heap     ] GC(37) Survivor regions: 2->2(4)
[18.249s][info][gc,heap     ] GC(37) Old regions: 19->19
[18.249s][info][gc,heap     ] GC(37) Archive regions: 0->0
[18.249s][info][gc,heap     ] GC(37) Humongous regions: 12->11
[18.249s][info][gc,metaspace] GC(37) Metaspace: 89557K(90368K)->89557K(90368K) NonClass: 77760K(78208K)->77760K(78208K) Class: 11796K(12160K)->11796K(12160K)
[18.249s][info][gc          ] GC(37) Pause Young (Concurrent Start) (G1 Humongous Allocation) 129M->124M(276M) 2.041ms
[18.249s][info][gc,cpu      ] GC(37) User=0.00s Sys=0.00s Real=0.00s
[18.249s][info][gc          ] GC(38) Concurrent Undo Cycle
[18.249s][info][gc,marking  ] GC(38) Concurrent Cleanup for Next Mark
[18.249s][info][gc,marking  ] GC(38) Concurrent Cleanup for Next Mark 0.179ms
[18.249s][info][gc          ] GC(38) Concurrent Undo Cycle 0.214ms
[18.266s][info][gc,start    ] GC(39) Pause Young (Concurrent Start) (G1 Humongous Allocation)
[18.266s][info][gc,task     ] GC(39) Using 13 workers of 13 for evacuation
[18.269s][info][gc,phases   ] GC(39)   Pre Evacuate Collection Set: 0.1ms
[18.269s][info][gc,phases   ] GC(39)   Merge Heap Roots: 0.0ms
[18.269s][info][gc,phases   ] GC(39)   Evacuate Collection Set: 1.7ms
[18.269s][info][gc,phases   ] GC(39)   Post Evacuate Collection Set: 0.3ms
[18.269s][info][gc,phases   ] GC(39)   Other: 0.2ms
[18.269s][info][gc,heap     ] GC(39) Eden regions: 1->0(26)
[18.269s][info][gc,heap     ] GC(39) Survivor regions: 2->2(4)
[18.269s][info][gc,heap     ] GC(39) Old regions: 19->19
[18.269s][info][gc,heap     ] GC(39) Archive regions: 0->0
[18.269s][info][gc,heap     ] GC(39) Humongous regions: 13->12
[18.269s][info][gc,metaspace] GC(39) Metaspace: 89557K(90368K)->89557K(90368K) NonClass: 77760K(78208K)->77760K(78208K) Class: 11796K(12160K)->11796K(12160K)
[18.269s][info][gc          ] GC(39) Pause Young (Concurrent Start) (G1 Humongous Allocation) 133M->128M(276M) 2.442ms
[18.269s][info][gc,cpu      ] GC(39) User=0.00s Sys=0.00s Real=0.00s
[18.269s][info][gc          ] GC(40) Concurrent Undo Cycle
[18.269s][info][gc,marking  ] GC(40) Concurrent Cleanup for Next Mark
[18.269s][info][gc,marking  ] GC(40) Concurrent Cleanup for Next Mark 0.342ms
[18.269s][info][gc          ] GC(40) Concurrent Undo Cycle 0.448ms
[18.273s][info][gc,start    ] GC(41) Pause Young (Concurrent Start) (G1 Humongous Allocation)
[18.273s][info][gc,task     ] GC(41) Using 13 workers of 13 for evacuation
[18.275s][info][gc,phases   ] GC(41)   Pre Evacuate Collection Set: 0.1ms
[18.276s][info][gc,phases   ] GC(41)   Merge Heap Roots: 0.0ms
[18.276s][info][gc,phases   ] GC(41)   Evacuate Collection Set: 1.3ms
[18.276s][info][gc,phases   ] GC(41)   Post Evacuate Collection Set: 1.2ms
[18.276s][info][gc,phases   ] GC(41)   Other: 0.1ms
[18.276s][info][gc,heap     ] GC(41) Eden regions: 1->0(92)
[18.276s][info][gc,heap     ] GC(41) Survivor regions: 2->2(4)
[18.276s][info][gc,heap     ] GC(41) Old regions: 19->19
[18.276s][info][gc,heap     ] GC(41) Archive regions: 0->0
[18.276s][info][gc,heap     ] GC(41) Humongous regions: 15->13
[18.276s][info][gc,metaspace] GC(41) Metaspace: 89557K(90368K)->89557K(90368K) NonClass: 77760K(78208K)->77760K(78208K) Class: 11796K(12160K)->11796K(12160K)
[18.276s][info][gc          ] GC(41) Pause Young (Concurrent Start) (G1 Humongous Allocation) 141M->132M(632M) 2.940ms
[18.276s][info][gc,cpu      ] GC(41) User=0.00s Sys=0.00s Real=0.00s
[18.276s][info][gc          ] GC(42) Concurrent Undo Cycle
[18.276s][info][gc,marking  ] GC(42) Concurrent Cleanup for Next Mark
[18.277s][info][gc,marking  ] GC(42) Concurrent Cleanup for Next Mark 1.550ms
[18.277s][info][gc          ] GC(42) Concurrent Undo Cycle 1.618ms
[19.082s][info][gc,start    ] GC(43) Pause Young (Concurrent Start) (G1 Humongous Allocation)
[19.082s][info][gc,task     ] GC(43) Using 13 workers of 13 for evacuation
[19.086s][info][gc,phases   ] GC(43)   Pre Evacuate Collection Set: 0.4ms
[19.086s][info][gc,phases   ] GC(43)   Merge Heap Roots: 0.1ms
[19.086s][info][gc,phases   ] GC(43)   Evacuate Collection Set: 2.3ms
[19.086s][info][gc,phases   ] GC(43)   Post Evacuate Collection Set: 0.3ms
[19.086s][info][gc,phases   ] GC(43)   Other: 0.5ms
[19.086s][info][gc,heap     ] GC(43) Eden regions: 11->0(92)
[19.086s][info][gc,heap     ] GC(43) Survivor regions: 2->2(12)
[19.086s][info][gc,heap     ] GC(43) Old regions: 19->19
[19.086s][info][gc,heap     ] GC(43) Archive regions: 0->0
[19.086s][info][gc,heap     ] GC(43) Humongous regions: 52->11
[19.086s][info][gc,metaspace] GC(43) Metaspace: 89679K(90496K)->89679K(90496K) NonClass: 77860K(78272K)->77860K(78272K) Class: 11819K(12224K)->11819K(12224K)
[19.086s][info][gc          ] GC(43) Pause Young (Concurrent Start) (G1 Humongous Allocation) 329M->124M(632M) 3.718ms
[19.086s][info][gc,cpu      ] GC(43) User=0.00s Sys=0.02s Real=0.00s
[19.086s][info][gc          ] GC(44) Concurrent Undo Cycle
[19.086s][info][gc,marking  ] GC(44) Concurrent Cleanup for Next Mark
[19.087s][info][gc,marking  ] GC(44) Concurrent Cleanup for Next Mark 0.443ms
[19.087s][info][gc          ] GC(44) Concurrent Undo Cycle 0.496ms
[20.039s][info][gc,start    ] GC(45) Pause Young (Concurrent Start) (G1 Humongous Allocation)
[20.039s][info][gc,task     ] GC(45) Using 13 workers of 13 for evacuation
[20.041s][info][gc,phases   ] GC(45)   Pre Evacuate Collection Set: 0.2ms
[20.041s][info][gc,phases   ] GC(45)   Merge Heap Roots: 0.1ms
[20.041s][info][gc,phases   ] GC(45)   Evacuate Collection Set: 1.8ms
[20.041s][info][gc,phases   ] GC(45)   Post Evacuate Collection Set: 0.5ms
[20.041s][info][gc,phases   ] GC(45)   Other: 0.2ms
[20.041s][info][gc,heap     ] GC(45) Eden regions: 12->0(92)
[20.041s][info][gc,heap     ] GC(45) Survivor regions: 2->2(12)
[20.041s][info][gc,heap     ] GC(45) Old regions: 19->19
[20.041s][info][gc,heap     ] GC(45) Archive regions: 0->0
[20.041s][info][gc,heap     ] GC(45) Humongous regions: 53->2
[20.041s][info][gc,metaspace] GC(45) Metaspace: 89768K(90688K)->89768K(90688K) NonClass: 77931K(78464K)->77931K(78464K) Class: 11836K(12224K)->11836K(12224K)
[20.041s][info][gc          ] GC(45) Pause Young (Concurrent Start) (G1 Humongous Allocation) 340M->89M(632M) 2.907ms
[20.041s][info][gc,cpu      ] GC(45) User=0.00s Sys=0.00s Real=0.00s
[20.041s][info][gc          ] GC(46) Concurrent Undo Cycle
[20.042s][info][gc,marking  ] GC(46) Concurrent Cleanup for Next Mark
[20.042s][info][gc,marking  ] GC(46) Concurrent Cleanup for Next Mark 0.592ms
[20.042s][info][gc          ] GC(46) Concurrent Undo Cycle 0.689ms
[20.700s][info][gc,start    ] GC(47) Pause Young (Concurrent Start) (G1 Humongous Allocation)
[20.700s][info][gc,task     ] GC(47) Using 13 workers of 13 for evacuation
[20.703s][info][gc,phases   ] GC(47)   Pre Evacuate Collection Set: 0.2ms
[20.703s][info][gc,phases   ] GC(47)   Merge Heap Roots: 0.2ms
[20.703s][info][gc,phases   ] GC(47)   Evacuate Collection Set: 1.8ms
[20.703s][info][gc,phases   ] GC(47)   Post Evacuate Collection Set: 0.9ms
[20.703s][info][gc,phases   ] GC(47)   Other: 0.2ms
[20.703s][info][gc,heap     ] GC(47) Eden regions: 10->0(92)
[20.703s][info][gc,heap     ] GC(47) Survivor regions: 2->2(12)
[20.703s][info][gc,heap     ] GC(47) Old regions: 19->19
[20.703s][info][gc,heap     ] GC(47) Archive regions: 0->0
[20.703s][info][gc,heap     ] GC(47) Humongous regions: 53->13
[20.703s][info][gc,metaspace] GC(47) Metaspace: 89768K(90688K)->89768K(90688K) NonClass: 77931K(78464K)->77931K(78464K) Class: 11836K(12224K)->11836K(12224K)
[20.704s][info][gc          ] GC(47) Pause Young (Concurrent Start) (G1 Humongous Allocation) 333M->133M(632M) 3.344ms
[20.704s][info][gc,cpu      ] GC(47) User=0.00s Sys=0.00s Real=0.00s
[20.704s][info][gc          ] GC(48) Concurrent Undo Cycle
[20.704s][info][gc,marking  ] GC(48) Concurrent Cleanup for Next Mark
[20.704s][info][gc,marking  ] GC(48) Concurrent Cleanup for Next Mark 0.707ms
[20.704s][info][gc          ] GC(48) Concurrent Undo Cycle 0.843ms
[21.412s][info][gc,start    ] GC(49) Pause Young (Concurrent Start) (G1 Humongous Allocation)
[21.412s][info][gc,task     ] GC(49) Using 13 workers of 13 for evacuation
[21.417s][info][gc,phases   ] GC(49)   Pre Evacuate Collection Set: 0.3ms
[21.417s][info][gc,phases   ] GC(49)   Merge Heap Roots: 0.1ms
[21.417s][info][gc,phases   ] GC(49)   Evacuate Collection Set: 3.1ms
[21.417s][info][gc,phases   ] GC(49)   Post Evacuate Collection Set: 1.1ms
[21.417s][info][gc,phases   ] GC(49)   Other: 0.3ms
[21.417s][info][gc,heap     ] GC(49) Eden regions: 10->0(92)
[21.417s][info][gc,heap     ] GC(49) Survivor regions: 2->2(12)
[21.417s][info][gc,heap     ] GC(49) Old regions: 19->19
[21.417s][info][gc,heap     ] GC(49) Archive regions: 0->0
[21.417s][info][gc,heap     ] GC(49) Humongous regions: 52->14
[21.417s][info][gc,metaspace] GC(49) Metaspace: 89770K(90688K)->89770K(90688K) NonClass: 77933K(78464K)->77933K(78464K) Class: 11836K(12224K)->11836K(12224K)
[21.417s][info][gc          ] GC(49) Pause Young (Concurrent Start) (G1 Humongous Allocation) 325M->137M(632M) 4.976ms
[21.417s][info][gc,cpu      ] GC(49) User=0.00s Sys=0.00s Real=0.01s
[21.417s][info][gc          ] GC(50) Concurrent Undo Cycle
[21.417s][info][gc,marking  ] GC(50) Concurrent Cleanup for Next Mark
[21.418s][info][gc,marking  ] GC(50) Concurrent Cleanup for Next Mark 0.411ms
[21.418s][info][gc          ] GC(50) Concurrent Undo Cycle 0.495ms
[22.231s][info][gc,start    ] GC(51) Pause Young (Concurrent Start) (G1 Humongous Allocation)
[22.231s][info][gc,task     ] GC(51) Using 13 workers of 13 for evacuation
[22.233s][info][gc,phases   ] GC(51)   Pre Evacuate Collection Set: 0.2ms
[22.233s][info][gc,phases   ] GC(51)   Merge Heap Roots: 0.1ms
[22.234s][info][gc,phases   ] GC(51)   Evacuate Collection Set: 1.7ms
[22.234s][info][gc,phases   ] GC(51)   Post Evacuate Collection Set: 0.4ms
[22.234s][info][gc,phases   ] GC(51)   Other: 0.2ms
[22.234s][info][gc,heap     ] GC(51) Eden regions: 11->0(92)
[22.234s][info][gc,heap     ] GC(51) Survivor regions: 2->2(12)
[22.234s][info][gc,heap     ] GC(51) Old regions: 19->19
[22.234s][info][gc,heap     ] GC(51) Archive regions: 0->0
[22.234s][info][gc,heap     ] GC(51) Humongous regions: 53->12
[22.234s][info][gc,metaspace] GC(51) Metaspace: 89770K(90688K)->89770K(90688K) NonClass: 77934K(78464K)->77934K(78464K) Class: 11836K(12224K)->11836K(12224K)
[22.234s][info][gc          ] GC(51) Pause Young (Concurrent Start) (G1 Humongous Allocation) 333M->130M(632M) 2.580ms
[22.234s][info][gc,cpu      ] GC(51) User=0.00s Sys=0.00s Real=0.00s
[22.234s][info][gc          ] GC(52) Concurrent Undo Cycle
[22.234s][info][gc,marking  ] GC(52) Concurrent Cleanup for Next Mark
[22.234s][info][gc,marking  ] GC(52) Concurrent Cleanup for Next Mark 0.584ms
[22.234s][info][gc          ] GC(52) Concurrent Undo Cycle 0.705ms
[23.019s][info][gc,start    ] GC(53) Pause Young (Concurrent Start) (G1 Humongous Allocation)
[23.019s][info][gc,task     ] GC(53) Using 13 workers of 13 for evacuation
[23.021s][info][gc,phases   ] GC(53)   Pre Evacuate Collection Set: 0.2ms
[23.021s][info][gc,phases   ] GC(53)   Merge Heap Roots: 0.0ms
[23.021s][info][gc,phases   ] GC(53)   Evacuate Collection Set: 1.6ms
[23.021s][info][gc,phases   ] GC(53)   Post Evacuate Collection Set: 0.4ms
[23.021s][info][gc,phases   ] GC(53)   Other: 0.2ms
[23.021s][info][gc,heap     ] GC(53) Eden regions: 12->0(91)
[23.021s][info][gc,heap     ] GC(53) Survivor regions: 2->3(12)
[23.021s][info][gc,heap     ] GC(53) Old regions: 19->19
[23.021s][info][gc,heap     ] GC(53) Archive regions: 0->0
[23.021s][info][gc,heap     ] GC(53) Humongous regions: 51->5
[23.021s][info][gc,metaspace] GC(53) Metaspace: 89771K(90688K)->89771K(90688K) NonClass: 77934K(78464K)->77934K(78464K) Class: 11836K(12224K)->11836K(12224K)
[23.021s][info][gc          ] GC(53) Pause Young (Concurrent Start) (G1 Humongous Allocation) 330M->103M(632M) 2.589ms
[23.022s][info][gc,cpu      ] GC(53) User=0.08s Sys=0.00s Real=0.00s
[23.022s][info][gc          ] GC(54) Concurrent Undo Cycle
[23.022s][info][gc,marking  ] GC(54) Concurrent Cleanup for Next Mark
[23.022s][info][gc,marking  ] GC(54) Concurrent Cleanup for Next Mark 0.422ms
[23.022s][info][gc          ] GC(54) Concurrent Undo Cycle 0.494ms
[23.791s][info][gc,start    ] GC(55) Pause Young (Concurrent Start) (G1 Humongous Allocation)
[23.791s][info][gc,task     ] GC(55) Using 13 workers of 13 for evacuation
[23.794s][info][gc,phases   ] GC(55)   Pre Evacuate Collection Set: 0.3ms
[23.794s][info][gc,phases   ] GC(55)   Merge Heap Roots: 0.2ms
[23.794s][info][gc,phases   ] GC(55)   Evacuate Collection Set: 2.1ms
[23.794s][info][gc,phases   ] GC(55)   Post Evacuate Collection Set: 0.4ms
[23.794s][info][gc,phases   ] GC(55)   Other: 0.4ms
[23.794s][info][gc,heap     ] GC(55) Eden regions: 10->0(93)
[23.794s][info][gc,heap     ] GC(55) Survivor regions: 3->1(12)
[23.794s][info][gc,heap     ] GC(55) Old regions: 19->20
[23.794s][info][gc,heap     ] GC(55) Archive regions: 0->0
[23.794s][info][gc,heap     ] GC(55) Humongous regions: 52->11
[23.794s][info][gc,metaspace] GC(55) Metaspace: 89771K(90688K)->89771K(90688K) NonClass: 77934K(78464K)->77934K(78464K) Class: 11837K(12224K)->11837K(12224K)
[23.794s][info][gc          ] GC(55) Pause Young (Concurrent Start) (G1 Humongous Allocation) 331M->125M(632M) 3.514ms
[23.794s][info][gc,cpu      ] GC(55) User=0.00s Sys=0.00s Real=0.00s
[23.794s][info][gc          ] GC(56) Concurrent Undo Cycle
[23.794s][info][gc,marking  ] GC(56) Concurrent Cleanup for Next Mark
[23.795s][info][gc,marking  ] GC(56) Concurrent Cleanup for Next Mark 0.473ms
[23.795s][info][gc          ] GC(56) Concurrent Undo Cycle 0.542ms
[24.472s][info][gc,start    ] GC(57) Pause Young (Concurrent Start) (G1 Humongous Allocation)
[24.472s][info][gc,task     ] GC(57) Using 13 workers of 13 for evacuation
[24.475s][info][gc,phases   ] GC(57)   Pre Evacuate Collection Set: 0.1ms
[24.475s][info][gc,phases   ] GC(57)   Merge Heap Roots: 0.2ms
[24.475s][info][gc,phases   ] GC(57)   Evacuate Collection Set: 1.4ms
[24.475s][info][gc,phases   ] GC(57)   Post Evacuate Collection Set: 0.5ms
[24.475s][info][gc,phases   ] GC(57)   Other: 0.2ms
[24.475s][info][gc,heap     ] GC(57) Eden regions: 10->0(92)
[24.475s][info][gc,heap     ] GC(57) Survivor regions: 1->2(12)
[24.475s][info][gc,heap     ] GC(57) Old regions: 20->20
[24.475s][info][gc,heap     ] GC(57) Archive regions: 0->0
[24.475s][info][gc,heap     ] GC(57) Humongous regions: 51->12
[24.475s][info][gc,metaspace] GC(57) Metaspace: 89771K(90688K)->89771K(90688K) NonClass: 77934K(78464K)->77934K(78464K) Class: 11837K(12224K)->11837K(12224K)
[24.475s][info][gc          ] GC(57) Pause Young (Concurrent Start) (G1 Humongous Allocation) 323M->130M(632M) 2.627ms
[24.475s][info][gc,cpu      ] GC(57) User=0.05s Sys=0.00s Real=0.00s
[24.475s][info][gc          ] GC(58) Concurrent Undo Cycle
[24.475s][info][gc,marking  ] GC(58) Concurrent Cleanup for Next Mark
[24.475s][info][gc,marking  ] GC(58) Concurrent Cleanup for Next Mark 0.410ms
[24.475s][info][gc          ] GC(58) Concurrent Undo Cycle 0.484ms
[25.284s][info][gc,start    ] GC(59) Pause Young (Concurrent Start) (G1 Humongous Allocation)
[25.284s][info][gc,task     ] GC(59) Using 13 workers of 13 for evacuation
[25.286s][info][gc,phases   ] GC(59)   Pre Evacuate Collection Set: 0.2ms
[25.286s][info][gc,phases   ] GC(59)   Merge Heap Roots: 0.1ms
[25.286s][info][gc,phases   ] GC(59)   Evacuate Collection Set: 1.4ms
[25.286s][info][gc,phases   ] GC(59)   Post Evacuate Collection Set: 0.3ms
[25.286s][info][gc,phases   ] GC(59)   Other: 0.2ms
[25.286s][info][gc,heap     ] GC(59) Eden regions: 11->0(93)
[25.286s][info][gc,heap     ] GC(59) Survivor regions: 2->1(12)
[25.286s][info][gc,heap     ] GC(59) Old regions: 20->20
[25.286s][info][gc,heap     ] GC(59) Archive regions: 0->0
[25.286s][info][gc,heap     ] GC(59) Humongous regions: 52->3
[25.286s][info][gc,metaspace] GC(59) Metaspace: 89772K(90688K)->89772K(90688K) NonClass: 77934K(78464K)->77934K(78464K) Class: 11837K(12224K)->11837K(12224K)
[25.286s][info][gc          ] GC(59) Pause Young (Concurrent Start) (G1 Humongous Allocation) 333M->94M(632M) 2.202ms
[25.286s][info][gc,cpu      ] GC(59) User=0.00s Sys=0.00s Real=0.00s
[25.286s][info][gc          ] GC(60) Concurrent Undo Cycle
[25.286s][info][gc,marking  ] GC(60) Concurrent Cleanup for Next Mark
[25.286s][info][gc,marking  ] GC(60) Concurrent Cleanup for Next Mark 0.409ms
[25.286s][info][gc          ] GC(60) Concurrent Undo Cycle 0.452ms
[25.940s][info][gc,start    ] GC(61) Pause Young (Concurrent Start) (G1 Humongous Allocation)
[25.940s][info][gc,task     ] GC(61) Using 13 workers of 13 for evacuation
[25.942s][info][gc,phases   ] GC(61)   Pre Evacuate Collection Set: 0.1ms
[25.942s][info][gc,phases   ] GC(61)   Merge Heap Roots: 0.0ms
[25.942s][info][gc,phases   ] GC(61)   Evacuate Collection Set: 1.5ms
[25.942s][info][gc,phases   ] GC(61)   Post Evacuate Collection Set: 0.3ms
[25.942s][info][gc,phases   ] GC(61)   Other: 0.2ms
[25.942s][info][gc,heap     ] GC(61) Eden regions: 10->0(93)
[25.942s][info][gc,heap     ] GC(61) Survivor regions: 1->1(12)
[25.942s][info][gc,heap     ] GC(61) Old regions: 20->20
[25.942s][info][gc,heap     ] GC(61) Archive regions: 0->0
[25.942s][info][gc,heap     ] GC(61) Humongous regions: 50->11
[25.942s][info][gc,metaspace] GC(61) Metaspace: 89772K(90688K)->89772K(90688K) NonClass: 77934K(78464K)->77934K(78464K) Class: 11837K(12224K)->11837K(12224K)
[25.942s][info][gc          ] GC(61) Pause Young (Concurrent Start) (G1 Humongous Allocation) 320M->126M(632M) 2.209ms
[25.942s][info][gc,cpu      ] GC(61) User=0.00s Sys=0.02s Real=0.00s
[25.942s][info][gc          ] GC(62) Concurrent Undo Cycle
[25.942s][info][gc,marking  ] GC(62) Concurrent Cleanup for Next Mark
[25.943s][info][gc,marking  ] GC(62) Concurrent Cleanup for Next Mark 0.553ms
[25.943s][info][gc          ] GC(62) Concurrent Undo Cycle 0.653ms
[27.014s][info][gc,start    ] GC(63) Pause Young (Concurrent Start) (G1 Humongous Allocation)
[27.014s][info][gc,task     ] GC(63) Using 13 workers of 13 for evacuation
[27.017s][info][gc,phases   ] GC(63)   Pre Evacuate Collection Set: 0.1ms
[27.017s][info][gc,phases   ] GC(63)   Merge Heap Roots: 0.0ms
[27.017s][info][gc,phases   ] GC(63)   Evacuate Collection Set: 1.9ms
[27.017s][info][gc,phases   ] GC(63)   Post Evacuate Collection Set: 0.4ms
[27.017s][info][gc,phases   ] GC(63)   Other: 0.2ms
[27.017s][info][gc,heap     ] GC(63) Eden regions: 11->0(93)
[27.017s][info][gc,heap     ] GC(63) Survivor regions: 1->1(12)
[27.017s][info][gc,heap     ] GC(63) Old regions: 20->20
[27.017s][info][gc,heap     ] GC(63) Archive regions: 0->0
[27.017s][info][gc,heap     ] GC(63) Humongous regions: 51->1
[27.017s][info][gc,metaspace] GC(63) Metaspace: 89772K(90688K)->89772K(90688K) NonClass: 77934K(78464K)->77934K(78464K) Class: 11837K(12224K)->11837K(12224K)
[27.017s][info][gc          ] GC(63) Pause Young (Concurrent Start) (G1 Humongous Allocation) 327M->85M(632M) 2.706ms
[27.017s][info][gc,cpu      ] GC(63) User=0.00s Sys=0.00s Real=0.00s
[27.017s][info][gc          ] GC(64) Concurrent Undo Cycle
[27.017s][info][gc,marking  ] GC(64) Concurrent Cleanup for Next Mark
[27.017s][info][gc,marking  ] GC(64) Concurrent Cleanup for Next Mark 0.480ms
[27.017s][info][gc          ] GC(64) Concurrent Undo Cycle 0.534ms
[27.868s][info][gc,start    ] GC(65) Pause Young (Concurrent Start) (G1 Humongous Allocation)
[27.868s][info][gc,task     ] GC(65) Using 13 workers of 13 for evacuation
[27.871s][info][gc,phases   ] GC(65)   Pre Evacuate Collection Set: 0.2ms
[27.871s][info][gc,phases   ] GC(65)   Merge Heap Roots: 0.1ms
[27.871s][info][gc,phases   ] GC(65)   Evacuate Collection Set: 2.3ms
[27.871s][info][gc,phases   ] GC(65)   Post Evacuate Collection Set: 0.5ms
[27.871s][info][gc,phases   ] GC(65)   Other: 0.3ms
[27.871s][info][gc,heap     ] GC(65) Eden regions: 11->0(93)
[27.871s][info][gc,heap     ] GC(65) Survivor regions: 1->1(12)
[27.871s][info][gc,heap     ] GC(65) Old regions: 20->20
[27.871s][info][gc,heap     ] GC(65) Archive regions: 0->0
[27.871s][info][gc,heap     ] GC(65) Humongous regions: 51->9
[27.871s][info][gc,metaspace] GC(65) Metaspace: 89772K(90688K)->89772K(90688K) NonClass: 77934K(78464K)->77934K(78464K) Class: 11837K(12224K)->11837K(12224K)
[27.871s][info][gc          ] GC(65) Pause Young (Concurrent Start) (G1 Humongous Allocation) 329M->117M(632M) 3.560ms
[27.871s][info][gc,cpu      ] GC(65) User=0.00s Sys=0.00s Real=0.00s
[27.871s][info][gc          ] GC(66) Concurrent Undo Cycle
[27.871s][info][gc,marking  ] GC(66) Concurrent Cleanup for Next Mark
[27.872s][info][gc,marking  ] GC(66) Concurrent Cleanup for Next Mark 0.517ms
[27.872s][info][gc          ] GC(66) Concurrent Undo Cycle 0.586ms
[28.539s][info][gc,start    ] GC(67) Pause Young (Concurrent Start) (G1 Humongous Allocation)
[28.539s][info][gc,task     ] GC(67) Using 13 workers of 13 for evacuation
[28.542s][info][gc,phases   ] GC(67)   Pre Evacuate Collection Set: 0.2ms
[28.542s][info][gc,phases   ] GC(67)   Merge Heap Roots: 0.1ms
[28.542s][info][gc,phases   ] GC(67)   Evacuate Collection Set: 1.4ms
[28.542s][info][gc,phases   ] GC(67)   Post Evacuate Collection Set: 0.8ms
[28.542s][info][gc,phases   ] GC(67)   Other: 0.3ms
[28.542s][info][gc,heap     ] GC(67) Eden regions: 9->0(93)
[28.542s][info][gc,heap     ] GC(67) Survivor regions: 1->1(12)
[28.542s][info][gc,heap     ] GC(67) Old regions: 20->20
[28.542s][info][gc,heap     ] GC(67) Archive regions: 0->0
[28.542s][info][gc,heap     ] GC(67) Humongous regions: 51->14
[28.542s][info][gc,metaspace] GC(67) Metaspace: 89772K(90688K)->89772K(90688K) NonClass: 77934K(78464K)->77934K(78464K) Class: 11837K(12224K)->11837K(12224K)
[28.542s][info][gc          ] GC(67) Pause Young (Concurrent Start) (G1 Humongous Allocation) 321M->137M(632M) 2.957ms
[28.542s][info][gc,cpu      ] GC(67) User=0.00s Sys=0.00s Real=0.00s
[28.542s][info][gc          ] GC(68) Concurrent Undo Cycle
[28.542s][info][gc,marking  ] GC(68) Concurrent Cleanup for Next Mark
[28.542s][info][gc,marking  ] GC(68) Concurrent Cleanup for Next Mark 0.455ms
[28.543s][info][gc          ] GC(68) Concurrent Undo Cycle 0.517ms
[29.349s][info][gc,start    ] GC(69) Pause Young (Concurrent Start) (G1 Humongous Allocation)
[29.349s][info][gc,task     ] GC(69) Using 13 workers of 13 for evacuation
[29.353s][info][gc,phases   ] GC(69)   Pre Evacuate Collection Set: 0.2ms
[29.353s][info][gc,phases   ] GC(69)   Merge Heap Roots: 0.7ms
[29.353s][info][gc,phases   ] GC(69)   Evacuate Collection Set: 1.9ms
[29.353s][info][gc,phases   ] GC(69)   Post Evacuate Collection Set: 0.7ms
[29.353s][info][gc,phases   ] GC(69)   Other: 0.2ms
[29.353s][info][gc,heap     ] GC(69) Eden regions: 10->0(93)
[29.353s][info][gc,heap     ] GC(69) Survivor regions: 1->1(12)
[29.353s][info][gc,heap     ] GC(69) Old regions: 20->20
[29.353s][info][gc,heap     ] GC(69) Archive regions: 0->0
[29.353s][info][gc,heap     ] GC(69) Humongous regions: 50->14
[29.353s][info][gc,metaspace] GC(69) Metaspace: 89772K(90688K)->89772K(90688K) NonClass: 77934K(78464K)->77934K(78464K) Class: 11837K(12224K)->11837K(12224K)
[29.353s][info][gc          ] GC(69) Pause Young (Concurrent Start) (G1 Humongous Allocation) 317M->137M(632M) 3.935ms
[29.353s][info][gc,cpu      ] GC(69) User=0.00s Sys=0.00s Real=0.00s
[29.353s][info][gc          ] GC(70) Concurrent Undo Cycle
[29.353s][info][gc,marking  ] GC(70) Concurrent Cleanup for Next Mark
[29.354s][info][gc,marking  ] GC(70) Concurrent Cleanup for Next Mark 0.485ms
[29.354s][info][gc          ] GC(70) Concurrent Undo Cycle 0.581ms
[30.244s][info][gc,start    ] GC(71) Pause Young (Concurrent Start) (G1 Humongous Allocation)
[30.244s][info][gc,task     ] GC(71) Using 13 workers of 13 for evacuation
[30.246s][info][gc,phases   ] GC(71)   Pre Evacuate Collection Set: 0.1ms
[30.246s][info][gc,phases   ] GC(71)   Merge Heap Roots: 0.0ms
[30.247s][info][gc,phases   ] GC(71)   Evacuate Collection Set: 1.4ms
[30.247s][info][gc,phases   ] GC(71)   Post Evacuate Collection Set: 0.4ms
[30.247s][info][gc,phases   ] GC(71)   Other: 0.2ms
[30.247s][info][gc,heap     ] GC(71) Eden regions: 10->0(93)
[30.247s][info][gc,heap     ] GC(71) Survivor regions: 1->1(12)
[30.247s][info][gc,heap     ] GC(71) Old regions: 20->20
[30.247s][info][gc,heap     ] GC(71) Archive regions: 0->0
[30.247s][info][gc,heap     ] GC(71) Humongous regions: 50->5
[30.247s][info][gc,metaspace] GC(71) Metaspace: 89772K(90688K)->89772K(90688K) NonClass: 77934K(78464K)->77934K(78464K) Class: 11837K(12224K)->11837K(12224K)
[30.247s][info][gc          ] GC(71) Pause Young (Concurrent Start) (G1 Humongous Allocation) 320M->101M(632M) 2.275ms
[30.247s][info][gc,cpu      ] GC(71) User=0.00s Sys=0.00s Real=0.00s
[30.247s][info][gc          ] GC(72) Concurrent Undo Cycle
[30.247s][info][gc,marking  ] GC(72) Concurrent Cleanup for Next Mark
[30.247s][info][gc,marking  ] GC(72) Concurrent Cleanup for Next Mark 0.461ms
[30.247s][info][gc          ] GC(72) Concurrent Undo Cycle 0.522ms
[31.011s][info][gc,start    ] GC(73) Pause Young (Concurrent Start) (G1 Humongous Allocation)
[31.011s][info][gc,task     ] GC(73) Using 13 workers of 13 for evacuation
[31.013s][info][gc,phases   ] GC(73)   Pre Evacuate Collection Set: 0.1ms
[31.013s][info][gc,phases   ] GC(73)   Merge Heap Roots: 0.0ms
[31.013s][info][gc,phases   ] GC(73)   Evacuate Collection Set: 1.6ms
[31.013s][info][gc,phases   ] GC(73)   Post Evacuate Collection Set: 0.3ms
[31.013s][info][gc,phases   ] GC(73)   Other: 0.1ms
[31.013s][info][gc,heap     ] GC(73) Eden regions: 12->0(93)
[31.013s][info][gc,heap     ] GC(73) Survivor regions: 1->1(12)
[31.013s][info][gc,heap     ] GC(73) Old regions: 20->21
[31.013s][info][gc,heap     ] GC(73) Archive regions: 0->0
[31.013s][info][gc,heap     ] GC(73) Humongous regions: 51->8
[31.013s][info][gc,metaspace] GC(73) Metaspace: 89772K(90688K)->89772K(90688K) NonClass: 77935K(78464K)->77935K(78464K) Class: 11837K(12224K)->11837K(12224K)
[31.013s][info][gc          ] GC(73) Pause Young (Concurrent Start) (G1 Humongous Allocation) 329M->113M(632M) 2.256ms
[31.013s][info][gc,cpu      ] GC(73) User=0.00s Sys=0.00s Real=0.00s
[31.013s][info][gc          ] GC(74) Concurrent Undo Cycle
[31.013s][info][gc,marking  ] GC(74) Concurrent Cleanup for Next Mark
[31.014s][info][gc,marking  ] GC(74) Concurrent Cleanup for Next Mark 0.470ms
[31.014s][info][gc          ] GC(74) Concurrent Undo Cycle 0.527ms
[31.661s][info][gc,start    ] GC(75) Pause Young (Concurrent Start) (G1 Humongous Allocation)
[31.661s][info][gc,task     ] GC(75) Using 13 workers of 13 for evacuation
[31.664s][info][gc,phases   ] GC(75)   Pre Evacuate Collection Set: 0.2ms
[31.664s][info][gc,phases   ] GC(75)   Merge Heap Roots: 0.1ms
[31.664s][info][gc,phases   ] GC(75)   Evacuate Collection Set: 1.4ms
[31.664s][info][gc,phases   ] GC(75)   Post Evacuate Collection Set: 0.7ms
[31.664s][info][gc,phases   ] GC(75)   Other: 0.2ms
[31.664s][info][gc,heap     ] GC(75) Eden regions: 9->0(93)
[31.664s][info][gc,heap     ] GC(75) Survivor regions: 1->1(12)
[31.664s][info][gc,heap     ] GC(75) Old regions: 21->21
[31.664s][info][gc,heap     ] GC(75) Archive regions: 0->0
[31.664s][info][gc,heap     ] GC(75) Humongous regions: 49->13
[31.664s][info][gc,metaspace] GC(75) Metaspace: 89773K(90688K)->89773K(90688K) NonClass: 77935K(78464K)->77935K(78464K) Class: 11838K(12224K)->11838K(12224K)
[31.664s][info][gc          ] GC(75) Pause Young (Concurrent Start) (G1 Humongous Allocation) 311M->133M(632M) 2.714ms
[31.664s][info][gc,cpu      ] GC(75) User=0.00s Sys=0.02s Real=0.00s
[31.664s][info][gc          ] GC(76) Concurrent Undo Cycle
[31.664s][info][gc,marking  ] GC(76) Concurrent Cleanup for Next Mark
[31.664s][info][gc,marking  ] GC(76) Concurrent Cleanup for Next Mark 0.508ms
[31.664s][info][gc          ] GC(76) Concurrent Undo Cycle 0.607ms
[32.437s][info][gc,start    ] GC(77) Pause Young (Concurrent Start) (G1 Humongous Allocation)
[32.437s][info][gc,task     ] GC(77) Using 13 workers of 13 for evacuation
[32.439s][info][gc,phases   ] GC(77)   Pre Evacuate Collection Set: 0.1ms
[32.439s][info][gc,phases   ] GC(77)   Merge Heap Roots: 0.0ms
[32.439s][info][gc,phases   ] GC(77)   Evacuate Collection Set: 1.2ms
[32.439s][info][gc,phases   ] GC(77)   Post Evacuate Collection Set: 0.3ms
[32.439s][info][gc,phases   ] GC(77)   Other: 0.2ms
[32.439s][info][gc,heap     ] GC(77) Eden regions: 10->0(93)
[32.439s][info][gc,heap     ] GC(77) Survivor regions: 1->1(12)
[32.439s][info][gc,heap     ] GC(77) Old regions: 21->21
[32.439s][info][gc,heap     ] GC(77) Archive regions: 0->0
[32.439s][info][gc,heap     ] GC(77) Humongous regions: 50->13
[32.439s][info][gc,metaspace] GC(77) Metaspace: 89773K(90688K)->89773K(90688K) NonClass: 77935K(78464K)->77935K(78464K) Class: 11838K(12224K)->11838K(12224K)
[32.439s][info][gc          ] GC(77) Pause Young (Concurrent Start) (G1 Humongous Allocation) 320M->133M(632M) 1.981ms
[32.439s][info][gc,cpu      ] GC(77) User=0.00s Sys=0.00s Real=0.00s
[32.439s][info][gc          ] GC(78) Concurrent Undo Cycle
[32.439s][info][gc,marking  ] GC(78) Concurrent Cleanup for Next Mark
[32.440s][info][gc,marking  ] GC(78) Concurrent Cleanup for Next Mark 0.452ms
[32.440s][info][gc          ] GC(78) Concurrent Undo Cycle 0.527ms
[49.273s][info][gc,start    ] GC(79) Pause Young (Concurrent Start) (G1 Humongous Allocation)
[49.273s][info][gc,task     ] GC(79) Using 13 workers of 13 for evacuation
[49.275s][info][gc,phases   ] GC(79)   Pre Evacuate Collection Set: 0.2ms
[49.275s][info][gc,phases   ] GC(79)   Merge Heap Roots: 0.1ms
[49.275s][info][gc,phases   ] GC(79)   Evacuate Collection Set: 1.5ms
[49.275s][info][gc,phases   ] GC(79)   Post Evacuate Collection Set: 0.4ms
[49.275s][info][gc,phases   ] GC(79)   Other: 0.2ms
[49.275s][info][gc,heap     ] GC(79) Eden regions: 23->0(93)
[49.275s][info][gc,heap     ] GC(79) Survivor regions: 1->1(12)
[49.275s][info][gc,heap     ] GC(79) Old regions: 21->21
[49.275s][info][gc,heap     ] GC(79) Archive regions: 0->0
[49.275s][info][gc,heap     ] GC(79) Humongous regions: 49->13
[49.275s][info][gc,metaspace] GC(79) Metaspace: 90043K(91008K)->90043K(91008K) NonClass: 78146K(78656K)->78146K(78656K) Class: 11896K(12352K)->11896K(12352K)
[49.275s][info][gc          ] GC(79) Pause Young (Concurrent Start) (G1 Humongous Allocation) 368M->134M(632M) 2.474ms
[49.276s][info][gc,cpu      ] GC(79) User=0.00s Sys=0.00s Real=0.00s
[49.276s][info][gc          ] GC(80) Concurrent Undo Cycle
[49.276s][info][gc,marking  ] GC(80) Concurrent Cleanup for Next Mark
[49.276s][info][gc,marking  ] GC(80) Concurrent Cleanup for Next Mark 0.390ms
[49.276s][info][gc          ] GC(80) Concurrent Undo Cycle 0.466ms
[50.145s][info][gc,start    ] GC(81) Pause Young (Concurrent Start) (G1 Humongous Allocation)
[50.145s][info][gc,task     ] GC(81) Using 13 workers of 13 for evacuation
[50.149s][info][gc,phases   ] GC(81)   Pre Evacuate Collection Set: 0.3ms
[50.149s][info][gc,phases   ] GC(81)   Merge Heap Roots: 0.1ms
[50.149s][info][gc,phases   ] GC(81)   Evacuate Collection Set: 1.9ms
[50.149s][info][gc,phases   ] GC(81)   Post Evacuate Collection Set: 0.6ms
[50.149s][info][gc,phases   ] GC(81)   Other: 0.4ms
[50.149s][info][gc,heap     ] GC(81) Eden regions: 10->0(93)
[50.149s][info][gc,heap     ] GC(81) Survivor regions: 1->1(12)
[50.149s][info][gc,heap     ] GC(81) Old regions: 21->21
[50.149s][info][gc,heap     ] GC(81) Archive regions: 0->0
[50.149s][info][gc,heap     ] GC(81) Humongous regions: 50->13
[50.149s][info][gc,metaspace] GC(81) Metaspace: 90043K(91008K)->90043K(91008K) NonClass: 78147K(78656K)->78147K(78656K) Class: 11896K(12352K)->11896K(12352K)
[50.149s][info][gc          ] GC(81) Pause Young (Concurrent Start) (G1 Humongous Allocation) 319M->134M(632M) 3.419ms
[50.149s][info][gc,cpu      ] GC(81) User=0.02s Sys=0.00s Real=0.00s
[50.149s][info][gc          ] GC(82) Concurrent Undo Cycle
[50.149s][info][gc,marking  ] GC(82) Concurrent Cleanup for Next Mark
[50.149s][info][gc,marking  ] GC(82) Concurrent Cleanup for Next Mark 0.497ms
[50.149s][info][gc          ] GC(82) Concurrent Undo Cycle 0.576ms
[50.929s][info][gc,start    ] GC(83) Pause Young (Concurrent Start) (G1 Humongous Allocation)
[50.929s][info][gc,task     ] GC(83) Using 13 workers of 13 for evacuation
[50.931s][info][gc,phases   ] GC(83)   Pre Evacuate Collection Set: 0.1ms
[50.931s][info][gc,phases   ] GC(83)   Merge Heap Roots: 0.0ms
[50.931s][info][gc,phases   ] GC(83)   Evacuate Collection Set: 1.3ms
[50.931s][info][gc,phases   ] GC(83)   Post Evacuate Collection Set: 0.6ms
[50.931s][info][gc,phases   ] GC(83)   Other: 0.2ms
[50.931s][info][gc,heap     ] GC(83) Eden regions: 10->0(93)
[50.931s][info][gc,heap     ] GC(83) Survivor regions: 1->1(12)
[50.931s][info][gc,heap     ] GC(83) Old regions: 21->21
[50.931s][info][gc,heap     ] GC(83) Archive regions: 0->0
[50.931s][info][gc,heap     ] GC(83) Humongous regions: 51->2
[50.931s][info][gc,metaspace] GC(83) Metaspace: 90043K(91008K)->90043K(91008K) NonClass: 78147K(78656K)->78147K(78656K) Class: 11896K(12352K)->11896K(12352K)
[50.931s][info][gc          ] GC(83) Pause Young (Concurrent Start) (G1 Humongous Allocation) 323M->89M(632M) 2.413ms
[50.931s][info][gc,cpu      ] GC(83) User=0.00s Sys=0.00s Real=0.00s
[50.931s][info][gc          ] GC(84) Concurrent Undo Cycle
[50.931s][info][gc,marking  ] GC(84) Concurrent Cleanup for Next Mark
[50.932s][info][gc,marking  ] GC(84) Concurrent Cleanup for Next Mark 0.444ms
[50.932s][info][gc          ] GC(84) Concurrent Undo Cycle 0.534ms
[51.698s][info][gc,start    ] GC(85) Pause Young (Concurrent Start) (G1 Humongous Allocation)
[51.698s][info][gc,task     ] GC(85) Using 13 workers of 13 for evacuation
[51.700s][info][gc,phases   ] GC(85)   Pre Evacuate Collection Set: 0.2ms
[51.700s][info][gc,phases   ] GC(85)   Merge Heap Roots: 0.1ms
[51.700s][info][gc,phases   ] GC(85)   Evacuate Collection Set: 1.0ms
[51.700s][info][gc,phases   ] GC(85)   Post Evacuate Collection Set: 0.5ms
[51.700s][info][gc,phases   ] GC(85)   Other: 0.2ms
[51.700s][info][gc,heap     ] GC(85) Eden regions: 11->0(93)
[51.700s][info][gc,heap     ] GC(85) Survivor regions: 1->1(12)
[51.700s][info][gc,heap     ] GC(85) Old regions: 21->21
[51.700s][info][gc,heap     ] GC(85) Archive regions: 0->0
[51.700s][info][gc,heap     ] GC(85) Humongous regions: 50->9
[51.700s][info][gc,metaspace] GC(85) Metaspace: 90043K(91008K)->90043K(91008K) NonClass: 78147K(78656K)->78147K(78656K) Class: 11896K(12352K)->11896K(12352K)
[51.700s][info][gc          ] GC(85) Pause Young (Concurrent Start) (G1 Humongous Allocation) 324M->117M(632M) 1.955ms
[51.700s][info][gc,cpu      ] GC(85) User=0.00s Sys=0.00s Real=0.00s
[51.700s][info][gc          ] GC(86) Concurrent Undo Cycle
[51.700s][info][gc,marking  ] GC(86) Concurrent Cleanup for Next Mark
[51.700s][info][gc,marking  ] GC(86) Concurrent Cleanup for Next Mark 0.409ms
[51.700s][info][gc          ] GC(86) Concurrent Undo Cycle 0.487ms
[52.285s][info][gc,start    ] GC(87) Pause Young (Concurrent Start) (G1 Humongous Allocation)
[52.285s][info][gc,task     ] GC(87) Using 13 workers of 13 for evacuation
[52.287s][info][gc,phases   ] GC(87)   Pre Evacuate Collection Set: 0.1ms
[52.288s][info][gc,phases   ] GC(87)   Merge Heap Roots: 0.0ms
[52.288s][info][gc,phases   ] GC(87)   Evacuate Collection Set: 1.4ms
[52.288s][info][gc,phases   ] GC(87)   Post Evacuate Collection Set: 0.3ms
[52.288s][info][gc,phases   ] GC(87)   Other: 0.2ms
[52.288s][info][gc,heap     ] GC(87) Eden regions: 9->0(93)
[52.288s][info][gc,heap     ] GC(87) Survivor regions: 1->1(12)
[52.288s][info][gc,heap     ] GC(87) Old regions: 21->21
[52.288s][info][gc,heap     ] GC(87) Archive regions: 0->0
[52.288s][info][gc,heap     ] GC(87) Humongous regions: 51->11
[52.288s][info][gc,metaspace] GC(87) Metaspace: 90043K(91008K)->90043K(91008K) NonClass: 78147K(78656K)->78147K(78656K) Class: 11896K(12352K)->11896K(12352K)
[52.288s][info][gc          ] GC(87) Pause Young (Concurrent Start) (G1 Humongous Allocation) 320M->126M(632M) 2.238ms
[52.288s][info][gc,cpu      ] GC(87) User=0.16s Sys=0.02s Real=0.00s
[52.288s][info][gc          ] GC(88) Concurrent Undo Cycle
[52.288s][info][gc,marking  ] GC(88) Concurrent Cleanup for Next Mark
[52.288s][info][gc,marking  ] GC(88) Concurrent Cleanup for Next Mark 0.433ms
[52.288s][info][gc          ] GC(88) Concurrent Undo Cycle 0.505ms
[53.113s][info][gc,start    ] GC(89) Pause Young (Concurrent Start) (G1 Humongous Allocation)
[53.113s][info][gc,task     ] GC(89) Using 13 workers of 13 for evacuation
[53.115s][info][gc,phases   ] GC(89)   Pre Evacuate Collection Set: 0.1ms
[53.115s][info][gc,phases   ] GC(89)   Merge Heap Roots: 0.0ms
[53.115s][info][gc,phases   ] GC(89)   Evacuate Collection Set: 1.0ms
[53.115s][info][gc,phases   ] GC(89)   Post Evacuate Collection Set: 0.9ms
[53.115s][info][gc,phases   ] GC(89)   Other: 0.2ms
[53.115s][info][gc,heap     ] GC(89) Eden regions: 10->0(93)
[53.115s][info][gc,heap     ] GC(89) Survivor regions: 1->1(12)
[53.115s][info][gc,heap     ] GC(89) Old regions: 21->21
[53.115s][info][gc,heap     ] GC(89) Archive regions: 0->0
[53.115s][info][gc,heap     ] GC(89) Humongous regions: 50->12
[53.115s][info][gc,metaspace] GC(89) Metaspace: 90043K(91008K)->90043K(91008K) NonClass: 78147K(78656K)->78147K(78656K) Class: 11896K(12352K)->11896K(12352K)
[53.115s][info][gc          ] GC(89) Pause Young (Concurrent Start) (G1 Humongous Allocation) 321M->131M(632M) 2.364ms
[53.115s][info][gc,cpu      ] GC(89) User=0.00s Sys=0.00s Real=0.00s
[53.115s][info][gc          ] GC(90) Concurrent Undo Cycle
[53.115s][info][gc,marking  ] GC(90) Concurrent Cleanup for Next Mark
[53.116s][info][gc,marking  ] GC(90) Concurrent Cleanup for Next Mark 0.558ms
[53.116s][info][gc          ] GC(90) Concurrent Undo Cycle 0.636ms
[53.913s][info][gc,start    ] GC(91) Pause Young (Concurrent Start) (G1 Humongous Allocation)
[53.913s][info][gc,task     ] GC(91) Using 13 workers of 13 for evacuation
[53.914s][info][gc,phases   ] GC(91)   Pre Evacuate Collection Set: 0.1ms
[53.914s][info][gc,phases   ] GC(91)   Merge Heap Roots: 0.0ms
[53.914s][info][gc,phases   ] GC(91)   Evacuate Collection Set: 0.8ms
[53.914s][info][gc,phases   ] GC(91)   Post Evacuate Collection Set: 0.3ms
[53.914s][info][gc,phases   ] GC(91)   Other: 0.1ms
[53.914s][info][gc,heap     ] GC(91) Eden regions: 10->0(93)
[53.914s][info][gc,heap     ] GC(91) Survivor regions: 1->1(12)
[53.914s][info][gc,heap     ] GC(91) Old regions: 21->21
[53.914s][info][gc,heap     ] GC(91) Archive regions: 0->0
[53.914s][info][gc,heap     ] GC(91) Humongous regions: 51->8
[53.914s][info][gc,metaspace] GC(91) Metaspace: 90043K(91008K)->90043K(91008K) NonClass: 78147K(78656K)->78147K(78656K) Class: 11896K(12352K)->11896K(12352K)
[53.915s][info][gc          ] GC(91) Pause Young (Concurrent Start) (G1 Humongous Allocation) 323M->114M(632M) 1.445ms
[53.915s][info][gc,cpu      ] GC(91) User=0.00s Sys=0.00s Real=0.00s
[53.915s][info][gc          ] GC(92) Concurrent Undo Cycle
[53.915s][info][gc,marking  ] GC(92) Concurrent Cleanup for Next Mark
[53.915s][info][gc,marking  ] GC(92) Concurrent Cleanup for Next Mark 0.489ms
[53.915s][info][gc          ] GC(92) Concurrent Undo Cycle 0.559ms
[54.675s][info][gc,start    ] GC(93) Pause Young (Concurrent Start) (G1 Humongous Allocation)
[54.675s][info][gc,task     ] GC(93) Using 13 workers of 13 for evacuation
[54.678s][info][gc,phases   ] GC(93)   Pre Evacuate Collection Set: 0.1ms
[54.678s][info][gc,phases   ] GC(93)   Merge Heap Roots: 0.1ms
[54.678s][info][gc,phases   ] GC(93)   Evacuate Collection Set: 1.3ms
[54.678s][info][gc,phases   ] GC(93)   Post Evacuate Collection Set: 0.8ms
[54.678s][info][gc,phases   ] GC(93)   Other: 0.2ms
[54.678s][info][gc,heap     ] GC(93) Eden regions: 11->0(93)
[54.678s][info][gc,heap     ] GC(93) Survivor regions: 1->1(12)
[54.678s][info][gc,heap     ] GC(93) Old regions: 21->21
[54.678s][info][gc,heap     ] GC(93) Archive regions: 0->0
[54.678s][info][gc,heap     ] GC(93) Humongous regions: 50->5
[54.678s][info][gc,metaspace] GC(93) Metaspace: 90043K(91008K)->90043K(91008K) NonClass: 78147K(78656K)->78147K(78656K) Class: 11896K(12352K)->11896K(12352K)
[54.678s][info][gc          ] GC(93) Pause Young (Concurrent Start) (G1 Humongous Allocation) 323M->103M(632M) 2.608ms
[54.678s][info][gc,cpu      ] GC(93) User=0.05s Sys=0.00s Real=0.00s
[54.678s][info][gc          ] GC(94) Concurrent Undo Cycle
[54.678s][info][gc,marking  ] GC(94) Concurrent Cleanup for Next Mark
[54.678s][info][gc,marking  ] GC(94) Concurrent Cleanup for Next Mark 0.475ms
[54.679s][info][gc          ] GC(94) Concurrent Undo Cycle 0.560ms
[55.320s][info][gc,start    ] GC(95) Pause Young (Concurrent Start) (G1 Humongous Allocation)
[55.320s][info][gc,task     ] GC(95) Using 13 workers of 13 for evacuation
[55.322s][info][gc,phases   ] GC(95)   Pre Evacuate Collection Set: 0.3ms
[55.322s][info][gc,phases   ] GC(95)   Merge Heap Roots: 0.1ms
[55.322s][info][gc,phases   ] GC(95)   Evacuate Collection Set: 1.3ms
[55.322s][info][gc,phases   ] GC(95)   Post Evacuate Collection Set: 0.3ms
[55.322s][info][gc,phases   ] GC(95)   Other: 0.2ms
[55.322s][info][gc,heap     ] GC(95) Eden regions: 10->0(93)
[55.322s][info][gc,heap     ] GC(95) Survivor regions: 1->1(12)
[55.322s][info][gc,heap     ] GC(95) Old regions: 21->21
[55.322s][info][gc,heap     ] GC(95) Archive regions: 0->0
[55.322s][info][gc,heap     ] GC(95) Humongous regions: 50->9
[55.322s][info][gc,metaspace] GC(95) Metaspace: 90043K(91008K)->90043K(91008K) NonClass: 78147K(78656K)->78147K(78656K) Class: 11896K(12352K)->11896K(12352K)
[55.322s][info][gc          ] GC(95) Pause Young (Concurrent Start) (G1 Humongous Allocation) 321M->119M(632M) 2.300ms
[55.322s][info][gc,cpu      ] GC(95) User=0.00s Sys=0.00s Real=0.00s
[55.322s][info][gc          ] GC(96) Concurrent Undo Cycle
[55.322s][info][gc,marking  ] GC(96) Concurrent Cleanup for Next Mark
[55.322s][info][gc,marking  ] GC(96) Concurrent Cleanup for Next Mark 0.406ms
[55.323s][info][gc          ] GC(96) Concurrent Undo Cycle 0.464ms
[56.066s][info][gc,start    ] GC(97) Pause Young (Concurrent Start) (G1 Humongous Allocation)
[56.066s][info][gc,task     ] GC(97) Using 13 workers of 13 for evacuation
[56.069s][info][gc,phases   ] GC(97)   Pre Evacuate Collection Set: 0.4ms
[56.069s][info][gc,phases   ] GC(97)   Merge Heap Roots: 0.0ms
[56.069s][info][gc,phases   ] GC(97)   Evacuate Collection Set: 1.3ms
[56.069s][info][gc,phases   ] GC(97)   Post Evacuate Collection Set: 0.5ms
[56.069s][info][gc,phases   ] GC(97)   Other: 0.2ms
[56.069s][info][gc,heap     ] GC(97) Eden regions: 10->0(93)
[56.069s][info][gc,heap     ] GC(97) Survivor regions: 1->1(12)
[56.069s][info][gc,heap     ] GC(97) Old regions: 21->21
[56.069s][info][gc,heap     ] GC(97) Archive regions: 0->0
[56.069s][info][gc,heap     ] GC(97) Humongous regions: 51->9
[56.069s][info][gc,metaspace] GC(97) Metaspace: 90043K(91008K)->90043K(91008K) NonClass: 78147K(78656K)->78147K(78656K) Class: 11896K(12352K)->11896K(12352K)
[56.069s][info][gc          ] GC(97) Pause Young (Concurrent Start) (G1 Humongous Allocation) 326M->119M(632M) 2.596ms
[56.069s][info][gc,cpu      ] GC(97) User=0.12s Sys=0.00s Real=0.00s
[56.069s][info][gc          ] GC(98) Concurrent Undo Cycle
[56.069s][info][gc,marking  ] GC(98) Concurrent Cleanup for Next Mark
[56.069s][info][gc,marking  ] GC(98) Concurrent Cleanup for Next Mark 0.427ms
[56.070s][info][gc          ] GC(98) Concurrent Undo Cycle 0.487ms
[56.762s][info][gc,start    ] GC(99) Pause Young (Concurrent Start) (G1 Humongous Allocation)
[56.762s][info][gc,task     ] GC(99) Using 13 workers of 13 for evacuation
[56.764s][info][gc,phases   ] GC(99)   Pre Evacuate Collection Set: 0.1ms
[56.764s][info][gc,phases   ] GC(99)   Merge Heap Roots: 0.0ms
[56.764s][info][gc,phases   ] GC(99)   Evacuate Collection Set: 0.8ms
[56.764s][info][gc,phases   ] GC(99)   Post Evacuate Collection Set: 0.3ms
[56.764s][info][gc,phases   ] GC(99)   Other: 0.2ms
[56.764s][info][gc,heap     ] GC(99) Eden regions: 11->0(93)
[56.764s][info][gc,heap     ] GC(99) Survivor regions: 1->1(12)
[56.764s][info][gc,heap     ] GC(99) Old regions: 21->21
[56.764s][info][gc,heap     ] GC(99) Archive regions: 0->0
[56.764s][info][gc,heap     ] GC(99) Humongous regions: 51->6
[56.764s][info][gc,metaspace] GC(99) Metaspace: 90043K(91008K)->90043K(91008K) NonClass: 78147K(78656K)->78147K(78656K) Class: 11896K(12352K)->11896K(12352K)
[56.764s][info][gc          ] GC(99) Pause Young (Concurrent Start) (G1 Humongous Allocation) 328M->107M(632M) 1.610ms
[56.764s][info][gc,cpu      ] GC(99) User=0.00s Sys=0.00s Real=0.00s
[56.764s][info][gc          ] GC(100) Concurrent Undo Cycle
[56.764s][info][gc,marking  ] GC(100) Concurrent Cleanup for Next Mark
[56.764s][info][gc,marking  ] GC(100) Concurrent Cleanup for Next Mark 0.468ms
[56.764s][info][gc          ] GC(100) Concurrent Undo Cycle 0.540ms
[57.354s][info][gc,start    ] GC(101) Pause Young (Concurrent Start) (G1 Humongous Allocation)
[57.354s][info][gc,task     ] GC(101) Using 13 workers of 13 for evacuation
[57.356s][info][gc,phases   ] GC(101)   Pre Evacuate Collection Set: 0.8ms
[57.356s][info][gc,phases   ] GC(101)   Merge Heap Roots: 0.1ms
[57.357s][info][gc,phases   ] GC(101)   Evacuate Collection Set: 0.9ms
[57.357s][info][gc,phases   ] GC(101)   Post Evacuate Collection Set: 0.4ms
[57.357s][info][gc,phases   ] GC(101)   Other: 0.2ms
[57.357s][info][gc,heap     ] GC(101) Eden regions: 9->0(93)
[57.357s][info][gc,heap     ] GC(101) Survivor regions: 1->1(12)
[57.357s][info][gc,heap     ] GC(101) Old regions: 21->21
[57.357s][info][gc,heap     ] GC(101) Archive regions: 0->0
[57.357s][info][gc,heap     ] GC(101) Humongous regions: 51->11
[57.357s][info][gc,metaspace] GC(101) Metaspace: 90044K(91008K)->90044K(91008K) NonClass: 78147K(78656K)->78147K(78656K) Class: 11896K(12352K)->11896K(12352K)
[57.357s][info][gc          ] GC(101) Pause Young (Concurrent Start) (G1 Humongous Allocation) 323M->126M(632M) 2.442ms
[57.357s][info][gc,cpu      ] GC(101) User=0.00s Sys=0.00s Real=0.00s
[57.357s][info][gc          ] GC(102) Concurrent Undo Cycle
[57.357s][info][gc,marking  ] GC(102) Concurrent Cleanup for Next Mark
[57.357s][info][gc,marking  ] GC(102) Concurrent Cleanup for Next Mark 0.543ms
[57.357s][info][gc          ] GC(102) Concurrent Undo Cycle 0.625ms
[58.026s][info][gc,start    ] GC(103) Pause Young (Concurrent Start) (G1 Humongous Allocation)
[58.026s][info][gc,task     ] GC(103) Using 13 workers of 13 for evacuation
[58.028s][info][gc,phases   ] GC(103)   Pre Evacuate Collection Set: 0.3ms
[58.028s][info][gc,phases   ] GC(103)   Merge Heap Roots: 0.1ms
[58.028s][info][gc,phases   ] GC(103)   Evacuate Collection Set: 0.9ms
[58.028s][info][gc,phases   ] GC(103)   Post Evacuate Collection Set: 0.7ms
[58.028s][info][gc,phases   ] GC(103)   Other: 0.2ms
[58.028s][info][gc,heap     ] GC(103) Eden regions: 10->0(93)
[58.028s][info][gc,heap     ] GC(103) Survivor regions: 1->1(12)
[58.028s][info][gc,heap     ] GC(103) Old regions: 21->21
[58.028s][info][gc,heap     ] GC(103) Archive regions: 0->0
[58.028s][info][gc,heap     ] GC(103) Humongous regions: 50->12
[58.028s][info][gc,metaspace] GC(103) Metaspace: 90044K(91008K)->90044K(91008K) NonClass: 78147K(78656K)->78147K(78656K) Class: 11896K(12352K)->11896K(12352K)
[58.028s][info][gc          ] GC(103) Pause Young (Concurrent Start) (G1 Humongous Allocation) 320M->131M(632M) 2.322ms
[58.028s][info][gc,cpu      ] GC(103) User=0.00s Sys=0.00s Real=0.00s
[58.028s][info][gc          ] GC(104) Concurrent Undo Cycle
[58.028s][info][gc,marking  ] GC(104) Concurrent Cleanup for Next Mark
[58.028s][info][gc,marking  ] GC(104) Concurrent Cleanup for Next Mark 0.388ms
[58.028s][info][gc          ] GC(104) Concurrent Undo Cycle 0.505ms
[58.738s][info][gc,start    ] GC(105) Pause Young (Concurrent Start) (G1 Humongous Allocation)
[58.738s][info][gc,task     ] GC(105) Using 13 workers of 13 for evacuation
[58.740s][info][gc,phases   ] GC(105)   Pre Evacuate Collection Set: 0.3ms
[58.740s][info][gc,phases   ] GC(105)   Merge Heap Roots: 0.1ms
[58.740s][info][gc,phases   ] GC(105)   Evacuate Collection Set: 0.9ms
[58.740s][info][gc,phases   ] GC(105)   Post Evacuate Collection Set: 0.3ms
[58.740s][info][gc,phases   ] GC(105)   Other: 0.2ms
[58.740s][info][gc,heap     ] GC(105) Eden regions: 9->0(93)
[58.740s][info][gc,heap     ] GC(105) Survivor regions: 1->1(12)
[58.740s][info][gc,heap     ] GC(105) Old regions: 21->21
[58.740s][info][gc,heap     ] GC(105) Archive regions: 0->0
[58.740s][info][gc,heap     ] GC(105) Humongous regions: 51->14
[58.740s][info][gc,metaspace] GC(105) Metaspace: 90044K(91008K)->90044K(91008K) NonClass: 78147K(78656K)->78147K(78656K) Class: 11896K(12352K)->11896K(12352K)
[58.740s][info][gc          ] GC(105) Pause Young (Concurrent Start) (G1 Humongous Allocation) 321M->138M(632M) 1.905ms
[58.740s][info][gc,cpu      ] GC(105) User=0.06s Sys=0.12s Real=0.00s
[58.740s][info][gc          ] GC(106) Concurrent Undo Cycle
[58.740s][info][gc,marking  ] GC(106) Concurrent Cleanup for Next Mark
[58.741s][info][gc,marking  ] GC(106) Concurrent Cleanup for Next Mark 0.449ms
[58.741s][info][gc          ] GC(106) Concurrent Undo Cycle 0.507ms
[59.567s][info][gc,start    ] GC(107) Pause Young (Concurrent Start) (G1 Humongous Allocation)
[59.567s][info][gc,task     ] GC(107) Using 13 workers of 13 for evacuation
[59.568s][info][gc,phases   ] GC(107)   Pre Evacuate Collection Set: 0.1ms
[59.568s][info][gc,phases   ] GC(107)   Merge Heap Roots: 0.0ms
[59.568s][info][gc,phases   ] GC(107)   Evacuate Collection Set: 0.7ms
[59.568s][info][gc,phases   ] GC(107)   Post Evacuate Collection Set: 0.3ms
[59.568s][info][gc,phases   ] GC(107)   Other: 0.1ms
[59.568s][info][gc,heap     ] GC(107) Eden regions: 10->0(93)
[59.568s][info][gc,heap     ] GC(107) Survivor regions: 1->1(12)
[59.568s][info][gc,heap     ] GC(107) Old regions: 21->21
[59.568s][info][gc,heap     ] GC(107) Archive regions: 0->0
[59.568s][info][gc,heap     ] GC(107) Humongous regions: 50->5
[59.568s][info][gc,metaspace] GC(107) Metaspace: 90044K(91008K)->90044K(91008K) NonClass: 78147K(78656K)->78147K(78656K) Class: 11896K(12352K)->11896K(12352K)
[59.568s][info][gc          ] GC(107) Pause Young (Concurrent Start) (G1 Humongous Allocation) 320M->102M(632M) 1.408ms
[59.568s][info][gc,cpu      ] GC(107) User=0.19s Sys=0.02s Real=0.00s
[59.568s][info][gc          ] GC(108) Concurrent Undo Cycle
[59.568s][info][gc,marking  ] GC(108) Concurrent Cleanup for Next Mark
[59.569s][info][gc,marking  ] GC(108) Concurrent Cleanup for Next Mark 0.390ms
[59.569s][info][gc          ] GC(108) Concurrent Undo Cycle 0.447ms
[60.284s][info][gc,start    ] GC(109) Pause Young (Concurrent Start) (G1 Humongous Allocation)
[60.284s][info][gc,task     ] GC(109) Using 13 workers of 13 for evacuation
[60.285s][info][gc,phases   ] GC(109)   Pre Evacuate Collection Set: 0.2ms
[60.285s][info][gc,phases   ] GC(109)   Merge Heap Roots: 0.0ms
[60.285s][info][gc,phases   ] GC(109)   Evacuate Collection Set: 0.8ms
[60.285s][info][gc,phases   ] GC(109)   Post Evacuate Collection Set: 0.4ms
[60.285s][info][gc,phases   ] GC(109)   Other: 0.2ms
[60.285s][info][gc,heap     ] GC(109) Eden regions: 11->0(93)
[60.285s][info][gc,heap     ] GC(109) Survivor regions: 1->1(12)
[60.285s][info][gc,heap     ] GC(109) Old regions: 21->21
[60.285s][info][gc,heap     ] GC(109) Archive regions: 0->0
[60.285s][info][gc,heap     ] GC(109) Humongous regions: 50->9
[60.285s][info][gc,metaspace] GC(109) Metaspace: 90044K(91008K)->90044K(91008K) NonClass: 78147K(78656K)->78147K(78656K) Class: 11896K(12352K)->11896K(12352K)
[60.285s][info][gc          ] GC(109) Pause Young (Concurrent Start) (G1 Humongous Allocation) 325M->120M(632M) 1.683ms
[60.285s][info][gc,cpu      ] GC(109) User=0.00s Sys=0.00s Real=0.00s
[60.285s][info][gc          ] GC(110) Concurrent Undo Cycle
[60.285s][info][gc,marking  ] GC(110) Concurrent Cleanup for Next Mark
[60.286s][info][gc,marking  ] GC(110) Concurrent Cleanup for Next Mark 0.428ms
[60.286s][info][gc          ] GC(110) Concurrent Undo Cycle 0.475ms
[60.877s][info][gc,start    ] GC(111) Pause Young (Concurrent Start) (G1 Humongous Allocation)
[60.877s][info][gc,task     ] GC(111) Using 13 workers of 13 for evacuation
[60.879s][info][gc,phases   ] GC(111)   Pre Evacuate Collection Set: 0.2ms
[60.879s][info][gc,phases   ] GC(111)   Merge Heap Roots: 0.0ms
[60.879s][info][gc,phases   ] GC(111)   Evacuate Collection Set: 0.8ms
[60.879s][info][gc,phases   ] GC(111)   Post Evacuate Collection Set: 0.9ms
[60.879s][info][gc,phases   ] GC(111)   Other: 0.2ms
[60.879s][info][gc,heap     ] GC(111) Eden regions: 10->0(93)
[60.879s][info][gc,heap     ] GC(111) Survivor regions: 1->1(12)
[60.879s][info][gc,heap     ] GC(111) Old regions: 21->21
[60.879s][info][gc,heap     ] GC(111) Archive regions: 0->0
[60.879s][info][gc,heap     ] GC(111) Humongous regions: 51->12
[60.879s][info][gc,metaspace] GC(111) Metaspace: 90044K(91008K)->90044K(91008K) NonClass: 78148K(78656K)->78148K(78656K) Class: 11896K(12352K)->11896K(12352K)
[60.879s][info][gc          ] GC(111) Pause Young (Concurrent Start) (G1 Humongous Allocation) 326M->131M(632M) 2.257ms
[60.879s][info][gc,cpu      ] GC(111) User=0.00s Sys=0.00s Real=0.00s
[60.879s][info][gc          ] GC(112) Concurrent Undo Cycle
[60.879s][info][gc,marking  ] GC(112) Concurrent Cleanup for Next Mark
[60.880s][info][gc,marking  ] GC(112) Concurrent Cleanup for Next Mark 0.485ms
[60.880s][info][gc          ] GC(112) Concurrent Undo Cycle 0.559ms
[61.717s][info][gc,start    ] GC(113) Pause Young (Concurrent Start) (G1 Humongous Allocation)
[61.717s][info][gc,task     ] GC(113) Using 13 workers of 13 for evacuation
[61.719s][info][gc,phases   ] GC(113)   Pre Evacuate Collection Set: 0.2ms
[61.719s][info][gc,phases   ] GC(113)   Merge Heap Roots: 0.0ms
[61.719s][info][gc,phases   ] GC(113)   Evacuate Collection Set: 0.8ms
[61.719s][info][gc,phases   ] GC(113)   Post Evacuate Collection Set: 0.3ms
[61.719s][info][gc,phases   ] GC(113)   Other: 0.2ms
[61.719s][info][gc,heap     ] GC(113) Eden regions: 10->0(93)
[61.719s][info][gc,heap     ] GC(113) Survivor regions: 1->1(12)
[61.719s][info][gc,heap     ] GC(113) Old regions: 21->21
[61.719s][info][gc,heap     ] GC(113) Archive regions: 0->0
[61.719s][info][gc,heap     ] GC(113) Humongous regions: 51->5
[61.719s][info][gc,metaspace] GC(113) Metaspace: 90045K(91008K)->90045K(91008K) NonClass: 78148K(78656K)->78148K(78656K) Class: 11896K(12352K)->11896K(12352K)
[61.719s][info][gc          ] GC(113) Pause Young (Concurrent Start) (G1 Humongous Allocation) 325M->102M(632M) 1.545ms
[61.719s][info][gc,cpu      ] GC(113) User=0.00s Sys=0.00s Real=0.00s
[61.719s][info][gc          ] GC(114) Concurrent Undo Cycle
[61.719s][info][gc,marking  ] GC(114) Concurrent Cleanup for Next Mark
[61.719s][info][gc,marking  ] GC(114) Concurrent Cleanup for Next Mark 0.465ms
[61.719s][info][gc          ] GC(114) Concurrent Undo Cycle 0.524ms
[62.356s][info][gc,start    ] GC(115) Pause Young (Concurrent Start) (G1 Humongous Allocation)
[62.356s][info][gc,task     ] GC(115) Using 13 workers of 13 for evacuation
[62.359s][info][gc,phases   ] GC(115)   Pre Evacuate Collection Set: 0.3ms
[62.359s][info][gc,phases   ] GC(115)   Merge Heap Roots: 0.1ms
[62.359s][info][gc,phases   ] GC(115)   Evacuate Collection Set: 1.2ms
[62.359s][info][gc,phases   ] GC(115)   Post Evacuate Collection Set: 1.0ms
[62.359s][info][gc,phases   ] GC(115)   Other: 0.2ms
[62.359s][info][gc,heap     ] GC(115) Eden regions: 11->0(93)
[62.359s][info][gc,heap     ] GC(115) Survivor regions: 1->1(12)
[62.359s][info][gc,heap     ] GC(115) Old regions: 21->21
[62.359s][info][gc,heap     ] GC(115) Archive regions: 0->0
[62.359s][info][gc,heap     ] GC(115) Humongous regions: 50->9
[62.359s][info][gc,metaspace] GC(115) Metaspace: 90045K(91008K)->90045K(91008K) NonClass: 78148K(78656K)->78148K(78656K) Class: 11897K(12352K)->11897K(12352K)
[62.359s][info][gc          ] GC(115) Pause Young (Concurrent Start) (G1 Humongous Allocation) 323M->119M(632M) 2.878ms
[62.359s][info][gc,cpu      ] GC(115) User=0.00s Sys=0.00s Real=0.00s
[62.359s][info][gc          ] GC(116) Concurrent Undo Cycle
[62.359s][info][gc,marking  ] GC(116) Concurrent Cleanup for Next Mark
[62.359s][info][gc,marking  ] GC(116) Concurrent Cleanup for Next Mark 0.464ms
[62.359s][info][gc          ] GC(116) Concurrent Undo Cycle 0.542ms
[63.014s][info][gc,start    ] GC(117) Pause Young (Concurrent Start) (G1 Humongous Allocation)
[63.014s][info][gc,task     ] GC(117) Using 13 workers of 13 for evacuation
[63.015s][info][gc,phases   ] GC(117)   Pre Evacuate Collection Set: 0.2ms
[63.015s][info][gc,phases   ] GC(117)   Merge Heap Roots: 0.1ms
[63.015s][info][gc,phases   ] GC(117)   Evacuate Collection Set: 0.8ms
[63.015s][info][gc,phases   ] GC(117)   Post Evacuate Collection Set: 0.3ms
[63.015s][info][gc,phases   ] GC(117)   Other: 0.4ms
[63.015s][info][gc,heap     ] GC(117) Eden regions: 10->0(93)
[63.015s][info][gc,heap     ] GC(117) Survivor regions: 1->1(12)
[63.015s][info][gc,heap     ] GC(117) Old regions: 21->21
[63.015s][info][gc,heap     ] GC(117) Archive regions: 0->0
[63.015s][info][gc,heap     ] GC(117) Humongous regions: 51->12
[63.015s][info][gc,metaspace] GC(117) Metaspace: 90045K(91008K)->90045K(91008K) NonClass: 78148K(78656K)->78148K(78656K) Class: 11897K(12352K)->11897K(12352K)
[63.015s][info][gc          ] GC(117) Pause Young (Concurrent Start) (G1 Humongous Allocation) 326M->131M(632M) 1.885ms
[63.015s][info][gc,cpu      ] GC(117) User=0.00s Sys=0.00s Real=0.00s
[63.015s][info][gc          ] GC(118) Concurrent Undo Cycle
[63.016s][info][gc,marking  ] GC(118) Concurrent Cleanup for Next Mark
[63.016s][info][gc,marking  ] GC(118) Concurrent Cleanup for Next Mark 0.375ms
[63.016s][info][gc          ] GC(118) Concurrent Undo Cycle 0.436ms
[78.452s][info][gc,start    ] GC(119) Pause Young (Concurrent Start) (G1 Humongous Allocation)
[78.452s][info][gc,task     ] GC(119) Using 13 workers of 13 for evacuation
[78.454s][info][gc,phases   ] GC(119)   Pre Evacuate Collection Set: 0.3ms
[78.454s][info][gc,phases   ] GC(119)   Merge Heap Roots: 0.1ms
[78.454s][info][gc,phases   ] GC(119)   Evacuate Collection Set: 1.1ms
[78.454s][info][gc,phases   ] GC(119)   Post Evacuate Collection Set: 0.4ms
[78.454s][info][gc,phases   ] GC(119)   Other: 0.2ms
[78.454s][info][gc,heap     ] GC(119) Eden regions: 23->0(93)
[78.454s][info][gc,heap     ] GC(119) Survivor regions: 1->1(12)
[78.454s][info][gc,heap     ] GC(119) Old regions: 21->21
[78.454s][info][gc,heap     ] GC(119) Archive regions: 0->0
[78.454s][info][gc,heap     ] GC(119) Humongous regions: 50->1
[78.454s][info][gc,metaspace] GC(119) Metaspace: 90045K(91008K)->90045K(91008K) NonClass: 78148K(78656K)->78148K(78656K) Class: 11897K(12352K)->11897K(12352K)
[78.454s][info][gc          ] GC(119) Pause Young (Concurrent Start) (G1 Humongous Allocation) 373M->86M(632M) 2.232ms
[78.454s][info][gc,cpu      ] GC(119) User=0.00s Sys=0.00s Real=0.00s
[78.454s][info][gc          ] GC(120) Concurrent Undo Cycle
[78.454s][info][gc,marking  ] GC(120) Concurrent Cleanup for Next Mark
[78.455s][info][gc,marking  ] GC(120) Concurrent Cleanup for Next Mark 0.495ms
[78.455s][info][gc          ] GC(120) Concurrent Undo Cycle 0.570ms
[79.238s][info][gc,start    ] GC(121) Pause Young (Concurrent Start) (G1 Humongous Allocation)
[79.238s][info][gc,task     ] GC(121) Using 13 workers of 13 for evacuation
[79.239s][info][gc,phases   ] GC(121)   Pre Evacuate Collection Set: 0.1ms
[79.239s][info][gc,phases   ] GC(121)   Merge Heap Roots: 0.0ms
[79.239s][info][gc,phases   ] GC(121)   Evacuate Collection Set: 1.0ms
[79.239s][info][gc,phases   ] GC(121)   Post Evacuate Collection Set: 0.3ms
[79.239s][info][gc,phases   ] GC(121)   Other: 0.2ms
[79.239s][info][gc,heap     ] GC(121) Eden regions: 11->0(93)
[79.239s][info][gc,heap     ] GC(121) Survivor regions: 1->1(12)
[79.239s][info][gc,heap     ] GC(121) Old regions: 21->21
[79.239s][info][gc,heap     ] GC(121) Archive regions: 0->0
[79.239s][info][gc,heap     ] GC(121) Humongous regions: 51->9
[79.240s][info][gc,metaspace] GC(121) Metaspace: 90045K(91008K)->90045K(91008K) NonClass: 78148K(78656K)->78148K(78656K) Class: 11897K(12352K)->11897K(12352K)
[79.240s][info][gc          ] GC(121) Pause Young (Concurrent Start) (G1 Humongous Allocation) 327M->118M(632M) 1.770ms
[79.240s][info][gc,cpu      ] GC(121) User=0.02s Sys=0.00s Real=0.00s
[79.240s][info][gc          ] GC(122) Concurrent Undo Cycle
[79.240s][info][gc,marking  ] GC(122) Concurrent Cleanup for Next Mark
[79.240s][info][gc,marking  ] GC(122) Concurrent Cleanup for Next Mark 0.455ms
[79.240s][info][gc          ] GC(122) Concurrent Undo Cycle 0.506ms
[79.915s][info][gc,start    ] GC(123) Pause Young (Concurrent Start) (G1 Humongous Allocation)
[79.915s][info][gc,task     ] GC(123) Using 13 workers of 13 for evacuation
[79.917s][info][gc,phases   ] GC(123)   Pre Evacuate Collection Set: 0.4ms
[79.917s][info][gc,phases   ] GC(123)   Merge Heap Roots: 0.1ms
[79.917s][info][gc,phases   ] GC(123)   Evacuate Collection Set: 0.9ms
[79.917s][info][gc,phases   ] GC(123)   Post Evacuate Collection Set: 0.6ms
[79.917s][info][gc,phases   ] GC(123)   Other: 0.2ms
[79.917s][info][gc,heap     ] GC(123) Eden regions: 9->0(93)
[79.917s][info][gc,heap     ] GC(123) Survivor regions: 1->1(12)
[79.917s][info][gc,heap     ] GC(123) Old regions: 21->21
[79.917s][info][gc,heap     ] GC(123) Archive regions: 0->0
[79.917s][info][gc,heap     ] GC(123) Humongous regions: 51->14
[79.917s][info][gc,metaspace] GC(123) Metaspace: 90045K(91008K)->90045K(91008K) NonClass: 78148K(78656K)->78148K(78656K) Class: 11897K(12352K)->11897K(12352K)
[79.917s][info][gc          ] GC(123) Pause Young (Concurrent Start) (G1 Humongous Allocation) 321M->138M(632M) 2.470ms
[79.917s][info][gc,cpu      ] GC(123) User=0.00s Sys=0.00s Real=0.00s
[79.917s][info][gc          ] GC(124) Concurrent Undo Cycle
[79.917s][info][gc,marking  ] GC(124) Concurrent Cleanup for Next Mark
[79.918s][info][gc,marking  ] GC(124) Concurrent Cleanup for Next Mark 0.525ms
[79.918s][info][gc          ] GC(124) Concurrent Undo Cycle 0.644ms
[80.690s][info][gc,start    ] GC(125) Pause Young (Concurrent Start) (G1 Humongous Allocation)
[80.690s][info][gc,task     ] GC(125) Using 13 workers of 13 for evacuation
[80.691s][info][gc,phases   ] GC(125)   Pre Evacuate Collection Set: 0.2ms
[80.691s][info][gc,phases   ] GC(125)   Merge Heap Roots: 0.1ms
[80.691s][info][gc,phases   ] GC(125)   Evacuate Collection Set: 0.7ms
[80.691s][info][gc,phases   ] GC(125)   Post Evacuate Collection Set: 0.3ms
[80.691s][info][gc,phases   ] GC(125)   Other: 0.2ms
[80.691s][info][gc,heap     ] GC(125) Eden regions: 10->0(93)
[80.691s][info][gc,heap     ] GC(125) Survivor regions: 1->1(12)
[80.691s][info][gc,heap     ] GC(125) Old regions: 21->21
[80.691s][info][gc,heap     ] GC(125) Archive regions: 0->0
[80.691s][info][gc,heap     ] GC(125) Humongous regions: 50->14
[80.691s][info][gc,metaspace] GC(125) Metaspace: 90045K(91008K)->90045K(91008K) NonClass: 78148K(78656K)->78148K(78656K) Class: 11897K(12352K)->11897K(12352K)
[80.691s][info][gc          ] GC(125) Pause Young (Concurrent Start) (G1 Humongous Allocation) 319M->138M(632M) 1.430ms
[80.691s][info][gc,cpu      ] GC(125) User=0.00s Sys=0.00s Real=0.00s
[80.691s][info][gc          ] GC(126) Concurrent Undo Cycle
[80.691s][info][gc,marking  ] GC(126) Concurrent Cleanup for Next Mark
[80.691s][info][gc,marking  ] GC(126) Concurrent Cleanup for Next Mark 0.381ms
[80.692s][info][gc          ] GC(126) Concurrent Undo Cycle 0.428ms
[81.315s][info][gc,start    ] GC(127) Pause Young (Concurrent Start) (G1 Humongous Allocation)
[81.315s][info][gc,task     ] GC(127) Using 13 workers of 13 for evacuation
[81.316s][info][gc,phases   ] GC(127)   Pre Evacuate Collection Set: 0.2ms
[81.316s][info][gc,phases   ] GC(127)   Merge Heap Roots: 0.0ms
[81.316s][info][gc,phases   ] GC(127)   Evacuate Collection Set: 0.8ms
[81.316s][info][gc,phases   ] GC(127)   Post Evacuate Collection Set: 0.3ms
[81.316s][info][gc,phases   ] GC(127)   Other: 0.4ms
[81.316s][info][gc,heap     ] GC(127) Eden regions: 9->0(93)
[81.316s][info][gc,heap     ] GC(127) Survivor regions: 1->1(12)
[81.316s][info][gc,heap     ] GC(127) Old regions: 21->21
[81.316s][info][gc,heap     ] GC(127) Archive regions: 0->0
[81.316s][info][gc,heap     ] GC(127) Humongous regions: 50->14
[81.316s][info][gc,metaspace] GC(127) Metaspace: 90045K(91008K)->90045K(91008K) NonClass: 78148K(78656K)->78148K(78656K) Class: 11897K(12352K)->11897K(12352K)
[81.316s][info][gc          ] GC(127) Pause Young (Concurrent Start) (G1 Humongous Allocation) 318M->138M(632M) 1.630ms
[81.316s][info][gc,cpu      ] GC(127) User=0.00s Sys=0.00s Real=0.00s
[81.316s][info][gc          ] GC(128) Concurrent Undo Cycle
[81.316s][info][gc,marking  ] GC(128) Concurrent Cleanup for Next Mark
[81.317s][info][gc,marking  ] GC(128) Concurrent Cleanup for Next Mark 0.428ms
[81.317s][info][gc          ] GC(128) Concurrent Undo Cycle 0.491ms
[82.162s][info][gc,start    ] GC(129) Pause Young (Concurrent Start) (G1 Humongous Allocation)
[82.162s][info][gc,task     ] GC(129) Using 13 workers of 13 for evacuation
[82.164s][info][gc,phases   ] GC(129)   Pre Evacuate Collection Set: 0.1ms
[82.164s][info][gc,phases   ] GC(129)   Merge Heap Roots: 0.0ms
[82.164s][info][gc,phases   ] GC(129)   Evacuate Collection Set: 1.1ms
[82.164s][info][gc,phases   ] GC(129)   Post Evacuate Collection Set: 0.4ms
[82.164s][info][gc,phases   ] GC(129)   Other: 0.2ms
[82.164s][info][gc,heap     ] GC(129) Eden regions: 11->0(93)
[82.164s][info][gc,heap     ] GC(129) Survivor regions: 1->1(12)
[82.164s][info][gc,heap     ] GC(129) Old regions: 21->21
[82.164s][info][gc,heap     ] GC(129) Archive regions: 0->0
[82.164s][info][gc,heap     ] GC(129) Humongous regions: 50->5
[82.164s][info][gc,metaspace] GC(129) Metaspace: 90045K(91008K)->90045K(91008K) NonClass: 78148K(78656K)->78148K(78656K) Class: 11897K(12352K)->11897K(12352K)
[82.164s][info][gc          ] GC(129) Pause Young (Concurrent Start) (G1 Humongous Allocation) 322M->103M(632M) 2.019ms
[82.164s][info][gc,cpu      ] GC(129) User=0.00s Sys=0.00s Real=0.00s
[82.165s][info][gc          ] GC(130) Concurrent Undo Cycle
[82.165s][info][gc,marking  ] GC(130) Concurrent Cleanup for Next Mark
[82.165s][info][gc,marking  ] GC(130) Concurrent Cleanup for Next Mark 0.314ms
[82.165s][info][gc          ] GC(130) Concurrent Undo Cycle 0.380ms
[83.094s][info][gc,start    ] GC(131) Pause Young (Concurrent Start) (G1 Humongous Allocation)
[83.094s][info][gc,task     ] GC(131) Using 13 workers of 13 for evacuation
[83.096s][info][gc,phases   ] GC(131)   Pre Evacuate Collection Set: 0.2ms
[83.096s][info][gc,phases   ] GC(131)   Merge Heap Roots: 0.1ms
[83.096s][info][gc,phases   ] GC(131)   Evacuate Collection Set: 0.7ms
[83.096s][info][gc,phases   ] GC(131)   Post Evacuate Collection Set: 0.7ms
[83.096s][info][gc,phases   ] GC(131)   Other: 0.2ms
[83.096s][info][gc,heap     ] GC(131) Eden regions: 11->0(93)
[83.096s][info][gc,heap     ] GC(131) Survivor regions: 1->1(12)
[83.096s][info][gc,heap     ] GC(131) Old regions: 21->21
[83.096s][info][gc,heap     ] GC(131) Archive regions: 0->0
[83.096s][info][gc,heap     ] GC(131) Humongous regions: 50->3
[83.096s][info][gc,metaspace] GC(131) Metaspace: 90045K(91008K)->90045K(91008K) NonClass: 78148K(78656K)->78148K(78656K) Class: 11897K(12352K)->11897K(12352K)
[83.096s][info][gc          ] GC(131) Pause Young (Concurrent Start) (G1 Humongous Allocation) 324M->95M(632M) 1.973ms
[83.096s][info][gc,cpu      ] GC(131) User=0.00s Sys=0.00s Real=0.00s
[83.096s][info][gc          ] GC(132) Concurrent Undo Cycle
[83.096s][info][gc,marking  ] GC(132) Concurrent Cleanup for Next Mark
[83.097s][info][gc,marking  ] GC(132) Concurrent Cleanup for Next Mark 0.356ms
[83.097s][info][gc          ] GC(132) Concurrent Undo Cycle 0.412ms
[83.973s][info][gc,start    ] GC(133) Pause Young (Concurrent Start) (G1 Humongous Allocation)
[83.973s][info][gc,task     ] GC(133) Using 13 workers of 13 for evacuation
[83.976s][info][gc,phases   ] GC(133)   Pre Evacuate Collection Set: 0.3ms
[83.976s][info][gc,phases   ] GC(133)   Merge Heap Roots: 0.3ms
[83.976s][info][gc,phases   ] GC(133)   Evacuate Collection Set: 1.6ms
[83.976s][info][gc,phases   ] GC(133)   Post Evacuate Collection Set: 0.4ms
[83.976s][info][gc,phases   ] GC(133)   Other: 0.2ms
[83.976s][info][gc,heap     ] GC(133) Eden regions: 11->0(93)
[83.976s][info][gc,heap     ] GC(133) Survivor regions: 1->1(12)
[83.976s][info][gc,heap     ] GC(133) Old regions: 21->21
[83.976s][info][gc,heap     ] GC(133) Archive regions: 0->0
[83.976s][info][gc,heap     ] GC(133) Humongous regions: 51->9
[83.976s][info][gc,metaspace] GC(133) Metaspace: 90045K(91008K)->90045K(91008K) NonClass: 78148K(78656K)->78148K(78656K) Class: 11897K(12352K)->11897K(12352K)
[83.976s][info][gc          ] GC(133) Pause Young (Concurrent Start) (G1 Humongous Allocation) 328M->119M(632M) 2.912ms
[83.976s][info][gc,cpu      ] GC(133) User=0.00s Sys=0.02s Real=0.00s
[83.976s][info][gc          ] GC(134) Concurrent Undo Cycle
[83.976s][info][gc,marking  ] GC(134) Concurrent Cleanup for Next Mark
[83.976s][info][gc,marking  ] GC(134) Concurrent Cleanup for Next Mark 0.373ms
[83.976s][info][gc          ] GC(134) Concurrent Undo Cycle 0.446ms
[84.693s][info][gc,start    ] GC(135) Pause Young (Concurrent Start) (G1 Humongous Allocation)
[84.693s][info][gc,task     ] GC(135) Using 13 workers of 13 for evacuation
[84.696s][info][gc,phases   ] GC(135)   Pre Evacuate Collection Set: 0.2ms
[84.696s][info][gc,phases   ] GC(135)   Merge Heap Roots: 0.0ms
[84.696s][info][gc,phases   ] GC(135)   Evacuate Collection Set: 0.8ms
[84.696s][info][gc,phases   ] GC(135)   Post Evacuate Collection Set: 1.4ms
[84.696s][info][gc,phases   ] GC(135)   Other: 0.2ms
[84.696s][info][gc,heap     ] GC(135) Eden regions: 10->0(93)
[84.696s][info][gc,heap     ] GC(135) Survivor regions: 1->1(12)
[84.696s][info][gc,heap     ] GC(135) Old regions: 21->21
[84.696s][info][gc,heap     ] GC(135) Archive regions: 0->0
[84.696s][info][gc,heap     ] GC(135) Humongous regions: 51->6
[84.696s][info][gc,metaspace] GC(135) Metaspace: 90045K(91008K)->90045K(91008K) NonClass: 78148K(78656K)->78148K(78656K) Class: 11897K(12352K)->11897K(12352K)
[84.696s][info][gc          ] GC(135) Pause Young (Concurrent Start) (G1 Humongous Allocation) 326M->107M(632M) 2.826ms
[84.696s][info][gc,cpu      ] GC(135) User=0.00s Sys=0.00s Real=0.00s
[84.696s][info][gc          ] GC(136) Concurrent Undo Cycle
[84.696s][info][gc,marking  ] GC(136) Concurrent Cleanup for Next Mark
[84.697s][info][gc,marking  ] GC(136) Concurrent Cleanup for Next Mark 1.050ms
[84.697s][info][gc          ] GC(136) Concurrent Undo Cycle 1.132ms
[85.538s][info][gc,start    ] GC(137) Pause Young (Concurrent Start) (G1 Humongous Allocation)
[85.538s][info][gc,task     ] GC(137) Using 13 workers of 13 for evacuation
[85.541s][info][gc,phases   ] GC(137)   Pre Evacuate Collection Set: 0.1ms
[85.541s][info][gc,phases   ] GC(137)   Merge Heap Roots: 0.0ms
[85.541s][info][gc,phases   ] GC(137)   Evacuate Collection Set: 1.3ms
[85.541s][info][gc,phases   ] GC(137)   Post Evacuate Collection Set: 0.6ms
[85.541s][info][gc,phases   ] GC(137)   Other: 0.2ms
[85.541s][info][gc,heap     ] GC(137) Eden regions: 11->0(93)
[85.541s][info][gc,heap     ] GC(137) Survivor regions: 1->1(12)
[85.541s][info][gc,heap     ] GC(137) Old regions: 21->21
[85.541s][info][gc,heap     ] GC(137) Archive regions: 0->0
[85.541s][info][gc,heap     ] GC(137) Humongous regions: 51->5
[85.541s][info][gc,metaspace] GC(137) Metaspace: 90045K(91008K)->90045K(91008K) NonClass: 78148K(78656K)->78148K(78656K) Class: 11897K(12352K)->11897K(12352K)
[85.541s][info][gc          ] GC(137) Pause Young (Concurrent Start) (G1 Humongous Allocation) 327M->102M(632M) 2.360ms
[85.541s][info][gc,cpu      ] GC(137) User=0.00s Sys=0.00s Real=0.00s
[85.541s][info][gc          ] GC(138) Concurrent Undo Cycle
[85.541s][info][gc,marking  ] GC(138) Concurrent Cleanup for Next Mark
[85.541s][info][gc,marking  ] GC(138) Concurrent Cleanup for Next Mark 0.484ms
[85.541s][info][gc          ] GC(138) Concurrent Undo Cycle 0.559ms
[86.366s][info][gc,start    ] GC(139) Pause Young (Concurrent Start) (G1 Humongous Allocation)
[86.366s][info][gc,task     ] GC(139) Using 13 workers of 13 for evacuation
[86.368s][info][gc,phases   ] GC(139)   Pre Evacuate Collection Set: 0.2ms
[86.368s][info][gc,phases   ] GC(139)   Merge Heap Roots: 0.1ms
[86.368s][info][gc,phases   ] GC(139)   Evacuate Collection Set: 0.8ms
[86.368s][info][gc,phases   ] GC(139)   Post Evacuate Collection Set: 0.6ms
[86.368s][info][gc,phases   ] GC(139)   Other: 0.2ms
[86.368s][info][gc,heap     ] GC(139) Eden regions: 10->0(93)
[86.368s][info][gc,heap     ] GC(139) Survivor regions: 1->1(12)
[86.368s][info][gc,heap     ] GC(139) Old regions: 21->21
[86.368s][info][gc,heap     ] GC(139) Archive regions: 0->0
[86.368s][info][gc,heap     ] GC(139) Humongous regions: 50->9
[86.368s][info][gc,metaspace] GC(139) Metaspace: 90045K(91008K)->90045K(91008K) NonClass: 78148K(78656K)->78148K(78656K) Class: 11897K(12352K)->11897K(12352K)
[86.368s][info][gc          ] GC(139) Pause Young (Concurrent Start) (G1 Humongous Allocation) 321M->119M(632M) 1.986ms
[86.368s][info][gc,cpu      ] GC(139) User=0.00s Sys=0.00s Real=0.00s
[86.368s][info][gc          ] GC(140) Concurrent Undo Cycle
[86.368s][info][gc,marking  ] GC(140) Concurrent Cleanup for Next Mark
[86.369s][info][gc,marking  ] GC(140) Concurrent Cleanup for Next Mark 0.417ms
[86.369s][info][gc          ] GC(140) Concurrent Undo Cycle 0.480ms
[87.232s][info][gc,start    ] GC(141) Pause Young (Concurrent Start) (G1 Humongous Allocation)
[87.232s][info][gc,task     ] GC(141) Using 13 workers of 13 for evacuation
[87.234s][info][gc,phases   ] GC(141)   Pre Evacuate Collection Set: 0.2ms
[87.234s][info][gc,phases   ] GC(141)   Merge Heap Roots: 0.0ms
[87.234s][info][gc,phases   ] GC(141)   Evacuate Collection Set: 0.8ms
[87.234s][info][gc,phases   ] GC(141)   Post Evacuate Collection Set: 0.5ms
[87.234s][info][gc,phases   ] GC(141)   Other: 0.2ms
[87.234s][info][gc,heap     ] GC(141) Eden regions: 11->0(93)
[87.234s][info][gc,heap     ] GC(141) Survivor regions: 1->1(12)
[87.234s][info][gc,heap     ] GC(141) Old regions: 21->21
[87.234s][info][gc,heap     ] GC(141) Archive regions: 0->0
[87.234s][info][gc,heap     ] GC(141) Humongous regions: 51->6
[87.234s][info][gc,metaspace] GC(141) Metaspace: 90045K(91008K)->90045K(91008K) NonClass: 78148K(78656K)->78148K(78656K) Class: 11897K(12352K)->11897K(12352K)
[87.234s][info][gc          ] GC(141) Pause Young (Concurrent Start) (G1 Humongous Allocation) 329M->107M(632M) 1.955ms
[87.234s][info][gc,cpu      ] GC(141) User=0.00s Sys=0.00s Real=0.00s
[87.234s][info][gc          ] GC(142) Concurrent Undo Cycle
[87.234s][info][gc,marking  ] GC(142) Concurrent Cleanup for Next Mark
[87.234s][info][gc,marking  ] GC(142) Concurrent Cleanup for Next Mark 0.444ms
[87.234s][info][gc          ] GC(142) Concurrent Undo Cycle 0.527ms
[88.122s][info][gc,start    ] GC(143) Pause Young (Concurrent Start) (G1 Humongous Allocation)
[88.122s][info][gc,task     ] GC(143) Using 13 workers of 13 for evacuation
[88.124s][info][gc,phases   ] GC(143)   Pre Evacuate Collection Set: 0.2ms
[88.124s][info][gc,phases   ] GC(143)   Merge Heap Roots: 0.0ms
[88.124s][info][gc,phases   ] GC(143)   Evacuate Collection Set: 0.6ms
[88.124s][info][gc,phases   ] GC(143)   Post Evacuate Collection Set: 0.3ms
[88.124s][info][gc,phases   ] GC(143)   Other: 0.2ms
[88.124s][info][gc,heap     ] GC(143) Eden regions: 10->0(93)
[88.124s][info][gc,heap     ] GC(143) Survivor regions: 1->1(12)
[88.124s][info][gc,heap     ] GC(143) Old regions: 21->21
[88.124s][info][gc,heap     ] GC(143) Archive regions: 0->0
[88.124s][info][gc,heap     ] GC(143) Humongous regions: 51->5
[88.124s][info][gc,metaspace] GC(143) Metaspace: 90045K(91008K)->90045K(91008K) NonClass: 78148K(78656K)->78148K(78656K) Class: 11897K(12352K)->11897K(12352K)
[88.124s][info][gc          ] GC(143) Pause Young (Concurrent Start) (G1 Humongous Allocation) 326M->102M(632M) 1.358ms
[88.124s][info][gc,cpu      ] GC(143) User=0.00s Sys=0.00s Real=0.00s
[88.124s][info][gc          ] GC(144) Concurrent Undo Cycle
[88.124s][info][gc,marking  ] GC(144) Concurrent Cleanup for Next Mark
[88.124s][info][gc,marking  ] GC(144) Concurrent Cleanup for Next Mark 0.436ms
[88.124s][info][gc          ] GC(144) Concurrent Undo Cycle 0.498ms
[89.070s][info][gc,start    ] GC(145) Pause Young (Concurrent Start) (G1 Humongous Allocation)
[89.070s][info][gc,task     ] GC(145) Using 13 workers of 13 for evacuation
[89.072s][info][gc,phases   ] GC(145)   Pre Evacuate Collection Set: 0.1ms
[89.072s][info][gc,phases   ] GC(145)   Merge Heap Roots: 0.0ms
[89.072s][info][gc,phases   ] GC(145)   Evacuate Collection Set: 0.8ms
[89.072s][info][gc,phases   ] GC(145)   Post Evacuate Collection Set: 0.5ms
[89.072s][info][gc,phases   ] GC(145)   Other: 0.2ms
[89.072s][info][gc,heap     ] GC(145) Eden regions: 11->0(93)
[89.072s][info][gc,heap     ] GC(145) Survivor regions: 1->1(12)
[89.072s][info][gc,heap     ] GC(145) Old regions: 21->21
[89.072s][info][gc,heap     ] GC(145) Archive regions: 0->0
[89.072s][info][gc,heap     ] GC(145) Humongous regions: 50->9
[89.072s][info][gc,metaspace] GC(145) Metaspace: 90045K(91008K)->90045K(91008K) NonClass: 78148K(78656K)->78148K(78656K) Class: 11897K(12352K)->11897K(12352K)
[89.072s][info][gc          ] GC(145) Pause Young (Concurrent Start) (G1 Humongous Allocation) 324M->119M(632M) 1.741ms
[89.072s][info][gc,cpu      ] GC(145) User=0.00s Sys=0.00s Real=0.00s
[89.072s][info][gc          ] GC(146) Concurrent Undo Cycle
[89.072s][info][gc,marking  ] GC(146) Concurrent Cleanup for Next Mark
[89.072s][info][gc,marking  ] GC(146) Concurrent Cleanup for Next Mark 0.421ms
[89.072s][info][gc          ] GC(146) Concurrent Undo Cycle 0.487ms
[89.934s][info][gc,start    ] GC(147) Pause Young (Concurrent Start) (G1 Humongous Allocation)
[89.934s][info][gc,task     ] GC(147) Using 13 workers of 13 for evacuation
[89.936s][info][gc,phases   ] GC(147)   Pre Evacuate Collection Set: 0.1ms
[89.936s][info][gc,phases   ] GC(147)   Merge Heap Roots: 0.1ms
[89.936s][info][gc,phases   ] GC(147)   Evacuate Collection Set: 0.8ms
[89.936s][info][gc,phases   ] GC(147)   Post Evacuate Collection Set: 0.6ms
[89.936s][info][gc,phases   ] GC(147)   Other: 0.2ms
[89.936s][info][gc,heap     ] GC(147) Eden regions: 11->0(93)
[89.936s][info][gc,heap     ] GC(147) Survivor regions: 1->1(12)
[89.936s][info][gc,heap     ] GC(147) Old regions: 21->21
[89.936s][info][gc,heap     ] GC(147) Archive regions: 0->0
[89.936s][info][gc,heap     ] GC(147) Humongous regions: 51->6
[89.936s][info][gc,metaspace] GC(147) Metaspace: 90046K(91008K)->90046K(91008K) NonClass: 78148K(78656K)->78148K(78656K) Class: 11897K(12352K)->11897K(12352K)
[89.936s][info][gc          ] GC(147) Pause Young (Concurrent Start) (G1 Humongous Allocation) 327M->107M(632M) 2.050ms
[89.936s][info][gc,cpu      ] GC(147) User=0.00s Sys=0.00s Real=0.00s
[89.936s][info][gc          ] GC(148) Concurrent Undo Cycle
[89.936s][info][gc,marking  ] GC(148) Concurrent Cleanup for Next Mark
[89.936s][info][gc,marking  ] GC(148) Concurrent Cleanup for Next Mark 0.418ms
[89.936s][info][gc          ] GC(148) Concurrent Undo Cycle 0.494ms
[90.674s][info][gc,start    ] GC(149) Pause Young (Concurrent Start) (G1 Humongous Allocation)
[90.674s][info][gc,task     ] GC(149) Using 13 workers of 13 for evacuation
[90.675s][info][gc,phases   ] GC(149)   Pre Evacuate Collection Set: 0.2ms
[90.675s][info][gc,phases   ] GC(149)   Merge Heap Roots: 0.0ms
[90.675s][info][gc,phases   ] GC(149)   Evacuate Collection Set: 0.7ms
[90.675s][info][gc,phases   ] GC(149)   Post Evacuate Collection Set: 0.4ms
[90.675s][info][gc,phases   ] GC(149)   Other: 0.2ms
[90.675s][info][gc,heap     ] GC(149) Eden regions: 10->0(93)
[90.675s][info][gc,heap     ] GC(149) Survivor regions: 1->1(12)
[90.675s][info][gc,heap     ] GC(149) Old regions: 21->21
[90.675s][info][gc,heap     ] GC(149) Archive regions: 0->0
[90.675s][info][gc,heap     ] GC(149) Humongous regions: 51->11
[90.675s][info][gc,metaspace] GC(149) Metaspace: 90046K(91008K)->90046K(91008K) NonClass: 78148K(78656K)->78148K(78656K) Class: 11897K(12352K)->11897K(12352K)
[90.675s][info][gc          ] GC(149) Pause Young (Concurrent Start) (G1 Humongous Allocation) 326M->126M(632M) 1.646ms
[90.675s][info][gc,cpu      ] GC(149) User=0.00s Sys=0.00s Real=0.00s
[90.675s][info][gc          ] GC(150) Concurrent Undo Cycle
[90.675s][info][gc,marking  ] GC(150) Concurrent Cleanup for Next Mark
[90.676s][info][gc,marking  ] GC(150) Concurrent Cleanup for Next Mark 0.414ms
[90.676s][info][gc          ] GC(150) Concurrent Undo Cycle 0.491ms
[91.564s][info][gc,start    ] GC(151) Pause Young (Concurrent Start) (G1 Humongous Allocation)
[91.564s][info][gc,task     ] GC(151) Using 13 workers of 13 for evacuation
[91.566s][info][gc,phases   ] GC(151)   Pre Evacuate Collection Set: 0.2ms
[91.566s][info][gc,phases   ] GC(151)   Merge Heap Roots: 0.1ms
[91.566s][info][gc,phases   ] GC(151)   Evacuate Collection Set: 1.5ms
[91.566s][info][gc,phases   ] GC(151)   Post Evacuate Collection Set: 0.3ms
[91.566s][info][gc,phases   ] GC(151)   Other: 0.3ms
[91.566s][info][gc,heap     ] GC(151) Eden regions: 11->0(93)
[91.566s][info][gc,heap     ] GC(151) Survivor regions: 1->1(12)
[91.566s][info][gc,heap     ] GC(151) Old regions: 21->21
[91.566s][info][gc,heap     ] GC(151) Archive regions: 0->0
[91.566s][info][gc,heap     ] GC(151) Humongous regions: 50->6
[91.566s][info][gc,metaspace] GC(151) Metaspace: 90046K(91008K)->90046K(91008K) NonClass: 78148K(78656K)->78148K(78656K) Class: 11897K(12352K)->11897K(12352K)
[91.566s][info][gc          ] GC(151) Pause Young (Concurrent Start) (G1 Humongous Allocation) 324M->108M(632M) 2.390ms
[91.566s][info][gc,cpu      ] GC(151) User=0.00s Sys=0.00s Real=0.00s
[91.566s][info][gc          ] GC(152) Concurrent Undo Cycle
[91.566s][info][gc,marking  ] GC(152) Concurrent Cleanup for Next Mark
[91.567s][info][gc,marking  ] GC(152) Concurrent Cleanup for Next Mark 0.372ms
[91.567s][info][gc          ] GC(152) Concurrent Undo Cycle 0.427ms
[92.372s][info][gc,start    ] GC(153) Pause Young (Concurrent Start) (G1 Humongous Allocation)
[92.372s][info][gc,task     ] GC(153) Using 13 workers of 13 for evacuation
[92.373s][info][gc,phases   ] GC(153)   Pre Evacuate Collection Set: 0.1ms
[92.373s][info][gc,phases   ] GC(153)   Merge Heap Roots: 0.0ms
[92.373s][info][gc,phases   ] GC(153)   Evacuate Collection Set: 0.7ms
[92.373s][info][gc,phases   ] GC(153)   Post Evacuate Collection Set: 0.4ms
[92.373s][info][gc,phases   ] GC(153)   Other: 0.2ms
[92.373s][info][gc,heap     ] GC(153) Eden regions: 9->0(93)
[92.373s][info][gc,heap     ] GC(153) Survivor regions: 1->1(12)
[92.373s][info][gc,heap     ] GC(153) Old regions: 21->21
[92.373s][info][gc,heap     ] GC(153) Archive regions: 0->0
[92.373s][info][gc,heap     ] GC(153) Humongous regions: 51->8
[92.373s][info][gc,metaspace] GC(153) Metaspace: 90046K(91008K)->90046K(91008K) NonClass: 78148K(78656K)->78148K(78656K) Class: 11897K(12352K)->11897K(12352K)
[92.374s][info][gc          ] GC(153) Pause Young (Concurrent Start) (G1 Humongous Allocation) 323M->114M(632M) 1.546ms
[92.374s][info][gc,cpu      ] GC(153) User=0.00s Sys=0.00s Real=0.00s
[92.374s][info][gc          ] GC(154) Concurrent Undo Cycle
[92.374s][info][gc,marking  ] GC(154) Concurrent Cleanup for Next Mark
[92.374s][info][gc,marking  ] GC(154) Concurrent Cleanup for Next Mark 0.505ms
[92.374s][info][gc          ] GC(154) Concurrent Undo Cycle 0.583ms
[93.166s][info][gc,start    ] GC(155) Pause Young (Concurrent Start) (G1 Humongous Allocation)
[93.166s][info][gc,task     ] GC(155) Using 13 workers of 13 for evacuation
[93.169s][info][gc,phases   ] GC(155)   Pre Evacuate Collection Set: 0.6ms
[93.169s][info][gc,phases   ] GC(155)   Merge Heap Roots: 0.1ms
[93.169s][info][gc,phases   ] GC(155)   Evacuate Collection Set: 1.2ms
[93.169s][info][gc,phases   ] GC(155)   Post Evacuate Collection Set: 0.3ms
[93.169s][info][gc,phases   ] GC(155)   Other: 0.6ms
[93.169s][info][gc,heap     ] GC(155) Eden regions: 11->0(93)
[93.169s][info][gc,heap     ] GC(155) Survivor regions: 1->1(12)
[93.169s][info][gc,heap     ] GC(155) Old regions: 21->21
[93.169s][info][gc,heap     ] GC(155) Archive regions: 0->0
[93.169s][info][gc,heap     ] GC(155) Humongous regions: 50->8
[93.169s][info][gc,metaspace] GC(155) Metaspace: 90046K(91008K)->90046K(91008K) NonClass: 78148K(78656K)->78148K(78656K) Class: 11897K(12352K)->11897K(12352K)
[93.169s][info][gc          ] GC(155) Pause Young (Concurrent Start) (G1 Humongous Allocation) 324M->114M(632M) 2.749ms
[93.169s][info][gc,cpu      ] GC(155) User=0.00s Sys=0.00s Real=0.00s
[93.169s][info][gc          ] GC(156) Concurrent Undo Cycle
[93.169s][info][gc,marking  ] GC(156) Concurrent Cleanup for Next Mark
[93.169s][info][gc,marking  ] GC(156) Concurrent Cleanup for Next Mark 0.408ms
[93.169s][info][gc          ] GC(156) Concurrent Undo Cycle 0.461ms
[502.337s][info][gc,start    ] GC(157) Pause Young (Concurrent Start) (G1 Humongous Allocation)
[502.337s][info][gc,task     ] GC(157) Using 13 workers of 13 for evacuation
[502.339s][info][gc,phases   ] GC(157)   Pre Evacuate Collection Set: 0.3ms
[502.339s][info][gc,phases   ] GC(157)   Merge Heap Roots: 0.2ms
[502.339s][info][gc,phases   ] GC(157)   Evacuate Collection Set: 0.9ms
[502.339s][info][gc,phases   ] GC(157)   Post Evacuate Collection Set: 0.5ms
[502.339s][info][gc,phases   ] GC(157)   Other: 0.3ms
[502.339s][info][gc,heap     ] GC(157) Eden regions: 86->0(97)
[502.339s][info][gc,heap     ] GC(157) Survivor regions: 1->1(12)
[502.339s][info][gc,heap     ] GC(157) Old regions: 21->21
[502.339s][info][gc,heap     ] GC(157) Archive regions: 0->0
[502.339s][info][gc,heap     ] GC(157) Humongous regions: 51->11
[502.339s][info][gc,metaspace] GC(157) Metaspace: 90057K(91008K)->90057K(91008K) NonClass: 78156K(78656K)->78156K(78656K) Class: 11900K(12352K)->11900K(12352K)
[502.339s][info][gc          ] GC(157) Pause Young (Concurrent Start) (G1 Humongous Allocation) 627M->126M(656M) 2.279ms
[502.339s][info][gc,cpu      ] GC(157) User=0.00s Sys=0.00s Real=0.00s
[502.339s][info][gc          ] GC(158) Concurrent Undo Cycle
[502.339s][info][gc,marking  ] GC(158) Concurrent Cleanup for Next Mark
[502.340s][info][gc,marking  ] GC(158) Concurrent Cleanup for Next Mark 0.759ms
[502.340s][info][gc          ] GC(158) Concurrent Undo Cycle 0.840ms
[502.935s][info][gc,start    ] GC(159) Pause Young (Concurrent Start) (G1 Humongous Allocation)
[502.935s][info][gc,task     ] GC(159) Using 13 workers of 13 for evacuation
[502.937s][info][gc,phases   ] GC(159)   Pre Evacuate Collection Set: 0.2ms
[502.937s][info][gc,phases   ] GC(159)   Merge Heap Roots: 0.0ms
[502.937s][info][gc,phases   ] GC(159)   Evacuate Collection Set: 0.7ms
[502.937s][info][gc,phases   ] GC(159)   Post Evacuate Collection Set: 1.0ms
[502.937s][info][gc,phases   ] GC(159)   Other: 0.2ms
[502.937s][info][gc,heap     ] GC(159) Eden regions: 9->0(97)
[502.937s][info][gc,heap     ] GC(159) Survivor regions: 1->1(13)
[502.937s][info][gc,heap     ] GC(159) Old regions: 21->21
[502.937s][info][gc,heap     ] GC(159) Archive regions: 0->0
[502.937s][info][gc,heap     ] GC(159) Humongous regions: 53->14
[502.937s][info][gc,metaspace] GC(159) Metaspace: 90057K(91008K)->90057K(91008K) NonClass: 78156K(78656K)->78156K(78656K) Class: 11900K(12352K)->11900K(12352K)
[502.937s][info][gc          ] GC(159) Pause Young (Concurrent Start) (G1 Humongous Allocation) 329M->138M(656M) 2.239ms
[502.937s][info][gc,cpu      ] GC(159) User=0.00s Sys=0.00s Real=0.00s
[502.937s][info][gc          ] GC(160) Concurrent Undo Cycle
[502.937s][info][gc,marking  ] GC(160) Concurrent Cleanup for Next Mark
[502.938s][info][gc,marking  ] GC(160) Concurrent Cleanup for Next Mark 0.563ms
[502.938s][info][gc          ] GC(160) Concurrent Undo Cycle 0.663ms
[503.697s][info][gc,start    ] GC(161) Pause Young (Concurrent Start) (G1 Humongous Allocation)
[503.697s][info][gc,task     ] GC(161) Using 13 workers of 13 for evacuation
[503.699s][info][gc,phases   ] GC(161)   Pre Evacuate Collection Set: 0.2ms
[503.699s][info][gc,phases   ] GC(161)   Merge Heap Roots: 0.0ms
[503.699s][info][gc,phases   ] GC(161)   Evacuate Collection Set: 1.1ms
[503.699s][info][gc,phases   ] GC(161)   Post Evacuate Collection Set: 0.2ms
[503.699s][info][gc,phases   ] GC(161)   Other: 0.2ms
[503.699s][info][gc,heap     ] GC(161) Eden regions: 10->0(97)
[503.699s][info][gc,heap     ] GC(161) Survivor regions: 1->1(13)
[503.699s][info][gc,heap     ] GC(161) Old regions: 21->21
[503.699s][info][gc,heap     ] GC(161) Archive regions: 0->0
[503.699s][info][gc,heap     ] GC(161) Humongous regions: 53->3
[503.699s][info][gc,metaspace] GC(161) Metaspace: 90057K(91008K)->90057K(91008K) NonClass: 78156K(78656K)->78156K(78656K) Class: 11900K(12352K)->11900K(12352K)
[503.699s][info][gc          ] GC(161) Pause Young (Concurrent Start) (G1 Humongous Allocation) 332M->95M(656M) 1.788ms
[503.699s][info][gc,cpu      ] GC(161) User=0.00s Sys=0.00s Real=0.00s
[503.699s][info][gc          ] GC(162) Concurrent Undo Cycle
[503.699s][info][gc,marking  ] GC(162) Concurrent Cleanup for Next Mark
[503.700s][info][gc,marking  ] GC(162) Concurrent Cleanup for Next Mark 0.380ms
[503.700s][info][gc          ] GC(162) Concurrent Undo Cycle 0.418ms
[504.263s][info][gc,start    ] GC(163) Pause Young (Concurrent Start) (G1 Humongous Allocation)
[504.263s][info][gc,task     ] GC(163) Using 13 workers of 13 for evacuation
[504.265s][info][gc,phases   ] GC(163)   Pre Evacuate Collection Set: 0.3ms
[504.265s][info][gc,phases   ] GC(163)   Merge Heap Roots: 0.0ms
[504.265s][info][gc,phases   ] GC(163)   Evacuate Collection Set: 0.6ms
[504.265s][info][gc,phases   ] GC(163)   Post Evacuate Collection Set: 0.2ms
[504.265s][info][gc,phases   ] GC(163)   Other: 0.2ms
[504.265s][info][gc,heap     ] GC(163) Eden regions: 9->0(97)
[504.265s][info][gc,heap     ] GC(163) Survivor regions: 1->1(13)
[504.265s][info][gc,heap     ] GC(163) Old regions: 21->21
[504.265s][info][gc,heap     ] GC(163) Archive regions: 0->0
[504.265s][info][gc,heap     ] GC(163) Humongous regions: 51->10
[504.265s][info][gc,metaspace] GC(163) Metaspace: 90057K(91008K)->90057K(91008K) NonClass: 78156K(78656K)->78156K(78656K) Class: 11900K(12352K)->11900K(12352K)
[504.265s][info][gc          ] GC(163) Pause Young (Concurrent Start) (G1 Humongous Allocation) 323M->122M(656M) 1.444ms
[504.265s][info][gc,cpu      ] GC(163) User=0.00s Sys=0.00s Real=0.00s
[504.265s][info][gc          ] GC(164) Concurrent Undo Cycle
[504.265s][info][gc,marking  ] GC(164) Concurrent Cleanup for Next Mark
[504.265s][info][gc,marking  ] GC(164) Concurrent Cleanup for Next Mark 0.374ms
[504.265s][info][gc          ] GC(164) Concurrent Undo Cycle 0.420ms
[504.956s][info][gc,start    ] GC(165) Pause Young (Concurrent Start) (G1 Humongous Allocation)
[504.956s][info][gc,task     ] GC(165) Using 13 workers of 13 for evacuation
[504.957s][info][gc,phases   ] GC(165)   Pre Evacuate Collection Set: 0.1ms
[504.957s][info][gc,phases   ] GC(165)   Merge Heap Roots: 0.0ms
[504.957s][info][gc,phases   ] GC(165)   Evacuate Collection Set: 0.6ms
[504.957s][info][gc,phases   ] GC(165)   Post Evacuate Collection Set: 0.3ms
[504.957s][info][gc,phases   ] GC(165)   Other: 0.1ms
[504.957s][info][gc,heap     ] GC(165) Eden regions: 10->0(97)
[504.957s][info][gc,heap     ] GC(165) Survivor regions: 1->1(13)
[504.957s][info][gc,heap     ] GC(165) Old regions: 21->21
[504.957s][info][gc,heap     ] GC(165) Archive regions: 0->0
[504.957s][info][gc,heap     ] GC(165) Humongous regions: 53->4
[504.957s][info][gc,metaspace] GC(165) Metaspace: 90057K(91008K)->90057K(91008K) NonClass: 78156K(78656K)->78156K(78656K) Class: 11900K(12352K)->11900K(12352K)
[504.957s][info][gc          ] GC(165) Pause Young (Concurrent Start) (G1 Humongous Allocation) 331M->98M(656M) 1.224ms
[504.957s][info][gc,cpu      ] GC(165) User=0.00s Sys=0.00s Real=0.00s
[504.957s][info][gc          ] GC(166) Concurrent Undo Cycle
[504.957s][info][gc,marking  ] GC(166) Concurrent Cleanup for Next Mark
[504.957s][info][gc,marking  ] GC(166) Concurrent Cleanup for Next Mark 0.393ms
[504.958s][info][gc          ] GC(166) Concurrent Undo Cycle 0.454ms
[505.522s][info][gc,start    ] GC(167) Pause Young (Concurrent Start) (G1 Humongous Allocation)
[505.522s][info][gc,task     ] GC(167) Using 13 workers of 13 for evacuation
[505.523s][info][gc,phases   ] GC(167)   Pre Evacuate Collection Set: 0.1ms
[505.523s][info][gc,phases   ] GC(167)   Merge Heap Roots: 0.0ms
[505.523s][info][gc,phases   ] GC(167)   Evacuate Collection Set: 0.7ms
[505.523s][info][gc,phases   ] GC(167)   Post Evacuate Collection Set: 0.3ms
[505.523s][info][gc,phases   ] GC(167)   Other: 0.1ms
[505.523s][info][gc,heap     ] GC(167) Eden regions: 10->0(97)
[505.523s][info][gc,heap     ] GC(167) Survivor regions: 1->1(13)
[505.523s][info][gc,heap     ] GC(167) Old regions: 21->21
[505.523s][info][gc,heap     ] GC(167) Archive regions: 0->0
[505.523s][info][gc,heap     ] GC(167) Humongous regions: 51->13
[505.523s][info][gc,metaspace] GC(167) Metaspace: 90057K(91008K)->90057K(91008K) NonClass: 78156K(78656K)->78156K(78656K) Class: 11900K(12352K)->11900K(12352K)
[505.523s][info][gc          ] GC(167) Pause Young (Concurrent Start) (G1 Humongous Allocation) 324M->134M(656M) 1.337ms
[505.523s][info][gc,cpu      ] GC(167) User=0.00s Sys=0.00s Real=0.00s
[505.523s][info][gc          ] GC(168) Concurrent Undo Cycle
[505.523s][info][gc,marking  ] GC(168) Concurrent Cleanup for Next Mark
[505.523s][info][gc,marking  ] GC(168) Concurrent Cleanup for Next Mark 0.379ms
[505.523s][info][gc          ] GC(168) Concurrent Undo Cycle 0.423ms
[506.093s][info][gc,start    ] GC(169) Pause Young (Concurrent Start) (G1 Humongous Allocation)
[506.093s][info][gc,task     ] GC(169) Using 13 workers of 13 for evacuation
[506.094s][info][gc,phases   ] GC(169)   Pre Evacuate Collection Set: 0.1ms
[506.094s][info][gc,phases   ] GC(169)   Merge Heap Roots: 0.0ms
[506.094s][info][gc,phases   ] GC(169)   Evacuate Collection Set: 0.6ms
[506.094s][info][gc,phases   ] GC(169)   Post Evacuate Collection Set: 0.3ms
[506.094s][info][gc,phases   ] GC(169)   Other: 0.2ms
[506.094s][info][gc,heap     ] GC(169) Eden regions: 9->0(97)
[506.094s][info][gc,heap     ] GC(169) Survivor regions: 1->1(13)
[506.094s][info][gc,heap     ] GC(169) Old regions: 21->21
[506.094s][info][gc,heap     ] GC(169) Archive regions: 0->0
[506.094s][info][gc,heap     ] GC(169) Humongous regions: 52->11
[506.094s][info][gc,metaspace] GC(169) Metaspace: 90057K(91008K)->90057K(91008K) NonClass: 78156K(78656K)->78156K(78656K) Class: 11900K(12352K)->11900K(12352K)
[506.094s][info][gc          ] GC(169) Pause Young (Concurrent Start) (G1 Humongous Allocation) 323M->126M(656M) 1.288ms
[506.094s][info][gc,cpu      ] GC(169) User=0.00s Sys=0.00s Real=0.00s
[506.094s][info][gc          ] GC(170) Concurrent Undo Cycle
[506.095s][info][gc,marking  ] GC(170) Concurrent Cleanup for Next Mark
[506.095s][info][gc,marking  ] GC(170) Concurrent Cleanup for Next Mark 0.448ms
[506.095s][info][gc          ] GC(170) Concurrent Undo Cycle 0.497ms
[506.620s][info][gc,start    ] GC(171) Pause Young (Concurrent Start) (G1 Humongous Allocation)
[506.620s][info][gc,task     ] GC(171) Using 13 workers of 13 for evacuation
[506.622s][info][gc,phases   ] GC(171)   Pre Evacuate Collection Set: 0.2ms
[506.622s][info][gc,phases   ] GC(171)   Merge Heap Roots: 0.2ms
[506.622s][info][gc,phases   ] GC(171)   Evacuate Collection Set: 0.7ms
[506.622s][info][gc,phases   ] GC(171)   Post Evacuate Collection Set: 0.4ms
[506.622s][info][gc,phases   ] GC(171)   Other: 0.2ms
[506.622s][info][gc,heap     ] GC(171) Eden regions: 9->0(97)
[506.622s][info][gc,heap     ] GC(171) Survivor regions: 1->1(13)
[506.622s][info][gc,heap     ] GC(171) Old regions: 21->21
[506.622s][info][gc,heap     ] GC(171) Archive regions: 0->0
[506.622s][info][gc,heap     ] GC(171) Humongous regions: 53->14
[506.622s][info][gc,metaspace] GC(171) Metaspace: 90057K(91008K)->90057K(91008K) NonClass: 78156K(78656K)->78156K(78656K) Class: 11900K(12352K)->11900K(12352K)
[506.622s][info][gc          ] GC(171) Pause Young (Concurrent Start) (G1 Humongous Allocation) 330M->138M(656M) 1.618ms
[506.622s][info][gc,cpu      ] GC(171) User=0.00s Sys=0.00s Real=0.00s
[506.622s][info][gc          ] GC(172) Concurrent Undo Cycle
[506.622s][info][gc,marking  ] GC(172) Concurrent Cleanup for Next Mark
[506.623s][info][gc,marking  ] GC(172) Concurrent Cleanup for Next Mark 0.533ms
[506.623s][info][gc          ] GC(172) Concurrent Undo Cycle 0.603ms
[507.305s][info][gc,start    ] GC(173) Pause Young (Concurrent Start) (G1 Humongous Allocation)
[507.305s][info][gc,task     ] GC(173) Using 13 workers of 13 for evacuation
[507.306s][info][gc,phases   ] GC(173)   Pre Evacuate Collection Set: 0.2ms
[507.306s][info][gc,phases   ] GC(173)   Merge Heap Roots: 0.0ms
[507.306s][info][gc,phases   ] GC(173)   Evacuate Collection Set: 1.0ms
[507.306s][info][gc,phases   ] GC(173)   Post Evacuate Collection Set: 0.2ms
[507.306s][info][gc,phases   ] GC(173)   Other: 0.1ms
[507.306s][info][gc,heap     ] GC(173) Eden regions: 9->0(97)
[507.306s][info][gc,heap     ] GC(173) Survivor regions: 1->1(13)
[507.306s][info][gc,heap     ] GC(173) Old regions: 21->21
[507.306s][info][gc,heap     ] GC(173) Archive regions: 0->0
[507.306s][info][gc,heap     ] GC(173) Humongous regions: 53->13
[507.306s][info][gc,metaspace] GC(173) Metaspace: 90057K(91008K)->90057K(91008K) NonClass: 78156K(78656K)->78156K(78656K) Class: 11900K(12352K)->11900K(12352K)
[507.306s][info][gc          ] GC(173) Pause Young (Concurrent Start) (G1 Humongous Allocation) 328M->134M(656M) 1.634ms
[507.306s][info][gc,cpu      ] GC(173) User=0.00s Sys=0.00s Real=0.00s
[507.306s][info][gc          ] GC(174) Concurrent Undo Cycle
[507.306s][info][gc,marking  ] GC(174) Concurrent Cleanup for Next Mark
[507.307s][info][gc,marking  ] GC(174) Concurrent Cleanup for Next Mark 0.357ms
[507.307s][info][gc          ] GC(174) Concurrent Undo Cycle 0.396ms
[507.906s][info][gc,start    ] GC(175) Pause Young (Concurrent Start) (G1 Humongous Allocation)
[507.907s][info][gc,task     ] GC(175) Using 13 workers of 13 for evacuation
[507.908s][info][gc,phases   ] GC(175)   Pre Evacuate Collection Set: 0.2ms
[507.908s][info][gc,phases   ] GC(175)   Merge Heap Roots: 0.0ms
[507.908s][info][gc,phases   ] GC(175)   Evacuate Collection Set: 0.7ms
[507.908s][info][gc,phases   ] GC(175)   Post Evacuate Collection Set: 0.2ms
[507.908s][info][gc,phases   ] GC(175)   Other: 0.2ms
[507.908s][info][gc,heap     ] GC(175) Eden regions: 9->0(97)
[507.908s][info][gc,heap     ] GC(175) Survivor regions: 1->1(13)
[507.908s][info][gc,heap     ] GC(175) Old regions: 21->21
[507.908s][info][gc,heap     ] GC(175) Archive regions: 0->0
[507.908s][info][gc,heap     ] GC(175) Humongous regions: 52->8
[507.908s][info][gc,metaspace] GC(175) Metaspace: 90057K(91008K)->90057K(91008K) NonClass: 78156K(78656K)->78156K(78656K) Class: 11900K(12352K)->11900K(12352K)
[507.908s][info][gc          ] GC(175) Pause Young (Concurrent Start) (G1 Humongous Allocation) 323M->114M(656M) 1.383ms
[507.908s][info][gc,cpu      ] GC(175) User=0.00s Sys=0.00s Real=0.00s
[507.908s][info][gc          ] GC(176) Concurrent Undo Cycle
[507.908s][info][gc,marking  ] GC(176) Concurrent Cleanup for Next Mark
[507.908s][info][gc,marking  ] GC(176) Concurrent Cleanup for Next Mark 0.397ms
[507.908s][info][gc          ] GC(176) Concurrent Undo Cycle 0.453ms
[508.491s][info][gc,start    ] GC(177) Pause Young (Concurrent Start) (G1 Humongous Allocation)
[508.491s][info][gc,task     ] GC(177) Using 13 workers of 13 for evacuation
[508.493s][info][gc,phases   ] GC(177)   Pre Evacuate Collection Set: 0.4ms
[508.493s][info][gc,phases   ] GC(177)   Merge Heap Roots: 0.0ms
[508.493s][info][gc,phases   ] GC(177)   Evacuate Collection Set: 0.8ms
[508.493s][info][gc,phases   ] GC(177)   Post Evacuate Collection Set: 0.7ms
[508.493s][info][gc,phases   ] GC(177)   Other: 0.2ms
[508.493s][info][gc,heap     ] GC(177) Eden regions: 10->0(97)
[508.493s][info][gc,heap     ] GC(177) Survivor regions: 1->1(13)
[508.493s][info][gc,heap     ] GC(177) Old regions: 21->21
[508.493s][info][gc,heap     ] GC(177) Archive regions: 0->0
[508.493s][info][gc,heap     ] GC(177) Humongous regions: 53->9
[508.493s][info][gc,metaspace] GC(177) Metaspace: 90057K(91008K)->90057K(91008K) NonClass: 78156K(78656K)->78156K(78656K) Class: 11900K(12352K)->11900K(12352K)
[508.493s][info][gc          ] GC(177) Pause Young (Concurrent Start) (G1 Humongous Allocation) 330M->119M(656M) 2.223ms
[508.493s][info][gc,cpu      ] GC(177) User=0.00s Sys=0.00s Real=0.00s
[508.493s][info][gc          ] GC(178) Concurrent Undo Cycle
[508.493s][info][gc,marking  ] GC(178) Concurrent Cleanup for Next Mark
[508.494s][info][gc,marking  ] GC(178) Concurrent Cleanup for Next Mark 0.516ms
[508.494s][info][gc          ] GC(178) Concurrent Undo Cycle 0.576ms
[509.128s][info][gc,start    ] GC(179) Pause Young (Concurrent Start) (G1 Humongous Allocation)
[509.128s][info][gc,task     ] GC(179) Using 13 workers of 13 for evacuation
[509.130s][info][gc,phases   ] GC(179)   Pre Evacuate Collection Set: 0.2ms
[509.130s][info][gc,phases   ] GC(179)   Merge Heap Roots: 0.4ms
[509.130s][info][gc,phases   ] GC(179)   Evacuate Collection Set: 0.8ms
[509.130s][info][gc,phases   ] GC(179)   Post Evacuate Collection Set: 0.3ms
[509.130s][info][gc,phases   ] GC(179)   Other: 0.2ms
[509.130s][info][gc,heap     ] GC(179) Eden regions: 9->0(97)
[509.130s][info][gc,heap     ] GC(179) Survivor regions: 1->1(13)
[509.130s][info][gc,heap     ] GC(179) Old regions: 21->21
[509.130s][info][gc,heap     ] GC(179) Archive regions: 0->0
[509.130s][info][gc,heap     ] GC(179) Humongous regions: 52->7
[509.130s][info][gc,metaspace] GC(179) Metaspace: 90057K(91008K)->90057K(91008K) NonClass: 78156K(78656K)->78156K(78656K) Class: 11900K(12352K)->11900K(12352K)
[509.130s][info][gc          ] GC(179) Pause Young (Concurrent Start) (G1 Humongous Allocation) 327M->110M(656M) 1.988ms
[509.130s][info][gc,cpu      ] GC(179) User=0.03s Sys=0.03s Real=0.00s
[509.130s][info][gc          ] GC(180) Concurrent Undo Cycle
[509.130s][info][gc,marking  ] GC(180) Concurrent Cleanup for Next Mark
[509.131s][info][gc,marking  ] GC(180) Concurrent Cleanup for Next Mark 0.547ms
[509.131s][info][gc          ] GC(180) Concurrent Undo Cycle 0.636ms
[509.633s][info][gc,start    ] GC(181) Pause Young (Concurrent Start) (G1 Humongous Allocation)
[509.633s][info][gc,task     ] GC(181) Using 13 workers of 13 for evacuation
[509.635s][info][gc,phases   ] GC(181)   Pre Evacuate Collection Set: 0.1ms
[509.635s][info][gc,phases   ] GC(181)   Merge Heap Roots: 0.1ms
[509.635s][info][gc,phases   ] GC(181)   Evacuate Collection Set: 0.8ms
[509.635s][info][gc,phases   ] GC(181)   Post Evacuate Collection Set: 0.3ms
[509.635s][info][gc,phases   ] GC(181)   Other: 0.2ms
[509.635s][info][gc,heap     ] GC(181) Eden regions: 9->0(97)
[509.635s][info][gc,heap     ] GC(181) Survivor regions: 1->1(13)
[509.635s][info][gc,heap     ] GC(181) Old regions: 21->21
[509.635s][info][gc,heap     ] GC(181) Archive regions: 0->0
[509.635s][info][gc,heap     ] GC(181) Humongous regions: 51->8
[509.635s][info][gc,metaspace] GC(181) Metaspace: 90057K(91008K)->90057K(91008K) NonClass: 78156K(78656K)->78156K(78656K) Class: 11900K(12352K)->11900K(12352K)
[509.635s][info][gc          ] GC(181) Pause Young (Concurrent Start) (G1 Humongous Allocation) 322M->114M(656M) 1.472ms
[509.635s][info][gc,cpu      ] GC(181) User=0.00s Sys=0.00s Real=0.00s
[509.635s][info][gc          ] GC(182) Concurrent Undo Cycle
[509.635s][info][gc,marking  ] GC(182) Concurrent Cleanup for Next Mark
[509.635s][info][gc,marking  ] GC(182) Concurrent Cleanup for Next Mark 0.548ms
[509.636s][info][gc          ] GC(182) Concurrent Undo Cycle 0.606ms
[510.298s][info][gc,start    ] GC(183) Pause Young (Concurrent Start) (G1 Humongous Allocation)
[510.298s][info][gc,task     ] GC(183) Using 13 workers of 13 for evacuation
[510.300s][info][gc,phases   ] GC(183)   Pre Evacuate Collection Set: 0.2ms
[510.300s][info][gc,phases   ] GC(183)   Merge Heap Roots: 0.2ms
[510.300s][info][gc,phases   ] GC(183)   Evacuate Collection Set: 0.9ms
[510.300s][info][gc,phases   ] GC(183)   Post Evacuate Collection Set: 0.3ms
[510.300s][info][gc,phases   ] GC(183)   Other: 0.3ms
[510.300s][info][gc,heap     ] GC(183) Eden regions: 10->0(97)
[510.300s][info][gc,heap     ] GC(183) Survivor regions: 1->1(13)
[510.300s][info][gc,heap     ] GC(183) Old regions: 21->21
[510.300s][info][gc,heap     ] GC(183) Archive regions: 0->0
[510.300s][info][gc,heap     ] GC(183) Humongous regions: 53->12
[510.300s][info][gc,metaspace] GC(183) Metaspace: 90057K(91008K)->90057K(91008K) NonClass: 78156K(78656K)->78156K(78656K) Class: 11900K(12352K)->11900K(12352K)
[510.300s][info][gc          ] GC(183) Pause Young (Concurrent Start) (G1 Humongous Allocation) 331M->131M(656M) 1.887ms
[510.300s][info][gc,cpu      ] GC(183) User=0.00s Sys=0.00s Real=0.00s
[510.300s][info][gc          ] GC(184) Concurrent Undo Cycle
[510.300s][info][gc,marking  ] GC(184) Concurrent Cleanup for Next Mark
[510.300s][info][gc,marking  ] GC(184) Concurrent Cleanup for Next Mark 0.445ms
[510.300s][info][gc          ] GC(184) Concurrent Undo Cycle 0.503ms
[510.865s][info][gc,start    ] GC(185) Pause Young (Concurrent Start) (G1 Humongous Allocation)
[510.865s][info][gc,task     ] GC(185) Using 13 workers of 13 for evacuation
[510.867s][info][gc,phases   ] GC(185)   Pre Evacuate Collection Set: 0.7ms
[510.867s][info][gc,phases   ] GC(185)   Merge Heap Roots: 0.2ms
[510.867s][info][gc,phases   ] GC(185)   Evacuate Collection Set: 0.8ms
[510.867s][info][gc,phases   ] GC(185)   Post Evacuate Collection Set: 0.3ms
[510.867s][info][gc,phases   ] GC(185)   Other: 0.2ms
[510.867s][info][gc,heap     ] GC(185) Eden regions: 9->0(97)
[510.867s][info][gc,heap     ] GC(185) Survivor regions: 1->1(13)
[510.867s][info][gc,heap     ] GC(185) Old regions: 21->21
[510.867s][info][gc,heap     ] GC(185) Archive regions: 0->0
[510.867s][info][gc,heap     ] GC(185) Humongous regions: 51->8
[510.867s][info][gc,metaspace] GC(185) Metaspace: 90057K(91008K)->90057K(91008K) NonClass: 78156K(78656K)->78156K(78656K) Class: 11900K(12352K)->11900K(12352K)
[510.867s][info][gc          ] GC(185) Pause Young (Concurrent Start) (G1 Humongous Allocation) 322M->114M(656M) 2.214ms
[510.867s][info][gc,cpu      ] GC(185) User=0.00s Sys=0.00s Real=0.00s
[510.867s][info][gc          ] GC(186) Concurrent Undo Cycle
[510.867s][info][gc,marking  ] GC(186) Concurrent Cleanup for Next Mark
[510.868s][info][gc,marking  ] GC(186) Concurrent Cleanup for Next Mark 0.517ms
[510.868s][info][gc          ] GC(186) Concurrent Undo Cycle 0.601ms
[511.399s][info][gc,start    ] GC(187) Pause Young (Concurrent Start) (G1 Humongous Allocation)
[511.399s][info][gc,task     ] GC(187) Using 13 workers of 13 for evacuation
[511.401s][info][gc,phases   ] GC(187)   Pre Evacuate Collection Set: 0.3ms
[511.401s][info][gc,phases   ] GC(187)   Merge Heap Roots: 0.0ms
[511.401s][info][gc,phases   ] GC(187)   Evacuate Collection Set: 0.7ms
[511.401s][info][gc,phases   ] GC(187)   Post Evacuate Collection Set: 0.3ms
[511.401s][info][gc,phases   ] GC(187)   Other: 0.2ms
[511.401s][info][gc,heap     ] GC(187) Eden regions: 10->0(97)
[511.401s][info][gc,heap     ] GC(187) Survivor regions: 1->1(13)
[511.401s][info][gc,heap     ] GC(187) Old regions: 21->21
[511.401s][info][gc,heap     ] GC(187) Archive regions: 0->0
[511.401s][info][gc,heap     ] GC(187) Humongous regions: 53->9
[511.401s][info][gc,metaspace] GC(187) Metaspace: 90057K(91008K)->90057K(91008K) NonClass: 78156K(78656K)->78156K(78656K) Class: 11900K(12352K)->11900K(12352K)
[511.401s][info][gc          ] GC(187) Pause Young (Concurrent Start) (G1 Humongous Allocation) 331M->119M(656M) 1.568ms
[511.401s][info][gc,cpu      ] GC(187) User=0.00s Sys=0.00s Real=0.00s
[511.401s][info][gc          ] GC(188) Concurrent Undo Cycle
[511.401s][info][gc,marking  ] GC(188) Concurrent Cleanup for Next Mark
[511.401s][info][gc,marking  ] GC(188) Concurrent Cleanup for Next Mark 0.375ms
[511.401s][info][gc          ] GC(188) Concurrent Undo Cycle 0.433ms
[512.084s][info][gc,start    ] GC(189) Pause Young (Concurrent Start) (G1 Humongous Allocation)
[512.084s][info][gc,task     ] GC(189) Using 13 workers of 13 for evacuation
[512.085s][info][gc,phases   ] GC(189)   Pre Evacuate Collection Set: 0.1ms
[512.085s][info][gc,phases   ] GC(189)   Merge Heap Roots: 0.0ms
[512.085s][info][gc,phases   ] GC(189)   Evacuate Collection Set: 0.6ms
[512.085s][info][gc,phases   ] GC(189)   Post Evacuate Collection Set: 0.2ms
[512.085s][info][gc,phases   ] GC(189)   Other: 0.2ms
[512.085s][info][gc,heap     ] GC(189) Eden regions: 10->0(97)
[512.085s][info][gc,heap     ] GC(189) Survivor regions: 1->1(13)
[512.085s][info][gc,heap     ] GC(189) Old regions: 21->21
[512.085s][info][gc,heap     ] GC(189) Archive regions: 0->0
[512.085s][info][gc,heap     ] GC(189) Humongous regions: 52->7
[512.085s][info][gc,metaspace] GC(189) Metaspace: 90057K(91008K)->90057K(91008K) NonClass: 78156K(78656K)->78156K(78656K) Class: 11900K(12352K)->11900K(12352K)
[512.085s][info][gc          ] GC(189) Pause Young (Concurrent Start) (G1 Humongous Allocation) 328M->110M(656M) 1.203ms
[512.085s][info][gc,cpu      ] GC(189) User=0.00s Sys=0.00s Real=0.00s
[512.085s][info][gc          ] GC(190) Concurrent Undo Cycle
[512.085s][info][gc,marking  ] GC(190) Concurrent Cleanup for Next Mark
[512.085s][info][gc,marking  ] GC(190) Concurrent Cleanup for Next Mark 0.419ms
[512.085s][info][gc          ] GC(190) Concurrent Undo Cycle 0.478ms
[512.642s][info][gc,start    ] GC(191) Pause Young (Concurrent Start) (G1 Humongous Allocation)
[512.642s][info][gc,task     ] GC(191) Using 13 workers of 13 for evacuation
[512.643s][info][gc,phases   ] GC(191)   Pre Evacuate Collection Set: 0.3ms
[512.643s][info][gc,phases   ] GC(191)   Merge Heap Roots: 0.1ms
[512.643s][info][gc,phases   ] GC(191)   Evacuate Collection Set: 0.6ms
[512.643s][info][gc,phases   ] GC(191)   Post Evacuate Collection Set: 0.2ms
[512.643s][info][gc,phases   ] GC(191)   Other: 0.2ms
[512.643s][info][gc,heap     ] GC(191) Eden regions: 9->0(97)
[512.643s][info][gc,heap     ] GC(191) Survivor regions: 1->1(13)
[512.643s][info][gc,heap     ] GC(191) Old regions: 21->21
[512.643s][info][gc,heap     ] GC(191) Archive regions: 0->0
[512.643s][info][gc,heap     ] GC(191) Humongous regions: 51->8
[512.643s][info][gc,metaspace] GC(191) Metaspace: 90057K(91008K)->90057K(91008K) NonClass: 78156K(78656K)->78156K(78656K) Class: 11900K(12352K)->11900K(12352K)
[512.643s][info][gc          ] GC(191) Pause Young (Concurrent Start) (G1 Humongous Allocation) 321M->114M(656M) 1.543ms
[512.643s][info][gc,cpu      ] GC(191) User=0.00s Sys=0.00s Real=0.00s
[512.643s][info][gc          ] GC(192) Concurrent Undo Cycle
[512.643s][info][gc,marking  ] GC(192) Concurrent Cleanup for Next Mark
[512.644s][info][gc,marking  ] GC(192) Concurrent Cleanup for Next Mark 0.359ms
[512.644s][info][gc          ] GC(192) Concurrent Undo Cycle 0.405ms
[513.440s][info][gc,start    ] GC(193) Pause Young (Concurrent Start) (G1 Humongous Allocation)
[513.440s][info][gc,task     ] GC(193) Using 13 workers of 13 for evacuation
[513.441s][info][gc,phases   ] GC(193)   Pre Evacuate Collection Set: 0.1ms
[513.442s][info][gc,phases   ] GC(193)   Merge Heap Roots: 0.0ms
[513.442s][info][gc,phases   ] GC(193)   Evacuate Collection Set: 0.6ms
[513.442s][info][gc,phases   ] GC(193)   Post Evacuate Collection Set: 0.2ms
[513.442s][info][gc,phases   ] GC(193)   Other: 0.2ms
[513.442s][info][gc,heap     ] GC(193) Eden regions: 11->0(97)
[513.442s][info][gc,heap     ] GC(193) Survivor regions: 1->1(13)
[513.442s][info][gc,heap     ] GC(193) Old regions: 21->21
[513.442s][info][gc,heap     ] GC(193) Archive regions: 0->0
[513.442s][info][gc,heap     ] GC(193) Humongous regions: 52->4
[513.442s][info][gc,metaspace] GC(193) Metaspace: 90057K(91008K)->90057K(91008K) NonClass: 78156K(78656K)->78156K(78656K) Class: 11900K(12352K)->11900K(12352K)
[513.442s][info][gc          ] GC(193) Pause Young (Concurrent Start) (G1 Humongous Allocation) 332M->98M(656M) 1.201ms
[513.442s][info][gc,cpu      ] GC(193) User=0.00s Sys=0.00s Real=0.00s
[513.442s][info][gc          ] GC(194) Concurrent Undo Cycle
[513.442s][info][gc,marking  ] GC(194) Concurrent Cleanup for Next Mark
[513.442s][info][gc,marking  ] GC(194) Concurrent Cleanup for Next Mark 0.426ms
[513.442s][info][gc          ] GC(194) Concurrent Undo Cycle 0.499ms
[528.970s][info][gc,start    ] GC(195) Pause Young (Concurrent Start) (G1 Humongous Allocation)
[528.970s][info][gc,task     ] GC(195) Using 13 workers of 13 for evacuation
[528.971s][info][gc,phases   ] GC(195)   Pre Evacuate Collection Set: 0.1ms
[528.971s][info][gc,phases   ] GC(195)   Merge Heap Roots: 0.0ms
[528.971s][info][gc,phases   ] GC(195)   Evacuate Collection Set: 0.7ms
[528.971s][info][gc,phases   ] GC(195)   Post Evacuate Collection Set: 0.2ms
[528.971s][info][gc,phases   ] GC(195)   Other: 0.2ms
[528.971s][info][gc,heap     ] GC(195) Eden regions: 22->0(97)
[528.971s][info][gc,heap     ] GC(195) Survivor regions: 1->1(13)
[528.971s][info][gc,heap     ] GC(195) Old regions: 21->21
[528.971s][info][gc,heap     ] GC(195) Archive regions: 0->0
[528.971s][info][gc,heap     ] GC(195) Humongous regions: 54->0
[528.971s][info][gc,metaspace] GC(195) Metaspace: 90066K(91008K)->90066K(91008K) NonClass: 78163K(78656K)->78163K(78656K) Class: 11903K(12352K)->11903K(12352K)
[528.971s][info][gc          ] GC(195) Pause Young (Concurrent Start) (G1 Humongous Allocation) 383M->84M(656M) 1.349ms
[528.971s][info][gc,cpu      ] GC(195) User=0.00s Sys=0.00s Real=0.00s
[528.971s][info][gc          ] GC(196) Concurrent Undo Cycle
[528.971s][info][gc,marking  ] GC(196) Concurrent Cleanup for Next Mark
[528.971s][info][gc,marking  ] GC(196) Concurrent Cleanup for Next Mark 0.373ms
[528.971s][info][gc          ] GC(196) Concurrent Undo Cycle 0.409ms
[529.638s][info][gc,start    ] GC(197) Pause Young (Concurrent Start) (G1 Humongous Allocation)
[529.638s][info][gc,task     ] GC(197) Using 13 workers of 13 for evacuation
[529.639s][info][gc,phases   ] GC(197)   Pre Evacuate Collection Set: 0.1ms
[529.639s][info][gc,phases   ] GC(197)   Merge Heap Roots: 0.0ms
[529.639s][info][gc,phases   ] GC(197)   Evacuate Collection Set: 0.7ms
[529.639s][info][gc,phases   ] GC(197)   Post Evacuate Collection Set: 0.2ms
[529.639s][info][gc,phases   ] GC(197)   Other: 0.2ms
[529.639s][info][gc,heap     ] GC(197) Eden regions: 10->0(97)
[529.639s][info][gc,heap     ] GC(197) Survivor regions: 1->1(13)
[529.639s][info][gc,heap     ] GC(197) Old regions: 21->21
[529.639s][info][gc,heap     ] GC(197) Archive regions: 0->0
[529.639s][info][gc,heap     ] GC(197) Humongous regions: 52->9
[529.639s][info][gc,metaspace] GC(197) Metaspace: 90066K(91008K)->90066K(91008K) NonClass: 78163K(78656K)->78163K(78656K) Class: 11903K(12352K)->11903K(12352K)
[529.639s][info][gc          ] GC(197) Pause Young (Concurrent Start) (G1 Humongous Allocation) 332M->119M(656M) 1.306ms
[529.639s][info][gc,cpu      ] GC(197) User=0.00s Sys=0.00s Real=0.00s
[529.639s][info][gc          ] GC(198) Concurrent Undo Cycle
[529.639s][info][gc,marking  ] GC(198) Concurrent Cleanup for Next Mark
[529.640s][info][gc,marking  ] GC(198) Concurrent Cleanup for Next Mark 0.467ms
[529.640s][info][gc          ] GC(198) Concurrent Undo Cycle 0.523ms
[530.258s][info][gc,start    ] GC(199) Pause Young (Concurrent Start) (G1 Humongous Allocation)
[530.258s][info][gc,task     ] GC(199) Using 13 workers of 13 for evacuation
[530.260s][info][gc,phases   ] GC(199)   Pre Evacuate Collection Set: 0.2ms
[530.260s][info][gc,phases   ] GC(199)   Merge Heap Roots: 0.1ms
[530.260s][info][gc,phases   ] GC(199)   Evacuate Collection Set: 0.9ms
[530.260s][info][gc,phases   ] GC(199)   Post Evacuate Collection Set: 0.2ms
[530.260s][info][gc,phases   ] GC(199)   Other: 0.2ms
[530.260s][info][gc,heap     ] GC(199) Eden regions: 9->0(97)
[530.260s][info][gc,heap     ] GC(199) Survivor regions: 1->1(13)
[530.260s][info][gc,heap     ] GC(199) Old regions: 21->21
[530.260s][info][gc,heap     ] GC(199) Archive regions: 0->0
[530.260s][info][gc,heap     ] GC(199) Humongous regions: 53->12
[530.260s][info][gc,metaspace] GC(199) Metaspace: 90066K(91008K)->90066K(91008K) NonClass: 78163K(78656K)->78163K(78656K) Class: 11903K(12352K)->11903K(12352K)
[530.260s][info][gc          ] GC(199) Pause Young (Concurrent Start) (G1 Humongous Allocation) 329M->132M(656M) 1.610ms
[530.260s][info][gc,cpu      ] GC(199) User=0.00s Sys=0.00s Real=0.00s
[530.260s][info][gc          ] GC(200) Concurrent Undo Cycle
[530.260s][info][gc,marking  ] GC(200) Concurrent Cleanup for Next Mark
[530.260s][info][gc,marking  ] GC(200) Concurrent Cleanup for Next Mark 0.443ms
[530.261s][info][gc          ] GC(200) Concurrent Undo Cycle 0.503ms
[530.963s][info][gc,start    ] GC(201) Pause Young (Concurrent Start) (G1 Humongous Allocation)
[530.963s][info][gc,task     ] GC(201) Using 13 workers of 13 for evacuation
[530.964s][info][gc,phases   ] GC(201)   Pre Evacuate Collection Set: 0.1ms
[530.964s][info][gc,phases   ] GC(201)   Merge Heap Roots: 0.0ms
[530.964s][info][gc,phases   ] GC(201)   Evacuate Collection Set: 0.6ms
[530.964s][info][gc,phases   ] GC(201)   Post Evacuate Collection Set: 0.3ms
[530.964s][info][gc,phases   ] GC(201)   Other: 0.1ms
[530.964s][info][gc,heap     ] GC(201) Eden regions: 9->0(97)
[530.964s][info][gc,heap     ] GC(201) Survivor regions: 1->1(13)
[530.964s][info][gc,heap     ] GC(201) Old regions: 21->21
[530.964s][info][gc,heap     ] GC(201) Archive regions: 0->0
[530.964s][info][gc,heap     ] GC(201) Humongous regions: 51->2
[530.964s][info][gc,metaspace] GC(201) Metaspace: 90066K(91008K)->90066K(91008K) NonClass: 78163K(78656K)->78163K(78656K) Class: 11903K(12352K)->11903K(12352K)
[530.964s][info][gc          ] GC(201) Pause Young (Concurrent Start) (G1 Humongous Allocation) 323M->91M(656M) 1.250ms
[530.964s][info][gc,cpu      ] GC(201) User=0.00s Sys=0.00s Real=0.00s
[530.964s][info][gc          ] GC(202) Concurrent Undo Cycle
[530.964s][info][gc,marking  ] GC(202) Concurrent Cleanup for Next Mark
[530.964s][info][gc,marking  ] GC(202) Concurrent Cleanup for Next Mark 0.451ms
[530.964s][info][gc          ] GC(202) Concurrent Undo Cycle 0.508ms
[531.684s][info][gc,start    ] GC(203) Pause Young (Concurrent Start) (G1 Humongous Allocation)
[531.684s][info][gc,task     ] GC(203) Using 13 workers of 13 for evacuation
[531.686s][info][gc,phases   ] GC(203)   Pre Evacuate Collection Set: 0.1ms
[531.686s][info][gc,phases   ] GC(203)   Merge Heap Roots: 0.1ms
[531.686s][info][gc,phases   ] GC(203)   Evacuate Collection Set: 0.8ms
[531.686s][info][gc,phases   ] GC(203)   Post Evacuate Collection Set: 0.3ms
[531.686s][info][gc,phases   ] GC(203)   Other: 0.3ms
[531.686s][info][gc,heap     ] GC(203) Eden regions: 11->0(97)
[531.686s][info][gc,heap     ] GC(203) Survivor regions: 1->1(13)
[531.686s][info][gc,heap     ] GC(203) Old regions: 21->21
[531.686s][info][gc,heap     ] GC(203) Archive regions: 0->0
[531.686s][info][gc,heap     ] GC(203) Humongous regions: 53->11
[531.686s][info][gc,metaspace] GC(203) Metaspace: 90066K(91008K)->90066K(91008K) NonClass: 78163K(78656K)->78163K(78656K) Class: 11903K(12352K)->11903K(12352K)
[531.686s][info][gc          ] GC(203) Pause Young (Concurrent Start) (G1 Humongous Allocation) 336M->127M(656M) 1.592ms
[531.686s][info][gc,cpu      ] GC(203) User=0.00s Sys=0.00s Real=0.00s
[531.686s][info][gc          ] GC(204) Concurrent Undo Cycle
[531.686s][info][gc,marking  ] GC(204) Concurrent Cleanup for Next Mark
[531.686s][info][gc,marking  ] GC(204) Concurrent Cleanup for Next Mark 0.531ms
[531.686s][info][gc          ] GC(204) Concurrent Undo Cycle 0.620ms
[532.368s][info][gc,start    ] GC(205) Pause Young (Concurrent Start) (G1 Humongous Allocation)
[532.368s][info][gc,task     ] GC(205) Using 13 workers of 13 for evacuation
[532.370s][info][gc,phases   ] GC(205)   Pre Evacuate Collection Set: 0.3ms
[532.370s][info][gc,phases   ] GC(205)   Merge Heap Roots: 0.1ms
[532.370s][info][gc,phases   ] GC(205)   Evacuate Collection Set: 1.1ms
[532.370s][info][gc,phases   ] GC(205)   Post Evacuate Collection Set: 0.6ms
[532.370s][info][gc,phases   ] GC(205)   Other: 0.2ms
[532.370s][info][gc,heap     ] GC(205) Eden regions: 9->0(97)
[532.370s][info][gc,heap     ] GC(205) Survivor regions: 1->1(13)
[532.370s][info][gc,heap     ] GC(205) Old regions: 21->21
[532.370s][info][gc,heap     ] GC(205) Archive regions: 0->0
[532.371s][info][gc,heap     ] GC(205) Humongous regions: 53->9
[532.371s][info][gc,metaspace] GC(205) Metaspace: 90066K(91008K)->90066K(91008K) NonClass: 78163K(78656K)->78163K(78656K) Class: 11903K(12352K)->11903K(12352K)
[532.371s][info][gc          ] GC(205) Pause Young (Concurrent Start) (G1 Humongous Allocation) 330M->120M(656M) 2.339ms
[532.371s][info][gc,cpu      ] GC(205) User=0.00s Sys=0.00s Real=0.00s
[532.371s][info][gc          ] GC(206) Concurrent Undo Cycle
[532.371s][info][gc,marking  ] GC(206) Concurrent Cleanup for Next Mark
[532.371s][info][gc,marking  ] GC(206) Concurrent Cleanup for Next Mark 0.441ms
[532.371s][info][gc          ] GC(206) Concurrent Undo Cycle 0.506ms
[533.021s][info][gc,start    ] GC(207) Pause Young (Concurrent Start) (G1 Humongous Allocation)
[533.021s][info][gc,task     ] GC(207) Using 13 workers of 13 for evacuation
[533.023s][info][gc,phases   ] GC(207)   Pre Evacuate Collection Set: 0.2ms
[533.023s][info][gc,phases   ] GC(207)   Merge Heap Roots: 0.0ms
[533.023s][info][gc,phases   ] GC(207)   Evacuate Collection Set: 1.3ms
[533.023s][info][gc,phases   ] GC(207)   Post Evacuate Collection Set: 0.5ms
[533.023s][info][gc,phases   ] GC(207)   Other: 0.2ms
[533.023s][info][gc,heap     ] GC(207) Eden regions: 10->0(97)
[533.023s][info][gc,heap     ] GC(207) Survivor regions: 1->1(13)
[533.023s][info][gc,heap     ] GC(207) Old regions: 21->21
[533.023s][info][gc,heap     ] GC(207) Archive regions: 0->0
[533.023s][info][gc,heap     ] GC(207) Humongous regions: 52->7
[533.023s][info][gc,metaspace] GC(207) Metaspace: 90066K(91008K)->90066K(91008K) NonClass: 78163K(78656K)->78163K(78656K) Class: 11903K(12352K)->11903K(12352K)
[533.023s][info][gc          ] GC(207) Pause Young (Concurrent Start) (G1 Humongous Allocation) 329M->111M(656M) 2.277ms
[533.023s][info][gc,cpu      ] GC(207) User=0.00s Sys=0.00s Real=0.00s
[533.023s][info][gc          ] GC(208) Concurrent Undo Cycle
[533.023s][info][gc,marking  ] GC(208) Concurrent Cleanup for Next Mark
[533.024s][info][gc,marking  ] GC(208) Concurrent Cleanup for Next Mark 0.597ms
[533.024s][info][gc          ] GC(208) Concurrent Undo Cycle 0.690ms
[533.535s][info][gc,start    ] GC(209) Pause Young (Concurrent Start) (G1 Humongous Allocation)
[533.535s][info][gc,task     ] GC(209) Using 13 workers of 13 for evacuation
[533.537s][info][gc,phases   ] GC(209)   Pre Evacuate Collection Set: 0.6ms
[533.537s][info][gc,phases   ] GC(209)   Merge Heap Roots: 0.1ms
[533.537s][info][gc,phases   ] GC(209)   Evacuate Collection Set: 0.7ms
[533.537s][info][gc,phases   ] GC(209)   Post Evacuate Collection Set: 0.3ms
[533.537s][info][gc,phases   ] GC(209)   Other: 0.2ms
[533.537s][info][gc,heap     ] GC(209) Eden regions: 9->0(97)
[533.537s][info][gc,heap     ] GC(209) Survivor regions: 1->1(13)
[533.537s][info][gc,heap     ] GC(209) Old regions: 21->21
[533.537s][info][gc,heap     ] GC(209) Archive regions: 0->0
[533.537s][info][gc,heap     ] GC(209) Humongous regions: 51->8
[533.537s][info][gc,metaspace] GC(209) Metaspace: 90066K(91008K)->90066K(91008K) NonClass: 78163K(78656K)->78163K(78656K) Class: 11903K(12352K)->11903K(12352K)
[533.537s][info][gc          ] GC(209) Pause Young (Concurrent Start) (G1 Humongous Allocation) 323M->115M(656M) 1.943ms
[533.537s][info][gc,cpu      ] GC(209) User=0.20s Sys=0.00s Real=0.00s
[533.537s][info][gc          ] GC(210) Concurrent Undo Cycle
[533.537s][info][gc,marking  ] GC(210) Concurrent Cleanup for Next Mark
[533.537s][info][gc,marking  ] GC(210) Concurrent Cleanup for Next Mark 0.426ms
[533.537s][info][gc          ] GC(210) Concurrent Undo Cycle 0.470ms
[534.240s][info][gc,start    ] GC(211) Pause Young (Concurrent Start) (G1 Humongous Allocation)
[534.240s][info][gc,task     ] GC(211) Using 13 workers of 13 for evacuation
[534.242s][info][gc,phases   ] GC(211)   Pre Evacuate Collection Set: 0.1ms
[534.242s][info][gc,phases   ] GC(211)   Merge Heap Roots: 0.0ms
[534.242s][info][gc,phases   ] GC(211)   Evacuate Collection Set: 0.8ms
[534.242s][info][gc,phases   ] GC(211)   Post Evacuate Collection Set: 0.3ms
[534.242s][info][gc,phases   ] GC(211)   Other: 0.2ms
[534.242s][info][gc,heap     ] GC(211) Eden regions: 10->0(97)
[534.242s][info][gc,heap     ] GC(211) Survivor regions: 1->1(13)
[534.242s][info][gc,heap     ] GC(211) Old regions: 21->21
[534.242s][info][gc,heap     ] GC(211) Archive regions: 0->0
[534.242s][info][gc,heap     ] GC(211) Humongous regions: 53->12
[534.242s][info][gc,metaspace] GC(211) Metaspace: 90066K(91008K)->90066K(91008K) NonClass: 78163K(78656K)->78163K(78656K) Class: 11903K(12352K)->11903K(12352K)
[534.242s][info][gc          ] GC(211) Pause Young (Concurrent Start) (G1 Humongous Allocation) 331M->132M(656M) 1.435ms
[534.242s][info][gc,cpu      ] GC(211) User=0.00s Sys=0.00s Real=0.00s
[534.242s][info][gc          ] GC(212) Concurrent Undo Cycle
[534.242s][info][gc,marking  ] GC(212) Concurrent Cleanup for Next Mark
[534.242s][info][gc,marking  ] GC(212) Concurrent Cleanup for Next Mark 0.428ms
[534.242s][info][gc          ] GC(212) Concurrent Undo Cycle 0.472ms
[534.832s][info][gc,start    ] GC(213) Pause Young (Concurrent Start) (G1 Humongous Allocation)
[534.832s][info][gc,task     ] GC(213) Using 13 workers of 13 for evacuation
[534.833s][info][gc,phases   ] GC(213)   Pre Evacuate Collection Set: 0.1ms
[534.833s][info][gc,phases   ] GC(213)   Merge Heap Roots: 0.0ms
[534.833s][info][gc,phases   ] GC(213)   Evacuate Collection Set: 0.7ms
[534.833s][info][gc,phases   ] GC(213)   Post Evacuate Collection Set: 0.4ms
[534.833s][info][gc,phases   ] GC(213)   Other: 0.2ms
[534.833s][info][gc,heap     ] GC(213) Eden regions: 9->0(97)
[534.833s][info][gc,heap     ] GC(213) Survivor regions: 1->1(13)
[534.833s][info][gc,heap     ] GC(213) Old regions: 21->21
[534.833s][info][gc,heap     ] GC(213) Archive regions: 0->0
[534.833s][info][gc,heap     ] GC(213) Humongous regions: 51->5
[534.833s][info][gc,metaspace] GC(213) Metaspace: 90066K(91008K)->90066K(91008K) NonClass: 78163K(78656K)->78163K(78656K) Class: 11903K(12352K)->11903K(12352K)
[534.833s][info][gc          ] GC(213) Pause Young (Concurrent Start) (G1 Humongous Allocation) 322M->103M(656M) 1.514ms
[534.833s][info][gc,cpu      ] GC(213) User=0.02s Sys=0.00s Real=0.00s
[534.833s][info][gc          ] GC(214) Concurrent Undo Cycle
[534.833s][info][gc,marking  ] GC(214) Concurrent Cleanup for Next Mark
[534.834s][info][gc,marking  ] GC(214) Concurrent Cleanup for Next Mark 0.650ms
[534.834s][info][gc          ] GC(214) Concurrent Undo Cycle 0.700ms
[535.497s][info][gc,start    ] GC(215) Pause Young (Concurrent Start) (G1 Humongous Allocation)
[535.497s][info][gc,task     ] GC(215) Using 13 workers of 13 for evacuation
[535.498s][info][gc,phases   ] GC(215)   Pre Evacuate Collection Set: 0.2ms
[535.499s][info][gc,phases   ] GC(215)   Merge Heap Roots: 0.0ms
[535.499s][info][gc,phases   ] GC(215)   Evacuate Collection Set: 0.7ms
[535.499s][info][gc,phases   ] GC(215)   Post Evacuate Collection Set: 0.5ms
[535.499s][info][gc,phases   ] GC(215)   Other: 0.3ms
[535.499s][info][gc,heap     ] GC(215) Eden regions: 11->0(97)
[535.499s][info][gc,heap     ] GC(215) Survivor regions: 1->1(13)
[535.499s][info][gc,heap     ] GC(215) Old regions: 21->21
[535.499s][info][gc,heap     ] GC(215) Archive regions: 0->0
[535.499s][info][gc,heap     ] GC(215) Humongous regions: 52->8
[535.499s][info][gc,metaspace] GC(215) Metaspace: 90066K(91008K)->90066K(91008K) NonClass: 78163K(78656K)->78163K(78656K) Class: 11903K(12352K)->11903K(12352K)
[535.499s][info][gc          ] GC(215) Pause Young (Concurrent Start) (G1 Humongous Allocation) 332M->115M(656M) 1.642ms
[535.499s][info][gc,cpu      ] GC(215) User=0.00s Sys=0.00s Real=0.00s
[535.499s][info][gc          ] GC(216) Concurrent Undo Cycle
[535.499s][info][gc,marking  ] GC(216) Concurrent Cleanup for Next Mark
[535.499s][info][gc,marking  ] GC(216) Concurrent Cleanup for Next Mark 0.510ms
[535.499s][info][gc          ] GC(216) Concurrent Undo Cycle 0.587ms
[536.002s][info][gc,start    ] GC(217) Pause Young (Concurrent Start) (G1 Humongous Allocation)
[536.002s][info][gc,task     ] GC(217) Using 13 workers of 13 for evacuation
[536.003s][info][gc,phases   ] GC(217)   Pre Evacuate Collection Set: 0.2ms
[536.003s][info][gc,phases   ] GC(217)   Merge Heap Roots: 0.0ms
[536.003s][info][gc,phases   ] GC(217)   Evacuate Collection Set: 1.0ms
[536.003s][info][gc,phases   ] GC(217)   Post Evacuate Collection Set: 0.2ms
[536.003s][info][gc,phases   ] GC(217)   Other: 0.1ms
[536.003s][info][gc,heap     ] GC(217) Eden regions: 8->0(97)
[536.003s][info][gc,heap     ] GC(217) Survivor regions: 1->1(13)
[536.003s][info][gc,heap     ] GC(217) Old regions: 21->21
[536.003s][info][gc,heap     ] GC(217) Archive regions: 0->0
[536.003s][info][gc,heap     ] GC(217) Humongous regions: 51->14
[536.003s][info][gc,metaspace] GC(217) Metaspace: 90066K(91008K)->90066K(91008K) NonClass: 78163K(78656K)->78163K(78656K) Class: 11903K(12352K)->11903K(12352K)
[536.003s][info][gc          ] GC(217) Pause Young (Concurrent Start) (G1 Humongous Allocation) 316M->139M(656M) 1.668ms
[536.003s][info][gc,cpu      ] GC(217) User=0.00s Sys=0.00s Real=0.00s
[536.003s][info][gc          ] GC(218) Concurrent Undo Cycle
[536.003s][info][gc,marking  ] GC(218) Concurrent Cleanup for Next Mark
[536.004s][info][gc,marking  ] GC(218) Concurrent Cleanup for Next Mark 0.510ms
[536.004s][info][gc          ] GC(218) Concurrent Undo Cycle 0.573ms
[536.889s][info][gc,start    ] GC(219) Pause Young (Concurrent Start) (G1 Humongous Allocation)
[536.889s][info][gc,task     ] GC(219) Using 13 workers of 13 for evacuation
[536.890s][info][gc,phases   ] GC(219)   Pre Evacuate Collection Set: 0.2ms
[536.890s][info][gc,phases   ] GC(219)   Merge Heap Roots: 0.0ms
[536.890s][info][gc,phases   ] GC(219)   Evacuate Collection Set: 0.7ms
[536.890s][info][gc,phases   ] GC(219)   Post Evacuate Collection Set: 0.3ms
[536.890s][info][gc,phases   ] GC(219)   Other: 0.2ms
[536.890s][info][gc,heap     ] GC(219) Eden regions: 10->0(97)
[536.890s][info][gc,heap     ] GC(219) Survivor regions: 1->1(13)
[536.890s][info][gc,heap     ] GC(219) Old regions: 21->21
[536.890s][info][gc,heap     ] GC(219) Archive regions: 0->0
[536.890s][info][gc,heap     ] GC(219) Humongous regions: 53->3
[536.890s][info][gc,metaspace] GC(219) Metaspace: 90066K(91008K)->90066K(91008K) NonClass: 78163K(78656K)->78163K(78656K) Class: 11903K(12352K)->11903K(12352K)
[536.890s][info][gc          ] GC(219) Pause Young (Concurrent Start) (G1 Humongous Allocation) 334M->96M(656M) 1.474ms
[536.891s][info][gc,cpu      ] GC(219) User=0.00s Sys=0.00s Real=0.00s
[536.891s][info][gc          ] GC(220) Concurrent Undo Cycle
[536.891s][info][gc,marking  ] GC(220) Concurrent Cleanup for Next Mark
[536.891s][info][gc,marking  ] GC(220) Concurrent Cleanup for Next Mark 0.435ms
[536.891s][info][gc          ] GC(220) Concurrent Undo Cycle 0.483ms
[537.563s][info][gc,start    ] GC(221) Pause Young (Concurrent Start) (G1 Humongous Allocation)
[537.563s][info][gc,task     ] GC(221) Using 13 workers of 13 for evacuation
[537.565s][info][gc,phases   ] GC(221)   Pre Evacuate Collection Set: 0.2ms
[537.565s][info][gc,phases   ] GC(221)   Merge Heap Roots: 0.0ms
[537.565s][info][gc,phases   ] GC(221)   Evacuate Collection Set: 0.7ms
[537.565s][info][gc,phases   ] GC(221)   Post Evacuate Collection Set: 0.9ms
[537.565s][info][gc,phases   ] GC(221)   Other: 0.1ms
[537.565s][info][gc,heap     ] GC(221) Eden regions: 10->0(97)
[537.565s][info][gc,heap     ] GC(221) Survivor regions: 1->1(13)
[537.565s][info][gc,heap     ] GC(221) Old regions: 21->21
[537.565s][info][gc,heap     ] GC(221) Archive regions: 0->0
[537.565s][info][gc,heap     ] GC(221) Humongous regions: 52->7
[537.565s][info][gc,metaspace] GC(221) Metaspace: 90066K(91008K)->90066K(91008K) NonClass: 78163K(78656K)->78163K(78656K) Class: 11903K(12352K)->11903K(12352K)
[537.565s][info][gc          ] GC(221) Pause Young (Concurrent Start) (G1 Humongous Allocation) 331M->111M(656M) 2.086ms
[537.565s][info][gc,cpu      ] GC(221) User=0.00s Sys=0.00s Real=0.00s
[537.565s][info][gc          ] GC(222) Concurrent Undo Cycle
[537.565s][info][gc,marking  ] GC(222) Concurrent Cleanup for Next Mark
[537.566s][info][gc,marking  ] GC(222) Concurrent Cleanup for Next Mark 0.458ms
[537.566s][info][gc          ] GC(222) Concurrent Undo Cycle 0.530ms
[538.081s][info][gc,start    ] GC(223) Pause Young (Concurrent Start) (G1 Humongous Allocation)
[538.081s][info][gc,task     ] GC(223) Using 13 workers of 13 for evacuation
[538.083s][info][gc,phases   ] GC(223)   Pre Evacuate Collection Set: 0.1ms
[538.083s][info][gc,phases   ] GC(223)   Merge Heap Roots: 0.0ms
[538.083s][info][gc,phases   ] GC(223)   Evacuate Collection Set: 0.8ms
[538.083s][info][gc,phases   ] GC(223)   Post Evacuate Collection Set: 0.4ms
[538.083s][info][gc,phases   ] GC(223)   Other: 0.2ms
[538.083s][info][gc,heap     ] GC(223) Eden regions: 9->0(97)
[538.083s][info][gc,heap     ] GC(223) Survivor regions: 1->1(13)
[538.083s][info][gc,heap     ] GC(223) Old regions: 21->21
[538.083s][info][gc,heap     ] GC(223) Archive regions: 0->0
[538.083s][info][gc,heap     ] GC(223) Humongous regions: 51->14
[538.083s][info][gc,metaspace] GC(223) Metaspace: 90066K(91008K)->90066K(91008K) NonClass: 78163K(78656K)->78163K(78656K) Class: 11903K(12352K)->11903K(12352K)
[538.083s][info][gc          ] GC(223) Pause Young (Concurrent Start) (G1 Humongous Allocation) 319M->139M(656M) 1.737ms
[538.083s][info][gc,cpu      ] GC(223) User=0.00s Sys=0.00s Real=0.00s
[538.083s][info][gc          ] GC(224) Concurrent Undo Cycle
[538.083s][info][gc,marking  ] GC(224) Concurrent Cleanup for Next Mark
[538.083s][info][gc,marking  ] GC(224) Concurrent Cleanup for Next Mark 0.447ms
[538.084s][info][gc          ] GC(224) Concurrent Undo Cycle 0.540ms
[538.929s][info][gc,start    ] GC(225) Pause Young (Concurrent Start) (G1 Humongous Allocation)
[538.929s][info][gc,task     ] GC(225) Using 13 workers of 13 for evacuation
[538.931s][info][gc,phases   ] GC(225)   Pre Evacuate Collection Set: 0.2ms
[538.931s][info][gc,phases   ] GC(225)   Merge Heap Roots: 0.1ms
[538.931s][info][gc,phases   ] GC(225)   Evacuate Collection Set: 0.8ms
[538.931s][info][gc,phases   ] GC(225)   Post Evacuate Collection Set: 0.5ms
[538.931s][info][gc,phases   ] GC(225)   Other: 0.1ms
[538.931s][info][gc,heap     ] GC(225) Eden regions: 10->0(97)
[538.931s][info][gc,heap     ] GC(225) Survivor regions: 1->1(13)
[538.931s][info][gc,heap     ] GC(225) Old regions: 21->21
[538.931s][info][gc,heap     ] GC(225) Archive regions: 0->0
[538.931s][info][gc,heap     ] GC(225) Humongous regions: 53->6
[538.931s][info][gc,metaspace] GC(225) Metaspace: 90066K(91008K)->90066K(91008K) NonClass: 78163K(78656K)->78163K(78656K) Class: 11903K(12352K)->11903K(12352K)
[538.931s][info][gc          ] GC(225) Pause Young (Concurrent Start) (G1 Humongous Allocation) 333M->108M(656M) 1.800ms
[538.931s][info][gc,cpu      ] GC(225) User=0.00s Sys=0.00s Real=0.00s
[538.931s][info][gc          ] GC(226) Concurrent Undo Cycle
[538.931s][info][gc,marking  ] GC(226) Concurrent Cleanup for Next Mark
[538.931s][info][gc,marking  ] GC(226) Concurrent Cleanup for Next Mark 0.435ms
[538.931s][info][gc          ] GC(226) Concurrent Undo Cycle 0.501ms
[539.600s][info][gc,start    ] GC(227) Pause Young (Concurrent Start) (G1 Humongous Allocation)
[539.600s][info][gc,task     ] GC(227) Using 13 workers of 13 for evacuation
[539.602s][info][gc,phases   ] GC(227)   Pre Evacuate Collection Set: 0.3ms
[539.602s][info][gc,phases   ] GC(227)   Merge Heap Roots: 0.1ms
[539.602s][info][gc,phases   ] GC(227)   Evacuate Collection Set: 0.8ms
[539.602s][info][gc,phases   ] GC(227)   Post Evacuate Collection Set: 0.6ms
[539.602s][info][gc,phases   ] GC(227)   Other: 0.2ms
[539.602s][info][gc,heap     ] GC(227) Eden regions: 11->0(97)
[539.602s][info][gc,heap     ] GC(227) Survivor regions: 1->1(13)
[539.602s][info][gc,heap     ] GC(227) Old regions: 21->21
[539.602s][info][gc,heap     ] GC(227) Archive regions: 0->0
[539.602s][info][gc,heap     ] GC(227) Humongous regions: 53->7
[539.602s][info][gc,metaspace] GC(227) Metaspace: 90066K(91008K)->90066K(91008K) NonClass: 78163K(78656K)->78163K(78656K) Class: 11903K(12352K)->11903K(12352K)
[539.602s][info][gc          ] GC(227) Pause Young (Concurrent Start) (G1 Humongous Allocation) 337M->111M(656M) 2.038ms
[539.602s][info][gc,cpu      ] GC(227) User=0.00s Sys=0.00s Real=0.00s
[539.602s][info][gc          ] GC(228) Concurrent Undo Cycle
[539.602s][info][gc,marking  ] GC(228) Concurrent Cleanup for Next Mark
[539.603s][info][gc,marking  ] GC(228) Concurrent Cleanup for Next Mark 0.401ms
[539.603s][info][gc          ] GC(228) Concurrent Undo Cycle 0.471ms
[540.150s][info][gc,start    ] GC(229) Pause Young (Concurrent Start) (G1 Humongous Allocation)
[540.151s][info][gc,task     ] GC(229) Using 13 workers of 13 for evacuation
[540.152s][info][gc,phases   ] GC(229)   Pre Evacuate Collection Set: 0.1ms
[540.152s][info][gc,phases   ] GC(229)   Merge Heap Roots: 0.0ms
[540.152s][info][gc,phases   ] GC(229)   Evacuate Collection Set: 0.7ms
[540.152s][info][gc,phases   ] GC(229)   Post Evacuate Collection Set: 0.2ms
[540.152s][info][gc,phases   ] GC(229)   Other: 0.1ms
[540.152s][info][gc,heap     ] GC(229) Eden regions: 9->0(97)
[540.152s][info][gc,heap     ] GC(229) Survivor regions: 1->1(13)
[540.152s][info][gc,heap     ] GC(229) Old regions: 21->21
[540.152s][info][gc,heap     ] GC(229) Archive regions: 0->0
[540.152s][info][gc,heap     ] GC(229) Humongous regions: 53->11
[540.152s][info][gc,metaspace] GC(229) Metaspace: 90066K(91008K)->90066K(91008K) NonClass: 78163K(78656K)->78163K(78656K) Class: 11903K(12352K)->11903K(12352K)
[540.152s][info][gc          ] GC(229) Pause Young (Concurrent Start) (G1 Humongous Allocation) 328M->127M(656M) 1.278ms
[540.152s][info][gc,cpu      ] GC(229) User=0.00s Sys=0.00s Real=0.00s
[540.152s][info][gc          ] GC(230) Concurrent Undo Cycle
[540.152s][info][gc,marking  ] GC(230) Concurrent Cleanup for Next Mark
[540.152s][info][gc,marking  ] GC(230) Concurrent Cleanup for Next Mark 0.491ms
[540.152s][info][gc          ] GC(230) Concurrent Undo Cycle 0.545ms
[556.190s][info][gc,start    ] GC(231) Pause Young (Concurrent Start) (G1 Humongous Allocation)
[556.190s][info][gc,task     ] GC(231) Using 13 workers of 13 for evacuation
[556.191s][info][gc,phases   ] GC(231)   Pre Evacuate Collection Set: 0.1ms
[556.191s][info][gc,phases   ] GC(231)   Merge Heap Roots: 0.0ms
[556.191s][info][gc,phases   ] GC(231)   Evacuate Collection Set: 0.6ms
[556.191s][info][gc,phases   ] GC(231)   Post Evacuate Collection Set: 0.2ms
[556.191s][info][gc,phases   ] GC(231)   Other: 0.1ms
[556.191s][info][gc,heap     ] GC(231) Eden regions: 24->0(97)
[556.191s][info][gc,heap     ] GC(231) Survivor regions: 1->1(13)
[556.191s][info][gc,heap     ] GC(231) Old regions: 21->21
[556.191s][info][gc,heap     ] GC(231) Archive regions: 0->0
[556.191s][info][gc,heap     ] GC(231) Humongous regions: 53->6
[556.191s][info][gc,metaspace] GC(231) Metaspace: 90066K(91008K)->90066K(91008K) NonClass: 78163K(78656K)->78163K(78656K) Class: 11903K(12352K)->11903K(12352K)
[556.191s][info][gc          ] GC(231) Pause Young (Concurrent Start) (G1 Humongous Allocation) 388M->108M(656M) 1.192ms
[556.191s][info][gc,cpu      ] GC(231) User=0.00s Sys=0.00s Real=0.00s
[556.191s][info][gc          ] GC(232) Concurrent Undo Cycle
[556.191s][info][gc,marking  ] GC(232) Concurrent Cleanup for Next Mark
[556.191s][info][gc,marking  ] GC(232) Concurrent Cleanup for Next Mark 0.540ms
[556.192s][info][gc          ] GC(232) Concurrent Undo Cycle 0.598ms
[556.739s][info][gc,start    ] GC(233) Pause Young (Concurrent Start) (G1 Humongous Allocation)
[556.739s][info][gc,task     ] GC(233) Using 13 workers of 13 for evacuation
[556.741s][info][gc,phases   ] GC(233)   Pre Evacuate Collection Set: 0.3ms
[556.741s][info][gc,phases   ] GC(233)   Merge Heap Roots: 0.1ms
[556.741s][info][gc,phases   ] GC(233)   Evacuate Collection Set: 1.5ms
[556.741s][info][gc,phases   ] GC(233)   Post Evacuate Collection Set: 0.3ms
[556.741s][info][gc,phases   ] GC(233)   Other: 0.3ms
[556.741s][info][gc,heap     ] GC(233) Eden regions: 8->0(97)
[556.741s][info][gc,heap     ] GC(233) Survivor regions: 1->1(13)
[556.741s][info][gc,heap     ] GC(233) Old regions: 21->21
[556.741s][info][gc,heap     ] GC(233) Archive regions: 0->0
[556.741s][info][gc,heap     ] GC(233) Humongous regions: 52->13
[556.741s][info][gc,metaspace] GC(233) Metaspace: 90066K(91008K)->90066K(91008K) NonClass: 78163K(78656K)->78163K(78656K) Class: 11903K(12352K)->11903K(12352K)
[556.741s][info][gc          ] GC(233) Pause Young (Concurrent Start) (G1 Humongous Allocation) 322M->135M(656M) 2.439ms
[556.741s][info][gc,cpu      ] GC(233) User=0.00s Sys=0.02s Real=0.00s
[556.741s][info][gc          ] GC(234) Concurrent Undo Cycle
[556.741s][info][gc,marking  ] GC(234) Concurrent Cleanup for Next Mark
[556.742s][info][gc,marking  ] GC(234) Concurrent Cleanup for Next Mark 0.505ms
[556.742s][info][gc          ] GC(234) Concurrent Undo Cycle 0.567ms
[557.291s][info][gc,start    ] GC(235) Pause Young (Concurrent Start) (G1 Humongous Allocation)
[557.291s][info][gc,task     ] GC(235) Using 13 workers of 13 for evacuation
[557.292s][info][gc,phases   ] GC(235)   Pre Evacuate Collection Set: 0.2ms
[557.292s][info][gc,phases   ] GC(235)   Merge Heap Roots: 0.0ms
[557.292s][info][gc,phases   ] GC(235)   Evacuate Collection Set: 0.7ms
[557.292s][info][gc,phases   ] GC(235)   Post Evacuate Collection Set: 0.3ms
[557.292s][info][gc,phases   ] GC(235)   Other: 0.2ms
[557.292s][info][gc,heap     ] GC(235) Eden regions: 8->0(97)
[557.292s][info][gc,heap     ] GC(235) Survivor regions: 1->1(13)
[557.292s][info][gc,heap     ] GC(235) Old regions: 21->21
[557.292s][info][gc,heap     ] GC(235) Archive regions: 0->0
[557.292s][info][gc,heap     ] GC(235) Humongous regions: 52->14
[557.292s][info][gc,metaspace] GC(235) Metaspace: 90066K(91008K)->90066K(91008K) NonClass: 78163K(78656K)->78163K(78656K) Class: 11903K(12352K)->11903K(12352K)
[557.292s][info][gc          ] GC(235) Pause Young (Concurrent Start) (G1 Humongous Allocation) 322M->139M(656M) 1.411ms
[557.292s][info][gc,cpu      ] GC(235) User=0.00s Sys=0.00s Real=0.00s
[557.292s][info][gc          ] GC(236) Concurrent Undo Cycle
[557.292s][info][gc,marking  ] GC(236) Concurrent Cleanup for Next Mark
[557.293s][info][gc,marking  ] GC(236) Concurrent Cleanup for Next Mark 0.474ms
[557.293s][info][gc          ] GC(236) Concurrent Undo Cycle 0.529ms
[557.975s][info][gc,start    ] GC(237) Pause Young (Concurrent Start) (G1 Humongous Allocation)
[557.975s][info][gc,task     ] GC(237) Using 13 workers of 13 for evacuation
[557.977s][info][gc,phases   ] GC(237)   Pre Evacuate Collection Set: 0.3ms
[557.977s][info][gc,phases   ] GC(237)   Merge Heap Roots: 0.5ms
[557.977s][info][gc,phases   ] GC(237)   Evacuate Collection Set: 0.8ms
[557.977s][info][gc,phases   ] GC(237)   Post Evacuate Collection Set: 0.7ms
[557.977s][info][gc,phases   ] GC(237)   Other: 0.1ms
[557.977s][info][gc,heap     ] GC(237) Eden regions: 10->0(97)
[557.977s][info][gc,heap     ] GC(237) Survivor regions: 1->1(13)
[557.977s][info][gc,heap     ] GC(237) Old regions: 21->21
[557.977s][info][gc,heap     ] GC(237) Archive regions: 0->0
[557.977s][info][gc,heap     ] GC(237) Humongous regions: 53->6
[557.977s][info][gc,metaspace] GC(237) Metaspace: 90066K(91008K)->90066K(91008K) NonClass: 78163K(78656K)->78163K(78656K) Class: 11903K(12352K)->11903K(12352K)
[557.977s][info][gc          ] GC(237) Pause Young (Concurrent Start) (G1 Humongous Allocation) 333M->108M(656M) 2.489ms
[557.977s][info][gc,cpu      ] GC(237) User=0.00s Sys=0.00s Real=0.00s
[557.977s][info][gc          ] GC(238) Concurrent Undo Cycle
[557.977s][info][gc,marking  ] GC(238) Concurrent Cleanup for Next Mark
[557.978s][info][gc,marking  ] GC(238) Concurrent Cleanup for Next Mark 0.522ms
[557.978s][info][gc          ] GC(238) Concurrent Undo Cycle 0.586ms
[558.468s][info][gc,start    ] GC(239) Pause Young (Concurrent Start) (G1 Humongous Allocation)
[558.468s][info][gc,task     ] GC(239) Using 13 workers of 13 for evacuation
[558.470s][info][gc,phases   ] GC(239)   Pre Evacuate Collection Set: 0.1ms
[558.470s][info][gc,phases   ] GC(239)   Merge Heap Roots: 0.0ms
[558.470s][info][gc,phases   ] GC(239)   Evacuate Collection Set: 0.9ms
[558.470s][info][gc,phases   ] GC(239)   Post Evacuate Collection Set: 0.5ms
[558.470s][info][gc,phases   ] GC(239)   Other: 0.1ms
[558.470s][info][gc,heap     ] GC(239) Eden regions: 9->0(97)
[558.470s][info][gc,heap     ] GC(239) Survivor regions: 1->1(13)
[558.470s][info][gc,heap     ] GC(239) Old regions: 21->21
[558.470s][info][gc,heap     ] GC(239) Archive regions: 0->0
[558.470s][info][gc,heap     ] GC(239) Humongous regions: 51->11
[558.470s][info][gc,metaspace] GC(239) Metaspace: 90066K(91008K)->90066K(91008K) NonClass: 78163K(78656K)->78163K(78656K) Class: 11903K(12352K)->11903K(12352K)
[558.470s][info][gc          ] GC(239) Pause Young (Concurrent Start) (G1 Humongous Allocation) 322M->127M(656M) 1.798ms
[558.470s][info][gc,cpu      ] GC(239) User=0.00s Sys=0.00s Real=0.00s
[558.470s][info][gc          ] GC(240) Concurrent Undo Cycle
[558.470s][info][gc,marking  ] GC(240) Concurrent Cleanup for Next Mark
[558.470s][info][gc,marking  ] GC(240) Concurrent Cleanup for Next Mark 0.512ms
[558.470s][info][gc          ] GC(240) Concurrent Undo Cycle 0.601ms
[559.005s][info][gc,start    ] GC(241) Pause Young (Concurrent Start) (G1 Humongous Allocation)
[559.005s][info][gc,task     ] GC(241) Using 13 workers of 13 for evacuation
[559.008s][info][gc,phases   ] GC(241)   Pre Evacuate Collection Set: 0.5ms
[559.008s][info][gc,phases   ] GC(241)   Merge Heap Roots: 0.1ms
[559.008s][info][gc,phases   ] GC(241)   Evacuate Collection Set: 1.4ms
[559.008s][info][gc,phases   ] GC(241)   Post Evacuate Collection Set: 0.9ms
[559.008s][info][gc,phases   ] GC(241)   Other: 0.3ms
[559.008s][info][gc,heap     ] GC(241) Eden regions: 9->0(97)
[559.008s][info][gc,heap     ] GC(241) Survivor regions: 1->1(13)
[559.008s][info][gc,heap     ] GC(241) Old regions: 21->21
[559.008s][info][gc,heap     ] GC(241) Archive regions: 0->0
[559.008s][info][gc,heap     ] GC(241) Humongous regions: 53->14
[559.009s][info][gc,metaspace] GC(241) Metaspace: 90066K(91008K)->90066K(91008K) NonClass: 78163K(78656K)->78163K(78656K) Class: 11903K(12352K)->11903K(12352K)
[559.009s][info][gc          ] GC(241) Pause Young (Concurrent Start) (G1 Humongous Allocation) 331M->139M(656M) 3.228ms
[559.009s][info][gc,cpu      ] GC(241) User=0.00s Sys=0.00s Real=0.00s
[559.009s][info][gc          ] GC(242) Concurrent Undo Cycle
[559.009s][info][gc,marking  ] GC(242) Concurrent Cleanup for Next Mark
[559.010s][info][gc,marking  ] GC(242) Concurrent Cleanup for Next Mark 1.331ms
[559.010s][info][gc          ] GC(242) Concurrent Undo Cycle 1.476ms
[559.588s][info][gc,start    ] GC(243) Pause Young (Concurrent Start) (G1 Humongous Allocation)
[559.588s][info][gc,task     ] GC(243) Using 13 workers of 13 for evacuation
[559.590s][info][gc,phases   ] GC(243)   Pre Evacuate Collection Set: 0.1ms
[559.590s][info][gc,phases   ] GC(243)   Merge Heap Roots: 0.0ms
[559.590s][info][gc,phases   ] GC(243)   Evacuate Collection Set: 1.0ms
[559.590s][info][gc,phases   ] GC(243)   Post Evacuate Collection Set: 0.3ms
[559.590s][info][gc,phases   ] GC(243)   Other: 0.2ms
[559.590s][info][gc,heap     ] GC(243) Eden regions: 9->0(97)
[559.590s][info][gc,heap     ] GC(243) Survivor regions: 1->1(13)
[559.590s][info][gc,heap     ] GC(243) Old regions: 21->21
[559.590s][info][gc,heap     ] GC(243) Archive regions: 0->0
[559.590s][info][gc,heap     ] GC(243) Humongous regions: 53->6
[559.590s][info][gc,metaspace] GC(243) Metaspace: 90066K(91008K)->90066K(91008K) NonClass: 78163K(78656K)->78163K(78656K) Class: 11903K(12352K)->11903K(12352K)
[559.590s][info][gc          ] GC(243) Pause Young (Concurrent Start) (G1 Humongous Allocation) 331M->108M(656M) 1.731ms
[559.590s][info][gc,cpu      ] GC(243) User=0.00s Sys=0.00s Real=0.00s
[559.590s][info][gc          ] GC(244) Concurrent Undo Cycle
[559.590s][info][gc,marking  ] GC(244) Concurrent Cleanup for Next Mark
[559.591s][info][gc,marking  ] GC(244) Concurrent Cleanup for Next Mark 0.442ms
[559.591s][info][gc          ] GC(244) Concurrent Undo Cycle 0.529ms
[560.060s][info][gc,start    ] GC(245) Pause Young (Concurrent Start) (G1 Humongous Allocation)
[560.060s][info][gc,task     ] GC(245) Using 13 workers of 13 for evacuation
[560.061s][info][gc,phases   ] GC(245)   Pre Evacuate Collection Set: 0.1ms
[560.061s][info][gc,phases   ] GC(245)   Merge Heap Roots: 0.0ms
[560.061s][info][gc,phases   ] GC(245)   Evacuate Collection Set: 0.6ms
[560.061s][info][gc,phases   ] GC(245)   Post Evacuate Collection Set: 0.3ms
[560.061s][info][gc,phases   ] GC(245)   Other: 0.1ms
[560.061s][info][gc,heap     ] GC(245) Eden regions: 9->0(97)
[560.061s][info][gc,heap     ] GC(245) Survivor regions: 1->1(13)
[560.061s][info][gc,heap     ] GC(245) Old regions: 21->21
[560.061s][info][gc,heap     ] GC(245) Archive regions: 0->0
[560.061s][info][gc,heap     ] GC(245) Humongous regions: 51->11
[560.061s][info][gc,metaspace] GC(245) Metaspace: 90066K(91008K)->90066K(91008K) NonClass: 78163K(78656K)->78163K(78656K) Class: 11903K(12352K)->11903K(12352K)
[560.061s][info][gc          ] GC(245) Pause Young (Concurrent Start) (G1 Humongous Allocation) 323M->127M(656M) 1.372ms
[560.061s][info][gc,cpu      ] GC(245) User=0.00s Sys=0.00s Real=0.00s
[560.061s][info][gc          ] GC(246) Concurrent Undo Cycle
[560.061s][info][gc,marking  ] GC(246) Concurrent Cleanup for Next Mark
[560.062s][info][gc,marking  ] GC(246) Concurrent Cleanup for Next Mark 0.639ms
[560.062s][info][gc          ] GC(246) Concurrent Undo Cycle 0.718ms
[560.751s][info][gc,start    ] GC(247) Pause Young (Concurrent Start) (G1 Humongous Allocation)
[560.751s][info][gc,task     ] GC(247) Using 13 workers of 13 for evacuation
[560.753s][info][gc,phases   ] GC(247)   Pre Evacuate Collection Set: 0.2ms
[560.753s][info][gc,phases   ] GC(247)   Merge Heap Roots: 0.1ms
[560.753s][info][gc,phases   ] GC(247)   Evacuate Collection Set: 1.2ms
[560.753s][info][gc,phases   ] GC(247)   Post Evacuate Collection Set: 0.2ms
[560.753s][info][gc,phases   ] GC(247)   Other: 0.2ms
[560.753s][info][gc,heap     ] GC(247) Eden regions: 10->0(97)
[560.753s][info][gc,heap     ] GC(247) Survivor regions: 1->1(13)
[560.753s][info][gc,heap     ] GC(247) Old regions: 21->21
[560.753s][info][gc,heap     ] GC(247) Archive regions: 0->0
[560.753s][info][gc,heap     ] GC(247) Humongous regions: 53->5
[560.753s][info][gc,metaspace] GC(247) Metaspace: 90066K(91008K)->90066K(91008K) NonClass: 78163K(78656K)->78163K(78656K) Class: 11903K(12352K)->11903K(12352K)
[560.753s][info][gc          ] GC(247) Pause Young (Concurrent Start) (G1 Humongous Allocation) 335M->104M(656M) 2.054ms
[560.753s][info][gc,cpu      ] GC(247) User=0.00s Sys=0.00s Real=0.00s
[560.753s][info][gc          ] GC(248) Concurrent Undo Cycle
[560.753s][info][gc,marking  ] GC(248) Concurrent Cleanup for Next Mark
[560.754s][info][gc,marking  ] GC(248) Concurrent Cleanup for Next Mark 0.415ms
[560.754s][info][gc          ] GC(248) Concurrent Undo Cycle 0.468ms
[561.256s][info][gc,start    ] GC(249) Pause Young (Concurrent Start) (G1 Humongous Allocation)
[561.256s][info][gc,task     ] GC(249) Using 13 workers of 13 for evacuation
[561.257s][info][gc,phases   ] GC(249)   Pre Evacuate Collection Set: 0.2ms
[561.257s][info][gc,phases   ] GC(249)   Merge Heap Roots: 0.1ms
[561.257s][info][gc,phases   ] GC(249)   Evacuate Collection Set: 0.9ms
[561.257s][info][gc,phases   ] GC(249)   Post Evacuate Collection Set: 0.2ms
[561.257s][info][gc,phases   ] GC(249)   Other: 0.3ms
[561.257s][info][gc,heap     ] GC(249) Eden regions: 9->0(97)
[561.257s][info][gc,heap     ] GC(249) Survivor regions: 1->1(13)
[561.257s][info][gc,heap     ] GC(249) Old regions: 21->21
[561.257s][info][gc,heap     ] GC(249) Archive regions: 0->0
[561.257s][info][gc,heap     ] GC(249) Humongous regions: 53->11
[561.257s][info][gc,metaspace] GC(249) Metaspace: 90066K(91008K)->90066K(91008K) NonClass: 78163K(78656K)->78163K(78656K) Class: 11903K(12352K)->11903K(12352K)
[561.257s][info][gc          ] GC(249) Pause Young (Concurrent Start) (G1 Humongous Allocation) 330M->127M(656M) 1.753ms
[561.257s][info][gc,cpu      ] GC(249) User=0.00s Sys=0.00s Real=0.00s
[561.257s][info][gc          ] GC(250) Concurrent Undo Cycle
[561.257s][info][gc,marking  ] GC(250) Concurrent Cleanup for Next Mark
[561.258s][info][gc,marking  ] GC(250) Concurrent Cleanup for Next Mark 0.418ms
[561.258s][info][gc          ] GC(250) Concurrent Undo Cycle 0.468ms
[561.928s][info][gc,start    ] GC(251) Pause Young (Concurrent Start) (G1 Humongous Allocation)
[561.929s][info][gc,task     ] GC(251) Using 13 workers of 13 for evacuation
[561.930s][info][gc,phases   ] GC(251)   Pre Evacuate Collection Set: 0.1ms
[561.930s][info][gc,phases   ] GC(251)   Merge Heap Roots: 0.0ms
[561.930s][info][gc,phases   ] GC(251)   Evacuate Collection Set: 0.6ms
[561.930s][info][gc,phases   ] GC(251)   Post Evacuate Collection Set: 0.2ms
[561.930s][info][gc,phases   ] GC(251)   Other: 0.1ms
[561.930s][info][gc,heap     ] GC(251) Eden regions: 10->0(97)
[561.930s][info][gc,heap     ] GC(251) Survivor regions: 1->1(13)
[561.930s][info][gc,heap     ] GC(251) Old regions: 21->21
[561.930s][info][gc,heap     ] GC(251) Archive regions: 0->0
[561.930s][info][gc,heap     ] GC(251) Humongous regions: 53->11
[561.930s][info][gc,metaspace] GC(251) Metaspace: 90066K(91008K)->90066K(91008K) NonClass: 78163K(78656K)->78163K(78656K) Class: 11903K(12352K)->11903K(12352K)
[561.930s][info][gc          ] GC(251) Pause Young (Concurrent Start) (G1 Humongous Allocation) 332M->127M(656M) 1.266ms
[561.930s][info][gc,cpu      ] GC(251) User=0.00s Sys=0.00s Real=0.00s
[561.930s][info][gc          ] GC(252) Concurrent Undo Cycle
[561.930s][info][gc,marking  ] GC(252) Concurrent Cleanup for Next Mark
[561.930s][info][gc,marking  ] GC(252) Concurrent Cleanup for Next Mark 0.437ms
[561.930s][info][gc          ] GC(252) Concurrent Undo Cycle 0.506ms
[562.480s][info][gc,start    ] GC(253) Pause Young (Concurrent Start) (G1 Humongous Allocation)
[562.480s][info][gc,task     ] GC(253) Using 13 workers of 13 for evacuation
[562.481s][info][gc,phases   ] GC(253)   Pre Evacuate Collection Set: 0.1ms
[562.481s][info][gc,phases   ] GC(253)   Merge Heap Roots: 0.0ms
[562.481s][info][gc,phases   ] GC(253)   Evacuate Collection Set: 0.7ms
[562.481s][info][gc,phases   ] GC(253)   Post Evacuate Collection Set: 0.2ms
[562.481s][info][gc,phases   ] GC(253)   Other: 0.1ms
[562.481s][info][gc,heap     ] GC(253) Eden regions: 10->0(97)
[562.481s][info][gc,heap     ] GC(253) Survivor regions: 1->1(13)
[562.481s][info][gc,heap     ] GC(253) Old regions: 21->21
[562.481s][info][gc,heap     ] GC(253) Archive regions: 0->0
[562.481s][info][gc,heap     ] GC(253) Humongous regions: 53->8
[562.481s][info][gc,metaspace] GC(253) Metaspace: 90066K(91008K)->90066K(91008K) NonClass: 78163K(78656K)->78163K(78656K) Class: 11903K(12352K)->11903K(12352K)
[562.481s][info][gc          ] GC(253) Pause Young (Concurrent Start) (G1 Humongous Allocation) 331M->116M(656M) 1.246ms
[562.481s][info][gc,cpu      ] GC(253) User=0.00s Sys=0.00s Real=0.00s
[562.481s][info][gc          ] GC(254) Concurrent Undo Cycle
[562.481s][info][gc,marking  ] GC(254) Concurrent Cleanup for Next Mark
[562.482s][info][gc,marking  ] GC(254) Concurrent Cleanup for Next Mark 0.417ms
[562.482s][info][gc          ] GC(254) Concurrent Undo Cycle 0.457ms
[562.940s][info][gc,start    ] GC(255) Pause Young (Concurrent Start) (G1 Humongous Allocation)
[562.940s][info][gc,task     ] GC(255) Using 13 workers of 13 for evacuation
[562.942s][info][gc,phases   ] GC(255)   Pre Evacuate Collection Set: 0.1ms
[562.942s][info][gc,phases   ] GC(255)   Merge Heap Roots: 0.2ms
[562.942s][info][gc,phases   ] GC(255)   Evacuate Collection Set: 0.8ms
[562.942s][info][gc,phases   ] GC(255)   Post Evacuate Collection Set: 0.6ms
[562.942s][info][gc,phases   ] GC(255)   Other: 0.2ms
[562.942s][info][gc,heap     ] GC(255) Eden regions: 9->0(97)
[562.942s][info][gc,heap     ] GC(255) Survivor regions: 1->1(13)
[562.942s][info][gc,heap     ] GC(255) Old regions: 21->21
[562.942s][info][gc,heap     ] GC(255) Archive regions: 0->0
[562.942s][info][gc,heap     ] GC(255) Humongous regions: 53->9
[562.942s][info][gc,metaspace] GC(255) Metaspace: 90066K(91008K)->90066K(91008K) NonClass: 78163K(78656K)->78163K(78656K) Class: 11903K(12352K)->11903K(12352K)
[562.942s][info][gc          ] GC(255) Pause Young (Concurrent Start) (G1 Humongous Allocation) 331M->120M(656M) 1.948ms
[562.942s][info][gc,cpu      ] GC(255) User=0.00s Sys=0.00s Real=0.00s
[562.942s][info][gc          ] GC(256) Concurrent Undo Cycle
[562.942s][info][gc,marking  ] GC(256) Concurrent Cleanup for Next Mark
[562.943s][info][gc,marking  ] GC(256) Concurrent Cleanup for Next Mark 0.438ms
[562.943s][info][gc          ] GC(256) Concurrent Undo Cycle 0.500ms
[563.666s][info][gc,start    ] GC(257) Pause Young (Concurrent Start) (G1 Humongous Allocation)
[563.666s][info][gc,task     ] GC(257) Using 13 workers of 13 for evacuation
[563.667s][info][gc,phases   ] GC(257)   Pre Evacuate Collection Set: 0.2ms
[563.667s][info][gc,phases   ] GC(257)   Merge Heap Roots: 0.0ms
[563.667s][info][gc,phases   ] GC(257)   Evacuate Collection Set: 0.6ms
[563.667s][info][gc,phases   ] GC(257)   Post Evacuate Collection Set: 0.2ms
[563.667s][info][gc,phases   ] GC(257)   Other: 0.2ms
[563.667s][info][gc,heap     ] GC(257) Eden regions: 10->0(97)
[563.667s][info][gc,heap     ] GC(257) Survivor regions: 1->1(13)
[563.667s][info][gc,heap     ] GC(257) Old regions: 21->21
[563.667s][info][gc,heap     ] GC(257) Archive regions: 0->0
[563.667s][info][gc,heap     ] GC(257) Humongous regions: 52->1
[563.667s][info][gc,metaspace] GC(257) Metaspace: 90066K(91008K)->90066K(91008K) NonClass: 78163K(78656K)->78163K(78656K) Class: 11903K(12352K)->11903K(12352K)
[563.667s][info][gc          ] GC(257) Pause Young (Concurrent Start) (G1 Humongous Allocation) 329M->87M(656M) 1.307ms
[563.667s][info][gc,cpu      ] GC(257) User=0.00s Sys=0.00s Real=0.00s
[563.667s][info][gc          ] GC(258) Concurrent Undo Cycle
[563.667s][info][gc,marking  ] GC(258) Concurrent Cleanup for Next Mark
[563.668s][info][gc,marking  ] GC(258) Concurrent Cleanup for Next Mark 0.403ms
[563.668s][info][gc          ] GC(258) Concurrent Undo Cycle 0.443ms
[564.214s][info][gc,start    ] GC(259) Pause Young (Concurrent Start) (G1 Humongous Allocation)
[564.214s][info][gc,task     ] GC(259) Using 13 workers of 13 for evacuation
[564.215s][info][gc,phases   ] GC(259)   Pre Evacuate Collection Set: 0.1ms
[564.215s][info][gc,phases   ] GC(259)   Merge Heap Roots: 0.0ms
[564.215s][info][gc,phases   ] GC(259)   Evacuate Collection Set: 0.7ms
[564.215s][info][gc,phases   ] GC(259)   Post Evacuate Collection Set: 0.3ms
[564.215s][info][gc,phases   ] GC(259)   Other: 0.1ms
[564.215s][info][gc,heap     ] GC(259) Eden regions: 9->0(97)
[564.215s][info][gc,heap     ] GC(259) Survivor regions: 1->1(13)
[564.215s][info][gc,heap     ] GC(259) Old regions: 21->21
[564.215s][info][gc,heap     ] GC(259) Archive regions: 0->0
[564.215s][info][gc,heap     ] GC(259) Humongous regions: 51->11
[564.215s][info][gc,metaspace] GC(259) Metaspace: 90066K(91008K)->90066K(91008K) NonClass: 78163K(78656K)->78163K(78656K) Class: 11903K(12352K)->11903K(12352K)
[564.215s][info][gc          ] GC(259) Pause Young (Concurrent Start) (G1 Humongous Allocation) 323M->127M(656M) 1.333ms
[564.215s][info][gc,cpu      ] GC(259) User=0.00s Sys=0.00s Real=0.00s
[564.215s][info][gc          ] GC(260) Concurrent Undo Cycle
[564.215s][info][gc,marking  ] GC(260) Concurrent Cleanup for Next Mark
[564.216s][info][gc,marking  ] GC(260) Concurrent Cleanup for Next Mark 0.487ms
[564.216s][info][gc          ] GC(260) Concurrent Undo Cycle 0.541ms
[564.822s][info][gc,start    ] GC(261) Pause Young (Concurrent Start) (G1 Humongous Allocation)
[564.822s][info][gc,task     ] GC(261) Using 13 workers of 13 for evacuation
[564.824s][info][gc,phases   ] GC(261)   Pre Evacuate Collection Set: 0.2ms
[564.824s][info][gc,phases   ] GC(261)   Merge Heap Roots: 0.3ms
[564.824s][info][gc,phases   ] GC(261)   Evacuate Collection Set: 0.9ms
[564.824s][info][gc,phases   ] GC(261)   Post Evacuate Collection Set: 0.3ms
[564.824s][info][gc,phases   ] GC(261)   Other: 0.2ms
[564.824s][info][gc,heap     ] GC(261) Eden regions: 10->0(97)
[564.824s][info][gc,heap     ] GC(261) Survivor regions: 1->1(13)
[564.824s][info][gc,heap     ] GC(261) Old regions: 21->21
[564.824s][info][gc,heap     ] GC(261) Archive regions: 0->0
[564.824s][info][gc,heap     ] GC(261) Humongous regions: 53->11
[564.824s][info][gc,metaspace] GC(261) Metaspace: 90066K(91008K)->90066K(91008K) NonClass: 78163K(78656K)->78163K(78656K) Class: 11903K(12352K)->11903K(12352K)
[564.824s][info][gc          ] GC(261) Pause Young (Concurrent Start) (G1 Humongous Allocation) 335M->128M(656M) 2.042ms
[564.824s][info][gc,cpu      ] GC(261) User=0.00s Sys=0.00s Real=0.00s
[564.824s][info][gc          ] GC(262) Concurrent Undo Cycle
[564.824s][info][gc,marking  ] GC(262) Concurrent Cleanup for Next Mark
[564.824s][info][gc,marking  ] GC(262) Concurrent Cleanup for Next Mark 0.367ms
[564.824s][info][gc          ] GC(262) Concurrent Undo Cycle 0.458ms
[565.406s][info][gc,start    ] GC(263) Pause Young (Concurrent Start) (G1 Humongous Allocation)
[565.406s][info][gc,task     ] GC(263) Using 13 workers of 13 for evacuation
[565.408s][info][gc,phases   ] GC(263)   Pre Evacuate Collection Set: 0.1ms
[565.408s][info][gc,phases   ] GC(263)   Merge Heap Roots: 0.2ms
[565.408s][info][gc,phases   ] GC(263)   Evacuate Collection Set: 0.6ms
[565.408s][info][gc,phases   ] GC(263)   Post Evacuate Collection Set: 0.9ms
[565.408s][info][gc,phases   ] GC(263)   Other: 0.2ms
[565.408s][info][gc,heap     ] GC(263) Eden regions: 9->0(97)
[565.408s][info][gc,heap     ] GC(263) Survivor regions: 1->1(13)
[565.408s][info][gc,heap     ] GC(263) Old regions: 21->21
[565.408s][info][gc,heap     ] GC(263) Archive regions: 0->0
[565.408s][info][gc,heap     ] GC(263) Humongous regions: 52->8
[565.408s][info][gc,metaspace] GC(263) Metaspace: 90066K(91008K)->90066K(91008K) NonClass: 78163K(78656K)->78163K(78656K) Class: 11903K(12352K)->11903K(12352K)
[565.408s][info][gc          ] GC(263) Pause Young (Concurrent Start) (G1 Humongous Allocation) 328M->115M(656M) 2.087ms
[565.408s][info][gc,cpu      ] GC(263) User=0.00s Sys=0.00s Real=0.00s
[565.408s][info][gc          ] GC(264) Concurrent Undo Cycle
[565.408s][info][gc,marking  ] GC(264) Concurrent Cleanup for Next Mark
[565.409s][info][gc,marking  ] GC(264) Concurrent Cleanup for Next Mark 0.587ms
[565.409s][info][gc          ] GC(264) Concurrent Undo Cycle 0.657ms
[565.854s][info][gc,start    ] GC(265) Pause Young (Concurrent Start) (G1 Humongous Allocation)
[565.854s][info][gc,task     ] GC(265) Using 13 workers of 13 for evacuation
[565.856s][info][gc,phases   ] GC(265)   Pre Evacuate Collection Set: 0.3ms
[565.856s][info][gc,phases   ] GC(265)   Merge Heap Roots: 0.1ms
[565.856s][info][gc,phases   ] GC(265)   Evacuate Collection Set: 0.9ms
[565.856s][info][gc,phases   ] GC(265)   Post Evacuate Collection Set: 0.5ms
[565.856s][info][gc,phases   ] GC(265)   Other: 0.3ms
[565.856s][info][gc,heap     ] GC(265) Eden regions: 9->0(97)
[565.856s][info][gc,heap     ] GC(265) Survivor regions: 1->1(13)
[565.856s][info][gc,heap     ] GC(265) Old regions: 21->21
[565.856s][info][gc,heap     ] GC(265) Archive regions: 0->0
[565.856s][info][gc,heap     ] GC(265) Humongous regions: 51->8
[565.856s][info][gc,metaspace] GC(265) Metaspace: 90066K(91008K)->90066K(91008K) NonClass: 78163K(78656K)->78163K(78656K) Class: 11903K(12352K)->11903K(12352K)
[565.856s][info][gc          ] GC(265) Pause Young (Concurrent Start) (G1 Humongous Allocation) 321M->115M(656M) 2.138ms
[565.856s][info][gc,cpu      ] GC(265) User=0.00s Sys=0.00s Real=0.00s
[565.856s][info][gc          ] GC(266) Concurrent Undo Cycle
[565.856s][info][gc,marking  ] GC(266) Concurrent Cleanup for Next Mark
[565.857s][info][gc,marking  ] GC(266) Concurrent Cleanup for Next Mark 0.530ms
[565.857s][info][gc          ] GC(266) Concurrent Undo Cycle 0.578ms
[566.529s][info][gc,start    ] GC(267) Pause Young (Concurrent Start) (G1 Humongous Allocation)
[566.529s][info][gc,task     ] GC(267) Using 13 workers of 13 for evacuation
[566.531s][info][gc,phases   ] GC(267)   Pre Evacuate Collection Set: 0.7ms
[566.531s][info][gc,phases   ] GC(267)   Merge Heap Roots: 0.1ms
[566.531s][info][gc,phases   ] GC(267)   Evacuate Collection Set: 0.8ms
[566.531s][info][gc,phases   ] GC(267)   Post Evacuate Collection Set: 0.5ms
[566.531s][info][gc,phases   ] GC(267)   Other: 0.2ms
[566.531s][info][gc,heap     ] GC(267) Eden regions: 10->0(97)
[566.531s][info][gc,heap     ] GC(267) Survivor regions: 1->1(13)
[566.531s][info][gc,heap     ] GC(267) Old regions: 21->21
[566.531s][info][gc,heap     ] GC(267) Archive regions: 0->0
[566.531s][info][gc,heap     ] GC(267) Humongous regions: 53->12
[566.531s][info][gc,metaspace] GC(267) Metaspace: 90066K(91008K)->90066K(91008K) NonClass: 78163K(78656K)->78163K(78656K) Class: 11903K(12352K)->11903K(12352K)
[566.531s][info][gc          ] GC(267) Pause Young (Concurrent Start) (G1 Humongous Allocation) 331M->132M(656M) 2.335ms
[566.531s][info][gc,cpu      ] GC(267) User=0.00s Sys=0.00s Real=0.00s
[566.531s][info][gc          ] GC(268) Concurrent Undo Cycle
[566.531s][info][gc,marking  ] GC(268) Concurrent Cleanup for Next Mark
[566.532s][info][gc,marking  ] GC(268) Concurrent Cleanup for Next Mark 0.455ms
[566.532s][info][gc          ] GC(268) Concurrent Undo Cycle 0.513ms
[634.534s][info][gc,start    ] GC(269) Pause Young (Concurrent Start) (G1 Humongous Allocation)
[634.534s][info][gc,task     ] GC(269) Using 13 workers of 13 for evacuation
[634.535s][info][gc,phases   ] GC(269)   Pre Evacuate Collection Set: 0.2ms
[634.535s][info][gc,phases   ] GC(269)   Merge Heap Roots: 0.1ms
[634.535s][info][gc,phases   ] GC(269)   Evacuate Collection Set: 0.7ms
[634.535s][info][gc,phases   ] GC(269)   Post Evacuate Collection Set: 0.3ms
[634.535s][info][gc,phases   ] GC(269)   Other: 0.2ms
[634.535s][info][gc,heap     ] GC(269) Eden regions: 30->0(97)
[634.535s][info][gc,heap     ] GC(269) Survivor regions: 1->1(13)
[634.535s][info][gc,heap     ] GC(269) Old regions: 21->21
[634.535s][info][gc,heap     ] GC(269) Archive regions: 0->0
[634.535s][info][gc,heap     ] GC(269) Humongous regions: 51->6
[634.535s][info][gc,metaspace] GC(269) Metaspace: 90083K(91008K)->90083K(91008K) NonClass: 78176K(78656K)->78176K(78656K) Class: 11907K(12352K)->11907K(12352K)
[634.535s][info][gc          ] GC(269) Pause Young (Concurrent Start) (G1 Humongous Allocation) 407M->108M(656M) 1.411ms
[634.535s][info][gc,cpu      ] GC(269) User=0.00s Sys=0.00s Real=0.00s
[634.535s][info][gc          ] GC(270) Concurrent Undo Cycle
[634.535s][info][gc,marking  ] GC(270) Concurrent Cleanup for Next Mark
[634.536s][info][gc,marking  ] GC(270) Concurrent Cleanup for Next Mark 0.583ms
[634.536s][info][gc          ] GC(270) Concurrent Undo Cycle 0.636ms
[635.093s][info][gc,start    ] GC(271) Pause Young (Concurrent Start) (G1 Humongous Allocation)
[635.093s][info][gc,task     ] GC(271) Using 13 workers of 13 for evacuation
[635.094s][info][gc,phases   ] GC(271)   Pre Evacuate Collection Set: 0.2ms
[635.094s][info][gc,phases   ] GC(271)   Merge Heap Roots: 0.1ms
[635.094s][info][gc,phases   ] GC(271)   Evacuate Collection Set: 0.7ms
[635.094s][info][gc,phases   ] GC(271)   Post Evacuate Collection Set: 0.2ms
[635.094s][info][gc,phases   ] GC(271)   Other: 0.2ms
[635.094s][info][gc,heap     ] GC(271) Eden regions: 8->0(97)
[635.094s][info][gc,heap     ] GC(271) Survivor regions: 1->1(13)
[635.094s][info][gc,heap     ] GC(271) Old regions: 21->21
[635.094s][info][gc,heap     ] GC(271) Archive regions: 0->0
[635.094s][info][gc,heap     ] GC(271) Humongous regions: 52->13
[635.094s][info][gc,metaspace] GC(271) Metaspace: 90083K(91008K)->90083K(91008K) NonClass: 78176K(78656K)->78176K(78656K) Class: 11907K(12352K)->11907K(12352K)
[635.094s][info][gc          ] GC(271) Pause Young (Concurrent Start) (G1 Humongous Allocation) 322M->136M(656M) 1.480ms
[635.094s][info][gc,cpu      ] GC(271) User=0.00s Sys=0.00s Real=0.00s
[635.095s][info][gc          ] GC(272) Concurrent Undo Cycle
[635.095s][info][gc,marking  ] GC(272) Concurrent Cleanup for Next Mark
[635.095s][info][gc,marking  ] GC(272) Concurrent Cleanup for Next Mark 0.415ms
[635.095s][info][gc          ] GC(272) Concurrent Undo Cycle 0.468ms
[635.687s][info][gc,start    ] GC(273) Pause Young (Concurrent Start) (G1 Humongous Allocation)
[635.687s][info][gc,task     ] GC(273) Using 13 workers of 13 for evacuation
[635.688s][info][gc,phases   ] GC(273)   Pre Evacuate Collection Set: 0.2ms
[635.688s][info][gc,phases   ] GC(273)   Merge Heap Roots: 0.0ms
[635.688s][info][gc,phases   ] GC(273)   Evacuate Collection Set: 0.8ms
[635.688s][info][gc,phases   ] GC(273)   Post Evacuate Collection Set: 0.5ms
[635.688s][info][gc,phases   ] GC(273)   Other: 0.2ms
[635.688s][info][gc,heap     ] GC(273) Eden regions: 9->0(97)
[635.688s][info][gc,heap     ] GC(273) Survivor regions: 1->1(13)
[635.688s][info][gc,heap     ] GC(273) Old regions: 21->21
[635.688s][info][gc,heap     ] GC(273) Archive regions: 0->0
[635.688s][info][gc,heap     ] GC(273) Humongous regions: 52->14
[635.688s][info][gc,metaspace] GC(273) Metaspace: 90083K(91008K)->90083K(91008K) NonClass: 78176K(78656K)->78176K(78656K) Class: 11907K(12352K)->11907K(12352K)
[635.688s][info][gc          ] GC(273) Pause Young (Concurrent Start) (G1 Humongous Allocation) 325M->139M(656M) 1.704ms
[635.688s][info][gc,cpu      ] GC(273) User=0.00s Sys=0.00s Real=0.00s
[635.688s][info][gc          ] GC(274) Concurrent Undo Cycle
[635.689s][info][gc,marking  ] GC(274) Concurrent Cleanup for Next Mark
[635.689s][info][gc,marking  ] GC(274) Concurrent Cleanup for Next Mark 0.556ms
[635.689s][info][gc          ] GC(274) Concurrent Undo Cycle 0.627ms
[636.543s][info][gc,start    ] GC(275) Pause Young (Concurrent Start) (G1 Humongous Allocation)
[636.543s][info][gc,task     ] GC(275) Using 13 workers of 13 for evacuation
[636.545s][info][gc,phases   ] GC(275)   Pre Evacuate Collection Set: 0.3ms
[636.545s][info][gc,phases   ] GC(275)   Merge Heap Roots: 0.1ms
[636.545s][info][gc,phases   ] GC(275)   Evacuate Collection Set: 1.5ms
[636.545s][info][gc,phases   ] GC(275)   Post Evacuate Collection Set: 0.2ms
[636.545s][info][gc,phases   ] GC(275)   Other: 0.3ms
[636.545s][info][gc,heap     ] GC(275) Eden regions: 11->0(97)
[636.545s][info][gc,heap     ] GC(275) Survivor regions: 1->1(13)
[636.545s][info][gc,heap     ] GC(275) Old regions: 21->21
[636.545s][info][gc,heap     ] GC(275) Archive regions: 0->0
[636.545s][info][gc,heap     ] GC(275) Humongous regions: 53->0
[636.545s][info][gc,metaspace] GC(275) Metaspace: 90083K(91008K)->90083K(91008K) NonClass: 78176K(78656K)->78176K(78656K) Class: 11907K(12352K)->11907K(12352K)
[636.545s][info][gc          ] GC(275) Pause Young (Concurrent Start) (G1 Humongous Allocation) 336M->84M(656M) 2.377ms
[636.546s][info][gc,cpu      ] GC(275) User=0.00s Sys=0.00s Real=0.00s
[636.546s][info][gc          ] GC(276) Concurrent Undo Cycle
[636.546s][info][gc,marking  ] GC(276) Concurrent Cleanup for Next Mark
[636.546s][info][gc,marking  ] GC(276) Concurrent Cleanup for Next Mark 0.454ms
[636.546s][info][gc          ] GC(276) Concurrent Undo Cycle 0.503ms
[637.044s][info][gc,start    ] GC(277) Pause Young (Concurrent Start) (G1 Humongous Allocation)
[637.044s][info][gc,task     ] GC(277) Using 13 workers of 13 for evacuation
[637.045s][info][gc,phases   ] GC(277)   Pre Evacuate Collection Set: 0.2ms
[637.045s][info][gc,phases   ] GC(277)   Merge Heap Roots: 0.0ms
[637.045s][info][gc,phases   ] GC(277)   Evacuate Collection Set: 0.8ms
[637.045s][info][gc,phases   ] GC(277)   Post Evacuate Collection Set: 0.5ms
[637.045s][info][gc,phases   ] GC(277)   Other: 0.2ms
[637.046s][info][gc,heap     ] GC(277) Eden regions: 9->0(97)
[637.046s][info][gc,heap     ] GC(277) Survivor regions: 1->1(13)
[637.046s][info][gc,heap     ] GC(277) Old regions: 21->21
[637.046s][info][gc,heap     ] GC(277) Archive regions: 0->0
[637.046s][info][gc,heap     ] GC(277) Humongous regions: 51->14
[637.046s][info][gc,metaspace] GC(277) Metaspace: 90083K(91008K)->90083K(91008K) NonClass: 78176K(78656K)->78176K(78656K) Class: 11907K(12352K)->11907K(12352K)
[637.046s][info][gc          ] GC(277) Pause Young (Concurrent Start) (G1 Humongous Allocation) 323M->140M(656M) 1.739ms
[637.046s][info][gc,cpu      ] GC(277) User=0.00s Sys=0.00s Real=0.00s
[637.046s][info][gc          ] GC(278) Concurrent Undo Cycle
[637.046s][info][gc,marking  ] GC(278) Concurrent Cleanup for Next Mark
[637.046s][info][gc,marking  ] GC(278) Concurrent Cleanup for Next Mark 0.445ms
[637.046s][info][gc          ] GC(278) Concurrent Undo Cycle 0.508ms
[637.787s][info][gc,start    ] GC(279) Pause Young (Concurrent Start) (G1 Humongous Allocation)
[637.787s][info][gc,task     ] GC(279) Using 13 workers of 13 for evacuation
[637.789s][info][gc,phases   ] GC(279)   Pre Evacuate Collection Set: 0.2ms
[637.789s][info][gc,phases   ] GC(279)   Merge Heap Roots: 0.0ms
[637.789s][info][gc,phases   ] GC(279)   Evacuate Collection Set: 0.8ms
[637.789s][info][gc,phases   ] GC(279)   Post Evacuate Collection Set: 0.3ms
[637.789s][info][gc,phases   ] GC(279)   Other: 0.1ms
[637.789s][info][gc,heap     ] GC(279) Eden regions: 10->0(97)
[637.789s][info][gc,heap     ] GC(279) Survivor regions: 1->1(13)
[637.789s][info][gc,heap     ] GC(279) Old regions: 21->21
[637.789s][info][gc,heap     ] GC(279) Archive regions: 0->0
[637.789s][info][gc,heap     ] GC(279) Humongous regions: 53->9
[637.789s][info][gc,metaspace] GC(279) Metaspace: 90083K(91008K)->90083K(91008K) NonClass: 78176K(78656K)->78176K(78656K) Class: 11907K(12352K)->11907K(12352K)
[637.789s][info][gc          ] GC(279) Pause Young (Concurrent Start) (G1 Humongous Allocation) 334M->120M(656M) 1.634ms
[637.789s][info][gc,cpu      ] GC(279) User=0.00s Sys=0.00s Real=0.00s
[637.789s][info][gc          ] GC(280) Concurrent Undo Cycle
[637.789s][info][gc,marking  ] GC(280) Concurrent Cleanup for Next Mark
[637.789s][info][gc,marking  ] GC(280) Concurrent Cleanup for Next Mark 0.398ms
[637.789s][info][gc          ] GC(280) Concurrent Undo Cycle 0.447ms
[638.423s][info][gc,start    ] GC(281) Pause Young (Concurrent Start) (G1 Humongous Allocation)
[638.423s][info][gc,task     ] GC(281) Using 13 workers of 13 for evacuation
[638.424s][info][gc,phases   ] GC(281)   Pre Evacuate Collection Set: 0.1ms
[638.424s][info][gc,phases   ] GC(281)   Merge Heap Roots: 0.0ms
[638.424s][info][gc,phases   ] GC(281)   Evacuate Collection Set: 0.6ms
[638.424s][info][gc,phases   ] GC(281)   Post Evacuate Collection Set: 0.3ms
[638.424s][info][gc,phases   ] GC(281)   Other: 0.1ms
[638.424s][info][gc,heap     ] GC(281) Eden regions: 9->0(97)
[638.424s][info][gc,heap     ] GC(281) Survivor regions: 1->1(13)
[638.424s][info][gc,heap     ] GC(281) Old regions: 21->21
[638.424s][info][gc,heap     ] GC(281) Archive regions: 0->0
[638.424s][info][gc,heap     ] GC(281) Humongous regions: 52->7
[638.424s][info][gc,metaspace] GC(281) Metaspace: 90083K(91008K)->90083K(91008K) NonClass: 78176K(78656K)->78176K(78656K) Class: 11907K(12352K)->11907K(12352K)
[638.424s][info][gc          ] GC(281) Pause Young (Concurrent Start) (G1 Humongous Allocation) 328M->111M(656M) 1.227ms
[638.424s][info][gc,cpu      ] GC(281) User=0.00s Sys=0.00s Real=0.00s
[638.424s][info][gc          ] GC(282) Concurrent Undo Cycle
[638.424s][info][gc,marking  ] GC(282) Concurrent Cleanup for Next Mark
[638.425s][info][gc,marking  ] GC(282) Concurrent Cleanup for Next Mark 0.454ms
[638.425s][info][gc          ] GC(282) Concurrent Undo Cycle 0.523ms
[638.928s][info][gc,start    ] GC(283) Pause Young (Concurrent Start) (G1 Humongous Allocation)
[638.928s][info][gc,task     ] GC(283) Using 13 workers of 13 for evacuation
[638.929s][info][gc,phases   ] GC(283)   Pre Evacuate Collection Set: 0.2ms
[638.929s][info][gc,phases   ] GC(283)   Merge Heap Roots: 0.0ms
[638.929s][info][gc,phases   ] GC(283)   Evacuate Collection Set: 0.7ms
[638.929s][info][gc,phases   ] GC(283)   Post Evacuate Collection Set: 0.3ms
[638.929s][info][gc,phases   ] GC(283)   Other: 0.2ms
[638.929s][info][gc,heap     ] GC(283) Eden regions: 9->0(97)
[638.929s][info][gc,heap     ] GC(283) Survivor regions: 1->1(13)
[638.929s][info][gc,heap     ] GC(283) Old regions: 21->21
[638.929s][info][gc,heap     ] GC(283) Archive regions: 0->0
[638.929s][info][gc,heap     ] GC(283) Humongous regions: 51->8
[638.929s][info][gc,metaspace] GC(283) Metaspace: 90083K(91008K)->90083K(91008K) NonClass: 78176K(78656K)->78176K(78656K) Class: 11907K(12352K)->11907K(12352K)
[638.929s][info][gc          ] GC(283) Pause Young (Concurrent Start) (G1 Humongous Allocation) 323M->115M(656M) 1.425ms
[638.929s][info][gc,cpu      ] GC(283) User=0.00s Sys=0.00s Real=0.00s
[638.929s][info][gc          ] GC(284) Concurrent Undo Cycle
[638.929s][info][gc,marking  ] GC(284) Concurrent Cleanup for Next Mark
[638.930s][info][gc,marking  ] GC(284) Concurrent Cleanup for Next Mark 0.499ms
[638.930s][info][gc          ] GC(284) Concurrent Undo Cycle 0.558ms
[639.594s][info][gc,start    ] GC(285) Pause Young (Concurrent Start) (G1 Humongous Allocation)
[639.594s][info][gc,task     ] GC(285) Using 13 workers of 13 for evacuation
[639.595s][info][gc,phases   ] GC(285)   Pre Evacuate Collection Set: 0.1ms
[639.595s][info][gc,phases   ] GC(285)   Merge Heap Roots: 0.0ms
[639.595s][info][gc,phases   ] GC(285)   Evacuate Collection Set: 0.7ms
[639.595s][info][gc,phases   ] GC(285)   Post Evacuate Collection Set: 0.2ms
[639.595s][info][gc,phases   ] GC(285)   Other: 0.1ms
[639.595s][info][gc,heap     ] GC(285) Eden regions: 10->0(97)
[639.595s][info][gc,heap     ] GC(285) Survivor regions: 1->1(13)
[639.595s][info][gc,heap     ] GC(285) Old regions: 21->21
[639.595s][info][gc,heap     ] GC(285) Archive regions: 0->0
[639.595s][info][gc,heap     ] GC(285) Humongous regions: 53->9
[639.595s][info][gc,metaspace] GC(285) Metaspace: 90083K(91008K)->90083K(91008K) NonClass: 78176K(78656K)->78176K(78656K) Class: 11907K(12352K)->11907K(12352K)
[639.595s][info][gc          ] GC(285) Pause Young (Concurrent Start) (G1 Humongous Allocation) 334M->120M(656M) 1.326ms
[639.596s][info][gc,cpu      ] GC(285) User=0.00s Sys=0.00s Real=0.00s
[639.596s][info][gc          ] GC(286) Concurrent Undo Cycle
[639.596s][info][gc,marking  ] GC(286) Concurrent Cleanup for Next Mark
[639.596s][info][gc,marking  ] GC(286) Concurrent Cleanup for Next Mark 0.410ms
[639.596s][info][gc          ] GC(286) Concurrent Undo Cycle 0.457ms
[640.257s][info][gc,start    ] GC(287) Pause Young (Concurrent Start) (G1 Humongous Allocation)
[640.257s][info][gc,task     ] GC(287) Using 13 workers of 13 for evacuation
[640.258s][info][gc,phases   ] GC(287)   Pre Evacuate Collection Set: 0.1ms
[640.258s][info][gc,phases   ] GC(287)   Merge Heap Roots: 0.0ms
[640.258s][info][gc,phases   ] GC(287)   Evacuate Collection Set: 0.6ms
[640.258s][info][gc,phases   ] GC(287)   Post Evacuate Collection Set: 0.2ms
[640.258s][info][gc,phases   ] GC(287)   Other: 0.1ms
[640.258s][info][gc,heap     ] GC(287) Eden regions: 9->0(97)
[640.258s][info][gc,heap     ] GC(287) Survivor regions: 1->1(13)
[640.258s][info][gc,heap     ] GC(287) Old regions: 21->21
[640.258s][info][gc,heap     ] GC(287) Archive regions: 0->0
[640.258s][info][gc,heap     ] GC(287) Humongous regions: 52->4
[640.258s][info][gc,metaspace] GC(287) Metaspace: 90083K(91008K)->90083K(91008K) NonClass: 78176K(78656K)->78176K(78656K) Class: 11907K(12352K)->11907K(12352K)
[640.258s][info][gc          ] GC(287) Pause Young (Concurrent Start) (G1 Humongous Allocation) 328M->99M(656M) 1.215ms
[640.258s][info][gc,cpu      ] GC(287) User=0.00s Sys=0.00s Real=0.00s
[640.258s][info][gc          ] GC(288) Concurrent Undo Cycle
[640.258s][info][gc,marking  ] GC(288) Concurrent Cleanup for Next Mark
[640.258s][info][gc,marking  ] GC(288) Concurrent Cleanup for Next Mark 0.419ms
[640.258s][info][gc          ] GC(288) Concurrent Undo Cycle 0.473ms
[640.757s][info][gc,start    ] GC(289) Pause Young (Concurrent Start) (G1 Humongous Allocation)
[640.757s][info][gc,task     ] GC(289) Using 13 workers of 13 for evacuation
[640.759s][info][gc,phases   ] GC(289)   Pre Evacuate Collection Set: 0.3ms
[640.759s][info][gc,phases   ] GC(289)   Merge Heap Roots: 0.1ms
[640.759s][info][gc,phases   ] GC(289)   Evacuate Collection Set: 1.0ms
[640.759s][info][gc,phases   ] GC(289)   Post Evacuate Collection Set: 0.4ms
[640.759s][info][gc,phases   ] GC(289)   Other: 0.3ms
[640.759s][info][gc,heap     ] GC(289) Eden regions: 9->0(97)
[640.759s][info][gc,heap     ] GC(289) Survivor regions: 1->1(13)
[640.759s][info][gc,heap     ] GC(289) Old regions: 21->21
[640.759s][info][gc,heap     ] GC(289) Archive regions: 0->0
[640.759s][info][gc,heap     ] GC(289) Humongous regions: 51->10
[640.759s][info][gc,metaspace] GC(289) Metaspace: 90083K(91008K)->90083K(91008K) NonClass: 78176K(78656K)->78176K(78656K) Class: 11907K(12352K)->11907K(12352K)
[640.759s][info][gc          ] GC(289) Pause Young (Concurrent Start) (G1 Humongous Allocation) 323M->123M(656M) 2.167ms
[640.759s][info][gc,cpu      ] GC(289) User=0.00s Sys=0.00s Real=0.00s
[640.759s][info][gc          ] GC(290) Concurrent Undo Cycle
[640.759s][info][gc,marking  ] GC(290) Concurrent Cleanup for Next Mark
[640.760s][info][gc,marking  ] GC(290) Concurrent Cleanup for Next Mark 0.569ms
[640.760s][info][gc          ] GC(290) Concurrent Undo Cycle 0.644ms
[641.400s][info][gc,start    ] GC(291) Pause Young (Concurrent Start) (G1 Humongous Allocation)
[641.400s][info][gc,task     ] GC(291) Using 13 workers of 13 for evacuation
[641.402s][info][gc,phases   ] GC(291)   Pre Evacuate Collection Set: 0.2ms
[641.403s][info][gc,phases   ] GC(291)   Merge Heap Roots: 0.4ms
[641.403s][info][gc,phases   ] GC(291)   Evacuate Collection Set: 1.4ms
[641.403s][info][gc,phases   ] GC(291)   Post Evacuate Collection Set: 0.8ms
[641.403s][info][gc,phases   ] GC(291)   Other: 0.2ms
[641.403s][info][gc,heap     ] GC(291) Eden regions: 9->0(97)
[641.403s][info][gc,heap     ] GC(291) Survivor regions: 1->1(13)
[641.403s][info][gc,heap     ] GC(291) Old regions: 21->21
[641.403s][info][gc,heap     ] GC(291) Archive regions: 0->0
[641.403s][info][gc,heap     ] GC(291) Humongous regions: 53->10
[641.403s][info][gc,metaspace] GC(291) Metaspace: 90083K(91008K)->90083K(91008K) NonClass: 78176K(78656K)->78176K(78656K) Class: 11907K(12352K)->11907K(12352K)
[641.403s][info][gc          ] GC(291) Pause Young (Concurrent Start) (G1 Humongous Allocation) 331M->123M(656M) 3.055ms
[641.403s][info][gc,cpu      ] GC(291) User=0.00s Sys=0.00s Real=0.00s
[641.403s][info][gc          ] GC(292) Concurrent Undo Cycle
[641.403s][info][gc,marking  ] GC(292) Concurrent Cleanup for Next Mark
[641.403s][info][gc,marking  ] GC(292) Concurrent Cleanup for Next Mark 0.572ms
[641.403s][info][gc          ] GC(292) Concurrent Undo Cycle 0.670ms
[641.931s][info][gc,start    ] GC(293) Pause Young (Concurrent Start) (G1 Humongous Allocation)
[641.931s][info][gc,task     ] GC(293) Using 13 workers of 13 for evacuation
[641.934s][info][gc,phases   ] GC(293)   Pre Evacuate Collection Set: 0.5ms
[641.934s][info][gc,phases   ] GC(293)   Merge Heap Roots: 0.1ms
[641.934s][info][gc,phases   ] GC(293)   Evacuate Collection Set: 1.9ms
[641.934s][info][gc,phases   ] GC(293)   Post Evacuate Collection Set: 0.5ms
[641.934s][info][gc,phases   ] GC(293)   Other: 0.2ms
[641.934s][info][gc,heap     ] GC(293) Eden regions: 9->0(97)
[641.934s][info][gc,heap     ] GC(293) Survivor regions: 1->1(13)
[641.934s][info][gc,heap     ] GC(293) Old regions: 21->21
[641.934s][info][gc,heap     ] GC(293) Archive regions: 0->0
[641.934s][info][gc,heap     ] GC(293) Humongous regions: 52->10
[641.934s][info][gc,metaspace] GC(293) Metaspace: 90083K(91008K)->90083K(91008K) NonClass: 78176K(78656K)->78176K(78656K) Class: 11907K(12352K)->11907K(12352K)
[641.934s][info][gc          ] GC(293) Pause Young (Concurrent Start) (G1 Humongous Allocation) 326M->124M(656M) 3.224ms
[641.934s][info][gc,cpu      ] GC(293) User=0.00s Sys=0.00s Real=0.00s
[641.934s][info][gc          ] GC(294) Concurrent Undo Cycle
[641.934s][info][gc,marking  ] GC(294) Concurrent Cleanup for Next Mark
[641.935s][info][gc,marking  ] GC(294) Concurrent Cleanup for Next Mark 0.491ms
[641.935s][info][gc          ] GC(294) Concurrent Undo Cycle 0.563ms
[642.499s][info][gc,start    ] GC(295) Pause Young (Concurrent Start) (G1 Humongous Allocation)
[642.499s][info][gc,task     ] GC(295) Using 13 workers of 13 for evacuation
[642.501s][info][gc,phases   ] GC(295)   Pre Evacuate Collection Set: 0.2ms
[642.501s][info][gc,phases   ] GC(295)   Merge Heap Roots: 0.0ms
[642.501s][info][gc,phases   ] GC(295)   Evacuate Collection Set: 0.8ms
[642.501s][info][gc,phases   ] GC(295)   Post Evacuate Collection Set: 0.9ms
[642.501s][info][gc,phases   ] GC(295)   Other: 0.2ms
[642.501s][info][gc,heap     ] GC(295) Eden regions: 9->0(97)
[642.501s][info][gc,heap     ] GC(295) Survivor regions: 1->1(13)
[642.501s][info][gc,heap     ] GC(295) Old regions: 21->21
[642.501s][info][gc,heap     ] GC(295) Archive regions: 0->0
[642.501s][info][gc,heap     ] GC(295) Humongous regions: 52->7
[642.501s][info][gc,metaspace] GC(295) Metaspace: 90083K(91008K)->90083K(91008K) NonClass: 78176K(78656K)->78176K(78656K) Class: 11907K(12352K)->11907K(12352K)
[642.501s][info][gc          ] GC(295) Pause Young (Concurrent Start) (G1 Humongous Allocation) 327M->111M(656M) 2.247ms
[642.501s][info][gc,cpu      ] GC(295) User=0.00s Sys=0.00s Real=0.00s
[642.501s][info][gc          ] GC(296) Concurrent Undo Cycle
[642.501s][info][gc,marking  ] GC(296) Concurrent Cleanup for Next Mark
[642.502s][info][gc,marking  ] GC(296) Concurrent Cleanup for Next Mark 0.347ms
[642.502s][info][gc          ] GC(296) Concurrent Undo Cycle 0.420ms
[643.033s][info][gc,start    ] GC(297) Pause Young (Concurrent Start) (G1 Humongous Allocation)
[643.033s][info][gc,task     ] GC(297) Using 13 workers of 13 for evacuation
[643.035s][info][gc,phases   ] GC(297)   Pre Evacuate Collection Set: 0.3ms
[643.035s][info][gc,phases   ] GC(297)   Merge Heap Roots: 0.0ms
[643.035s][info][gc,phases   ] GC(297)   Evacuate Collection Set: 0.7ms
[643.035s][info][gc,phases   ] GC(297)   Post Evacuate Collection Set: 0.8ms
[643.035s][info][gc,phases   ] GC(297)   Other: 0.1ms
[643.035s][info][gc,heap     ] GC(297) Eden regions: 9->0(97)
[643.035s][info][gc,heap     ] GC(297) Survivor regions: 1->1(13)
[643.035s][info][gc,heap     ] GC(297) Old regions: 21->21
[643.035s][info][gc,heap     ] GC(297) Archive regions: 0->0
[643.035s][info][gc,heap     ] GC(297) Humongous regions: 51->11
[643.035s][info][gc,metaspace] GC(297) Metaspace: 90083K(91008K)->90083K(91008K) NonClass: 78176K(78656K)->78176K(78656K) Class: 11907K(12352K)->11907K(12352K)
[643.035s][info][gc          ] GC(297) Pause Young (Concurrent Start) (G1 Humongous Allocation) 321M->128M(656M) 2.119ms
[643.035s][info][gc,cpu      ] GC(297) User=0.00s Sys=0.00s Real=0.00s
[643.035s][info][gc          ] GC(298) Concurrent Undo Cycle
[643.036s][info][gc,marking  ] GC(298) Concurrent Cleanup for Next Mark
[643.036s][info][gc,marking  ] GC(298) Concurrent Cleanup for Next Mark 0.429ms
[643.036s][info][gc          ] GC(298) Concurrent Undo Cycle 0.493ms
[643.536s][info][gc,start    ] GC(299) Pause Young (Concurrent Start) (G1 Humongous Allocation)
[643.536s][info][gc,task     ] GC(299) Using 13 workers of 13 for evacuation
[643.537s][info][gc,phases   ] GC(299)   Pre Evacuate Collection Set: 0.2ms
[643.537s][info][gc,phases   ] GC(299)   Merge Heap Roots: 0.1ms
[643.537s][info][gc,phases   ] GC(299)   Evacuate Collection Set: 0.8ms
[643.537s][info][gc,phases   ] GC(299)   Post Evacuate Collection Set: 0.3ms
[643.537s][info][gc,phases   ] GC(299)   Other: 0.2ms
[643.537s][info][gc,heap     ] GC(299) Eden regions: 9->0(97)
[643.537s][info][gc,heap     ] GC(299) Survivor regions: 1->1(13)
[643.537s][info][gc,heap     ] GC(299) Old regions: 21->21
[643.537s][info][gc,heap     ] GC(299) Archive regions: 0->0
[643.537s][info][gc,heap     ] GC(299) Humongous regions: 53->14
[643.537s][info][gc,metaspace] GC(299) Metaspace: 90083K(91008K)->90083K(91008K) NonClass: 78176K(78656K)->78176K(78656K) Class: 11907K(12352K)->11907K(12352K)
[643.537s][info][gc          ] GC(299) Pause Young (Concurrent Start) (G1 Humongous Allocation) 330M->140M(656M) 1.519ms
[643.537s][info][gc,cpu      ] GC(299) User=0.00s Sys=0.09s Real=0.00s
[643.537s][info][gc          ] GC(300) Concurrent Undo Cycle
[643.537s][info][gc,marking  ] GC(300) Concurrent Cleanup for Next Mark
[643.538s][info][gc,marking  ] GC(300) Concurrent Cleanup for Next Mark 0.486ms
[643.538s][info][gc          ] GC(300) Concurrent Undo Cycle 0.543ms
[644.111s][info][gc,start    ] GC(301) Pause Young (Concurrent Start) (G1 Humongous Allocation)
[644.111s][info][gc,task     ] GC(301) Using 13 workers of 13 for evacuation
[644.113s][info][gc,phases   ] GC(301)   Pre Evacuate Collection Set: 0.4ms
[644.113s][info][gc,phases   ] GC(301)   Merge Heap Roots: 0.0ms
[644.113s][info][gc,phases   ] GC(301)   Evacuate Collection Set: 0.9ms
[644.113s][info][gc,phases   ] GC(301)   Post Evacuate Collection Set: 0.3ms
[644.113s][info][gc,phases   ] GC(301)   Other: 0.2ms
[644.113s][info][gc,heap     ] GC(301) Eden regions: 9->0(97)
[644.113s][info][gc,heap     ] GC(301) Survivor regions: 1->1(13)
[644.113s][info][gc,heap     ] GC(301) Old regions: 21->21
[644.113s][info][gc,heap     ] GC(301) Archive regions: 0->0
[644.113s][info][gc,heap     ] GC(301) Humongous regions: 53->6
[644.113s][info][gc,metaspace] GC(301) Metaspace: 90083K(91008K)->90083K(91008K) NonClass: 78176K(78656K)->78176K(78656K) Class: 11907K(12352K)->11907K(12352K)
[644.113s][info][gc          ] GC(301) Pause Young (Concurrent Start) (G1 Humongous Allocation) 331M->109M(656M) 1.937ms
[644.113s][info][gc,cpu      ] GC(301) User=0.00s Sys=0.00s Real=0.00s
[644.113s][info][gc          ] GC(302) Concurrent Undo Cycle
[644.113s][info][gc,marking  ] GC(302) Concurrent Cleanup for Next Mark
[644.113s][info][gc,marking  ] GC(302) Concurrent Cleanup for Next Mark 0.466ms
[644.113s][info][gc          ] GC(302) Concurrent Undo Cycle 0.518ms
[644.567s][info][gc,start    ] GC(303) Pause Young (Concurrent Start) (G1 Humongous Allocation)
[644.567s][info][gc,task     ] GC(303) Using 13 workers of 13 for evacuation
[644.569s][info][gc,phases   ] GC(303)   Pre Evacuate Collection Set: 0.1ms
[644.569s][info][gc,phases   ] GC(303)   Merge Heap Roots: 0.2ms
[644.569s][info][gc,phases   ] GC(303)   Evacuate Collection Set: 0.6ms
[644.569s][info][gc,phases   ] GC(303)   Post Evacuate Collection Set: 0.5ms
[644.569s][info][gc,phases   ] GC(303)   Other: 0.1ms
[644.569s][info][gc,heap     ] GC(303) Eden regions: 9->0(97)
[644.569s][info][gc,heap     ] GC(303) Survivor regions: 1->1(13)
[644.569s][info][gc,heap     ] GC(303) Old regions: 21->21
[644.569s][info][gc,heap     ] GC(303) Archive regions: 0->0
[644.569s][info][gc,heap     ] GC(303) Humongous regions: 51->11
[644.569s][info][gc,metaspace] GC(303) Metaspace: 90083K(91008K)->90083K(91008K) NonClass: 78176K(78656K)->78176K(78656K) Class: 11907K(12352K)->11907K(12352K)
[644.569s][info][gc          ] GC(303) Pause Young (Concurrent Start) (G1 Humongous Allocation) 324M->128M(656M) 1.616ms
[644.569s][info][gc,cpu      ] GC(303) User=0.00s Sys=0.00s Real=0.00s
[644.569s][info][gc          ] GC(304) Concurrent Undo Cycle
[644.569s][info][gc,marking  ] GC(304) Concurrent Cleanup for Next Mark
[644.569s][info][gc,marking  ] GC(304) Concurrent Cleanup for Next Mark 0.321ms
[644.569s][info][gc          ] GC(304) Concurrent Undo Cycle 0.369ms
[645.119s][info][gc,start    ] GC(305) Pause Young (Concurrent Start) (G1 Humongous Allocation)
[645.119s][info][gc,task     ] GC(305) Using 13 workers of 13 for evacuation
[645.120s][info][gc,phases   ] GC(305)   Pre Evacuate Collection Set: 0.1ms
[645.120s][info][gc,phases   ] GC(305)   Merge Heap Roots: 0.0ms
[645.120s][info][gc,phases   ] GC(305)   Evacuate Collection Set: 0.5ms
[645.120s][info][gc,phases   ] GC(305)   Post Evacuate Collection Set: 0.2ms
[645.120s][info][gc,phases   ] GC(305)   Other: 0.1ms
[645.120s][info][gc,heap     ] GC(305) Eden regions: 10->0(97)
[645.120s][info][gc,heap     ] GC(305) Survivor regions: 1->1(13)
[645.120s][info][gc,heap     ] GC(305) Old regions: 21->21
[645.120s][info][gc,heap     ] GC(305) Archive regions: 0->0
[645.120s][info][gc,heap     ] GC(305) Humongous regions: 53->8
[645.120s][info][gc,metaspace] GC(305) Metaspace: 90083K(91008K)->90083K(91008K) NonClass: 78176K(78656K)->78176K(78656K) Class: 11907K(12352K)->11907K(12352K)
[645.120s][info][gc          ] GC(305) Pause Young (Concurrent Start) (G1 Humongous Allocation) 332M->116M(656M) 1.136ms
[645.120s][info][gc,cpu      ] GC(305) User=0.00s Sys=0.00s Real=0.00s
[645.120s][info][gc          ] GC(306) Concurrent Undo Cycle
[645.120s][info][gc,marking  ] GC(306) Concurrent Cleanup for Next Mark
[645.121s][info][gc,marking  ] GC(306) Concurrent Cleanup for Next Mark 0.463ms
[645.121s][info][gc          ] GC(306) Concurrent Undo Cycle 0.510ms
[665.762s][info][gc,start    ] GC(307) Pause Young (Concurrent Start) (G1 Humongous Allocation)
[665.762s][info][gc,task     ] GC(307) Using 13 workers of 13 for evacuation
[665.764s][info][gc,phases   ] GC(307)   Pre Evacuate Collection Set: 0.2ms
[665.764s][info][gc,phases   ] GC(307)   Merge Heap Roots: 0.1ms
[665.764s][info][gc,phases   ] GC(307)   Evacuate Collection Set: 1.1ms
[665.764s][info][gc,phases   ] GC(307)   Post Evacuate Collection Set: 0.2ms
[665.764s][info][gc,phases   ] GC(307)   Other: 0.2ms
[665.764s][info][gc,heap     ] GC(307) Eden regions: 23->0(97)
[665.764s][info][gc,heap     ] GC(307) Survivor regions: 1->1(13)
[665.764s][info][gc,heap     ] GC(307) Old regions: 21->21
[665.764s][info][gc,heap     ] GC(307) Archive regions: 0->0
[665.764s][info][gc,heap     ] GC(307) Humongous regions: 53->9
[665.764s][info][gc,metaspace] GC(307) Metaspace: 90087K(91008K)->90087K(91008K) NonClass: 78179K(78656K)->78179K(78656K) Class: 11908K(12352K)->11908K(12352K)
[665.764s][info][gc          ] GC(307) Pause Young (Concurrent Start) (G1 Humongous Allocation) 386M->119M(656M) 1.806ms
[665.764s][info][gc,cpu      ] GC(307) User=0.00s Sys=0.00s Real=0.00s
[665.764s][info][gc          ] GC(308) Concurrent Undo Cycle
[665.764s][info][gc,marking  ] GC(308) Concurrent Cleanup for Next Mark
[665.765s][info][gc,marking  ] GC(308) Concurrent Cleanup for Next Mark 0.740ms
[665.765s][info][gc          ] GC(308) Concurrent Undo Cycle 0.794ms
[666.405s][info][gc,start    ] GC(309) Pause Young (Concurrent Start) (G1 Humongous Allocation)
[666.405s][info][gc,task     ] GC(309) Using 13 workers of 13 for evacuation
[666.407s][info][gc,phases   ] GC(309)   Pre Evacuate Collection Set: 0.2ms
[666.407s][info][gc,phases   ] GC(309)   Merge Heap Roots: 0.1ms
[666.407s][info][gc,phases   ] GC(309)   Evacuate Collection Set: 1.2ms
[666.407s][info][gc,phases   ] GC(309)   Post Evacuate Collection Set: 0.6ms
[666.408s][info][gc,phases   ] GC(309)   Other: 0.3ms
[666.408s][info][gc,heap     ] GC(309) Eden regions: 9->0(97)
[666.408s][info][gc,heap     ] GC(309) Survivor regions: 1->1(13)
[666.408s][info][gc,heap     ] GC(309) Old regions: 21->21
[666.408s][info][gc,heap     ] GC(309) Archive regions: 0->0
[666.408s][info][gc,heap     ] GC(309) Humongous regions: 52->13
[666.408s][info][gc,metaspace] GC(309) Metaspace: 90089K(91072K)->90089K(91072K) NonClass: 78180K(78720K)->78180K(78720K) Class: 11908K(12352K)->11908K(12352K)
[666.408s][info][gc          ] GC(309) Pause Young (Concurrent Start) (G1 Humongous Allocation) 324M->136M(656M) 2.384ms
[666.408s][info][gc,cpu      ] GC(309) User=0.00s Sys=0.00s Real=0.00s
[666.408s][info][gc          ] GC(310) Concurrent Undo Cycle
[666.408s][info][gc,marking  ] GC(310) Concurrent Cleanup for Next Mark
[666.408s][info][gc,marking  ] GC(310) Concurrent Cleanup for Next Mark 0.553ms
[666.408s][info][gc          ] GC(310) Concurrent Undo Cycle 0.640ms
[667.017s][info][gc,start    ] GC(311) Pause Young (Concurrent Start) (G1 Humongous Allocation)
[667.017s][info][gc,task     ] GC(311) Using 13 workers of 13 for evacuation
[667.018s][info][gc,phases   ] GC(311)   Pre Evacuate Collection Set: 0.1ms
[667.018s][info][gc,phases   ] GC(311)   Merge Heap Roots: 0.0ms
[667.018s][info][gc,phases   ] GC(311)   Evacuate Collection Set: 0.7ms
[667.018s][info][gc,phases   ] GC(311)   Post Evacuate Collection Set: 0.3ms
[667.018s][info][gc,phases   ] GC(311)   Other: 0.1ms
[667.018s][info][gc,heap     ] GC(311) Eden regions: 9->0(97)
[667.018s][info][gc,heap     ] GC(311) Survivor regions: 1->1(13)
[667.018s][info][gc,heap     ] GC(311) Old regions: 21->21
[667.018s][info][gc,heap     ] GC(311) Archive regions: 0->0
[667.018s][info][gc,heap     ] GC(311) Humongous regions: 52->11
[667.018s][info][gc,metaspace] GC(311) Metaspace: 90089K(91072K)->90089K(91072K) NonClass: 78180K(78720K)->78180K(78720K) Class: 11908K(12352K)->11908K(12352K)
[667.018s][info][gc          ] GC(311) Pause Young (Concurrent Start) (G1 Humongous Allocation) 325M->128M(656M) 1.386ms
[667.018s][info][gc,cpu      ] GC(311) User=0.00s Sys=0.00s Real=0.00s
[667.018s][info][gc          ] GC(312) Concurrent Undo Cycle
[667.018s][info][gc,marking  ] GC(312) Concurrent Cleanup for Next Mark
[667.019s][info][gc,marking  ] GC(312) Concurrent Cleanup for Next Mark 0.509ms
[667.019s][info][gc          ] GC(312) Concurrent Undo Cycle 0.573ms
[667.667s][info][gc,start    ] GC(313) Pause Young (Concurrent Start) (G1 Humongous Allocation)
[667.667s][info][gc,task     ] GC(313) Using 13 workers of 13 for evacuation
[667.669s][info][gc,phases   ] GC(313)   Pre Evacuate Collection Set: 0.1ms
[667.669s][info][gc,phases   ] GC(313)   Merge Heap Roots: 0.0ms
[667.669s][info][gc,phases   ] GC(313)   Evacuate Collection Set: 0.8ms
[667.669s][info][gc,phases   ] GC(313)   Post Evacuate Collection Set: 0.8ms
[667.669s][info][gc,phases   ] GC(313)   Other: 0.2ms
[667.669s][info][gc,heap     ] GC(313) Eden regions: 10->0(97)
[667.669s][info][gc,heap     ] GC(313) Survivor regions: 1->1(13)
[667.669s][info][gc,heap     ] GC(313) Old regions: 21->21
[667.669s][info][gc,heap     ] GC(313) Archive regions: 0->0
[667.669s][info][gc,heap     ] GC(313) Humongous regions: 53->8
[667.669s][info][gc,metaspace] GC(313) Metaspace: 90089K(91072K)->90089K(91072K) NonClass: 78180K(78720K)->78180K(78720K) Class: 11908K(12352K)->11908K(12352K)
[667.669s][info][gc          ] GC(313) Pause Young (Concurrent Start) (G1 Humongous Allocation) 332M->116M(656M) 2.053ms
[667.669s][info][gc,cpu      ] GC(313) User=0.00s Sys=0.00s Real=0.00s
[667.669s][info][gc          ] GC(314) Concurrent Undo Cycle
[667.669s][info][gc,marking  ] GC(314) Concurrent Cleanup for Next Mark
[667.670s][info][gc,marking  ] GC(314) Concurrent Cleanup for Next Mark 1.156ms
[667.670s][info][gc          ] GC(314) Concurrent Undo Cycle 1.239ms
[668.241s][info][gc,start    ] GC(315) Pause Young (Concurrent Start) (G1 Humongous Allocation)
[668.241s][info][gc,task     ] GC(315) Using 13 workers of 13 for evacuation
[668.243s][info][gc,phases   ] GC(315)   Pre Evacuate Collection Set: 0.3ms
[668.243s][info][gc,phases   ] GC(315)   Merge Heap Roots: 0.1ms
[668.243s][info][gc,phases   ] GC(315)   Evacuate Collection Set: 0.7ms
[668.243s][info][gc,phases   ] GC(315)   Post Evacuate Collection Set: 0.4ms
[668.243s][info][gc,phases   ] GC(315)   Other: 0.1ms
[668.243s][info][gc,heap     ] GC(315) Eden regions: 10->0(97)
[668.243s][info][gc,heap     ] GC(315) Survivor regions: 1->1(13)
[668.243s][info][gc,heap     ] GC(315) Old regions: 21->21
[668.243s][info][gc,heap     ] GC(315) Archive regions: 0->0
[668.243s][info][gc,heap     ] GC(315) Humongous regions: 53->9
[668.243s][info][gc,metaspace] GC(315) Metaspace: 90089K(91072K)->90089K(91072K) NonClass: 78180K(78720K)->78180K(78720K) Class: 11908K(12352K)->11908K(12352K)
[668.243s][info][gc          ] GC(315) Pause Young (Concurrent Start) (G1 Humongous Allocation) 333M->121M(656M) 1.715ms
[668.243s][info][gc,cpu      ] GC(315) User=0.00s Sys=0.00s Real=0.00s
[668.243s][info][gc          ] GC(316) Concurrent Undo Cycle
[668.243s][info][gc,marking  ] GC(316) Concurrent Cleanup for Next Mark
[668.243s][info][gc,marking  ] GC(316) Concurrent Cleanup for Next Mark 0.409ms
[668.243s][info][gc          ] GC(316) Concurrent Undo Cycle 0.455ms
[668.802s][info][gc,start    ] GC(317) Pause Young (Concurrent Start) (G1 Humongous Allocation)
[668.802s][info][gc,task     ] GC(317) Using 13 workers of 13 for evacuation
[668.803s][info][gc,phases   ] GC(317)   Pre Evacuate Collection Set: 0.1ms
[668.803s][info][gc,phases   ] GC(317)   Merge Heap Roots: 0.0ms
[668.803s][info][gc,phases   ] GC(317)   Evacuate Collection Set: 0.6ms
[668.803s][info][gc,phases   ] GC(317)   Post Evacuate Collection Set: 0.3ms
[668.803s][info][gc,phases   ] GC(317)   Other: 0.1ms
[668.803s][info][gc,heap     ] GC(317) Eden regions: 10->0(97)
[668.803s][info][gc,heap     ] GC(317) Survivor regions: 1->1(13)
[668.803s][info][gc,heap     ] GC(317) Old regions: 21->21
[668.803s][info][gc,heap     ] GC(317) Archive regions: 0->0
[668.803s][info][gc,heap     ] GC(317) Humongous regions: 52->10
[668.803s][info][gc,metaspace] GC(317) Metaspace: 90089K(91072K)->90089K(91072K) NonClass: 78180K(78720K)->78180K(78720K) Class: 11908K(12352K)->11908K(12352K)
[668.803s][info][gc          ] GC(317) Pause Young (Concurrent Start) (G1 Humongous Allocation) 329M->124M(656M) 1.332ms
[668.803s][info][gc,cpu      ] GC(317) User=0.02s Sys=0.00s Real=0.00s
[668.803s][info][gc          ] GC(318) Concurrent Undo Cycle
[668.803s][info][gc,marking  ] GC(318) Concurrent Cleanup for Next Mark
[668.803s][info][gc,marking  ] GC(318) Concurrent Cleanup for Next Mark 0.406ms
[668.803s][info][gc          ] GC(318) Concurrent Undo Cycle 0.467ms
[669.384s][info][gc,start    ] GC(319) Pause Young (Concurrent Start) (G1 Humongous Allocation)
[669.385s][info][gc,task     ] GC(319) Using 13 workers of 13 for evacuation
[669.386s][info][gc,phases   ] GC(319)   Pre Evacuate Collection Set: 0.2ms
[669.386s][info][gc,phases   ] GC(319)   Merge Heap Roots: 0.0ms
[669.386s][info][gc,phases   ] GC(319)   Evacuate Collection Set: 0.8ms
[669.386s][info][gc,phases   ] GC(319)   Post Evacuate Collection Set: 0.5ms
[669.386s][info][gc,phases   ] GC(319)   Other: 0.2ms
[669.386s][info][gc,heap     ] GC(319) Eden regions: 9->0(97)
[669.386s][info][gc,heap     ] GC(319) Survivor regions: 1->1(13)
[669.386s][info][gc,heap     ] GC(319) Old regions: 21->21
[669.386s][info][gc,heap     ] GC(319) Archive regions: 0->0
[669.386s][info][gc,heap     ] GC(319) Humongous regions: 52->7
[669.386s][info][gc,metaspace] GC(319) Metaspace: 90089K(91072K)->90089K(91072K) NonClass: 78180K(78720K)->78180K(78720K) Class: 11908K(12352K)->11908K(12352K)
[669.386s][info][gc          ] GC(319) Pause Young (Concurrent Start) (G1 Humongous Allocation) 325M->112M(656M) 1.755ms
[669.386s][info][gc,cpu      ] GC(319) User=0.00s Sys=0.00s Real=0.00s
[669.386s][info][gc          ] GC(320) Concurrent Undo Cycle
[669.386s][info][gc,marking  ] GC(320) Concurrent Cleanup for Next Mark
[669.387s][info][gc,marking  ] GC(320) Concurrent Cleanup for Next Mark 0.417ms
[669.387s][info][gc          ] GC(320) Concurrent Undo Cycle 0.516ms
[669.885s][info][gc,start    ] GC(321) Pause Young (Concurrent Start) (G1 Humongous Allocation)
[669.885s][info][gc,task     ] GC(321) Using 13 workers of 13 for evacuation
[669.886s][info][gc,phases   ] GC(321)   Pre Evacuate Collection Set: 0.3ms
[669.886s][info][gc,phases   ] GC(321)   Merge Heap Roots: 0.0ms
[669.886s][info][gc,phases   ] GC(321)   Evacuate Collection Set: 1.1ms
[669.886s][info][gc,phases   ] GC(321)   Post Evacuate Collection Set: 0.3ms
[669.886s][info][gc,phases   ] GC(321)   Other: 0.2ms
[669.886s][info][gc,heap     ] GC(321) Eden regions: 9->0(97)
[669.886s][info][gc,heap     ] GC(321) Survivor regions: 1->1(13)
[669.886s][info][gc,heap     ] GC(321) Old regions: 21->21
[669.886s][info][gc,heap     ] GC(321) Archive regions: 0->0
[669.886s][info][gc,heap     ] GC(321) Humongous regions: 51->8
[669.886s][info][gc,metaspace] GC(321) Metaspace: 90089K(91072K)->90089K(91072K) NonClass: 78180K(78720K)->78180K(78720K) Class: 11908K(12352K)->11908K(12352K)
[669.887s][info][gc          ] GC(321) Pause Young (Concurrent Start) (G1 Humongous Allocation) 324M->116M(656M) 1.949ms
[669.887s][info][gc,cpu      ] GC(321) User=0.00s Sys=0.00s Real=0.00s
[669.887s][info][gc          ] GC(322) Concurrent Undo Cycle
[669.887s][info][gc,marking  ] GC(322) Concurrent Cleanup for Next Mark
[669.887s][info][gc,marking  ] GC(322) Concurrent Cleanup for Next Mark 0.417ms
[669.887s][info][gc          ] GC(322) Concurrent Undo Cycle 0.481ms
[670.565s][info][gc,start    ] GC(323) Pause Young (Concurrent Start) (G1 Humongous Allocation)
[670.565s][info][gc,task     ] GC(323) Using 13 workers of 13 for evacuation
[670.567s][info][gc,phases   ] GC(323)   Pre Evacuate Collection Set: 0.1ms
[670.567s][info][gc,phases   ] GC(323)   Merge Heap Roots: 0.0ms
[670.567s][info][gc,phases   ] GC(323)   Evacuate Collection Set: 1.2ms
[670.567s][info][gc,phases   ] GC(323)   Post Evacuate Collection Set: 0.2ms
[670.567s][info][gc,phases   ] GC(323)   Other: 0.2ms
[670.567s][info][gc,heap     ] GC(323) Eden regions: 10->0(97)
[670.567s][info][gc,heap     ] GC(323) Survivor regions: 1->1(13)
[670.567s][info][gc,heap     ] GC(323) Old regions: 21->21
[670.567s][info][gc,heap     ] GC(323) Archive regions: 0->0
[670.567s][info][gc,heap     ] GC(323) Humongous regions: 53->9
[670.567s][info][gc,metaspace] GC(323) Metaspace: 90089K(91072K)->90089K(91072K) NonClass: 78180K(78720K)->78180K(78720K) Class: 11908K(12352K)->11908K(12352K)
[670.567s][info][gc          ] GC(323) Pause Young (Concurrent Start) (G1 Humongous Allocation) 334M->121M(656M) 1.901ms
[670.567s][info][gc,cpu      ] GC(323) User=0.00s Sys=0.00s Real=0.00s
[670.567s][info][gc          ] GC(324) Concurrent Undo Cycle
[670.567s][info][gc,marking  ] GC(324) Concurrent Cleanup for Next Mark
[670.568s][info][gc,marking  ] GC(324) Concurrent Cleanup for Next Mark 0.381ms
[670.568s][info][gc          ] GC(324) Concurrent Undo Cycle 0.428ms
[671.212s][info][gc,start    ] GC(325) Pause Young (Concurrent Start) (G1 Humongous Allocation)
[671.212s][info][gc,task     ] GC(325) Using 13 workers of 13 for evacuation
[671.214s][info][gc,phases   ] GC(325)   Pre Evacuate Collection Set: 0.3ms
[671.214s][info][gc,phases   ] GC(325)   Merge Heap Roots: 0.2ms
[671.214s][info][gc,phases   ] GC(325)   Evacuate Collection Set: 0.8ms
[671.214s][info][gc,phases   ] GC(325)   Post Evacuate Collection Set: 0.2ms
[671.214s][info][gc,phases   ] GC(325)   Other: 0.2ms
[671.214s][info][gc,heap     ] GC(325) Eden regions: 9->0(97)
[671.214s][info][gc,heap     ] GC(325) Survivor regions: 1->1(13)
[671.214s][info][gc,heap     ] GC(325) Old regions: 21->21
[671.214s][info][gc,heap     ] GC(325) Archive regions: 0->0
[671.214s][info][gc,heap     ] GC(325) Humongous regions: 52->4
[671.214s][info][gc,metaspace] GC(325) Metaspace: 90089K(91072K)->90089K(91072K) NonClass: 78180K(78720K)->78180K(78720K) Class: 11908K(12352K)->11908K(12352K)
[671.214s][info][gc          ] GC(325) Pause Young (Concurrent Start) (G1 Humongous Allocation) 329M->99M(656M) 1.731ms
[671.214s][info][gc,cpu      ] GC(325) User=0.00s Sys=0.00s Real=0.00s
[671.214s][info][gc          ] GC(326) Concurrent Undo Cycle
[671.214s][info][gc,marking  ] GC(326) Concurrent Cleanup for Next Mark
[671.215s][info][gc,marking  ] GC(326) Concurrent Cleanup for Next Mark 0.666ms
[671.215s][info][gc          ] GC(326) Concurrent Undo Cycle 0.818ms
[671.742s][info][gc,start    ] GC(327) Pause Young (Concurrent Start) (G1 Humongous Allocation)
[671.743s][info][gc,task     ] GC(327) Using 13 workers of 13 for evacuation
[671.745s][info][gc,phases   ] GC(327)   Pre Evacuate Collection Set: 0.3ms
[671.745s][info][gc,phases   ] GC(327)   Merge Heap Roots: 0.1ms
[671.745s][info][gc,phases   ] GC(327)   Evacuate Collection Set: 1.4ms
[671.745s][info][gc,phases   ] GC(327)   Post Evacuate Collection Set: 0.5ms
[671.745s][info][gc,phases   ] GC(327)   Other: 0.3ms
[671.745s][info][gc,heap     ] GC(327) Eden regions: 10->0(97)
[671.745s][info][gc,heap     ] GC(327) Survivor regions: 1->1(13)
[671.745s][info][gc,heap     ] GC(327) Old regions: 21->21
[671.745s][info][gc,heap     ] GC(327) Archive regions: 0->0
[671.745s][info][gc,heap     ] GC(327) Humongous regions: 51->10
[671.745s][info][gc,metaspace] GC(327) Metaspace: 90089K(91072K)->90089K(91072K) NonClass: 78180K(78720K)->78180K(78720K) Class: 11908K(12352K)->11908K(12352K)
[671.745s][info][gc          ] GC(327) Pause Young (Concurrent Start) (G1 Humongous Allocation) 325M->124M(656M) 2.757ms
[671.745s][info][gc,cpu      ] GC(327) User=0.00s Sys=0.00s Real=0.00s
[671.745s][info][gc          ] GC(328) Concurrent Undo Cycle
[671.745s][info][gc,marking  ] GC(328) Concurrent Cleanup for Next Mark
[671.746s][info][gc,marking  ] GC(328) Concurrent Cleanup for Next Mark 0.423ms
[671.746s][info][gc          ] GC(328) Concurrent Undo Cycle 0.499ms
[672.336s][info][gc,start    ] GC(329) Pause Young (Concurrent Start) (G1 Humongous Allocation)
[672.336s][info][gc,task     ] GC(329) Using 13 workers of 13 for evacuation
[672.339s][info][gc,phases   ] GC(329)   Pre Evacuate Collection Set: 0.1ms
[672.339s][info][gc,phases   ] GC(329)   Merge Heap Roots: 0.6ms
[672.339s][info][gc,phases   ] GC(329)   Evacuate Collection Set: 1.3ms
[672.339s][info][gc,phases   ] GC(329)   Post Evacuate Collection Set: 0.5ms
[672.339s][info][gc,phases   ] GC(329)   Other: 0.2ms
[672.339s][info][gc,heap     ] GC(329) Eden regions: 10->0(97)
[672.339s][info][gc,heap     ] GC(329) Survivor regions: 1->1(13)
[672.339s][info][gc,heap     ] GC(329) Old regions: 21->21
[672.339s][info][gc,heap     ] GC(329) Archive regions: 0->0
[672.339s][info][gc,heap     ] GC(329) Humongous regions: 53->13
[672.339s][info][gc,metaspace] GC(329) Metaspace: 90089K(91072K)->90089K(91072K) NonClass: 78180K(78720K)->78180K(78720K) Class: 11908K(12352K)->11908K(12352K)
[672.339s][info][gc          ] GC(329) Pause Young (Concurrent Start) (G1 Humongous Allocation) 332M->136M(656M) 2.799ms
[672.339s][info][gc,cpu      ] GC(329) User=0.00s Sys=0.00s Real=0.00s
[672.339s][info][gc          ] GC(330) Concurrent Undo Cycle
[672.339s][info][gc,marking  ] GC(330) Concurrent Cleanup for Next Mark
[672.340s][info][gc,marking  ] GC(330) Concurrent Cleanup for Next Mark 0.931ms
[672.340s][info][gc          ] GC(330) Concurrent Undo Cycle 1.053ms
[672.953s][info][gc,start    ] GC(331) Pause Young (Concurrent Start) (G1 Humongous Allocation)
[672.953s][info][gc,task     ] GC(331) Using 13 workers of 13 for evacuation
[672.954s][info][gc,phases   ] GC(331)   Pre Evacuate Collection Set: 0.1ms
[672.954s][info][gc,phases   ] GC(331)   Merge Heap Roots: 0.0ms
[672.954s][info][gc,phases   ] GC(331)   Evacuate Collection Set: 0.6ms
[672.954s][info][gc,phases   ] GC(331)   Post Evacuate Collection Set: 0.2ms
[672.954s][info][gc,phases   ] GC(331)   Other: 0.1ms
[672.954s][info][gc,heap     ] GC(331) Eden regions: 10->0(97)
[672.954s][info][gc,heap     ] GC(331) Survivor regions: 1->1(13)
[672.954s][info][gc,heap     ] GC(331) Old regions: 21->21
[672.954s][info][gc,heap     ] GC(331) Archive regions: 0->0
[672.954s][info][gc,heap     ] GC(331) Humongous regions: 51->5
[672.954s][info][gc,metaspace] GC(331) Metaspace: 90089K(91072K)->90089K(91072K) NonClass: 78180K(78720K)->78180K(78720K) Class: 11908K(12352K)->11908K(12352K)
[672.954s][info][gc          ] GC(331) Pause Young (Concurrent Start) (G1 Humongous Allocation) 325M->105M(656M) 1.271ms
[672.954s][info][gc,cpu      ] GC(331) User=0.00s Sys=0.00s Real=0.00s
[672.954s][info][gc          ] GC(332) Concurrent Undo Cycle
[672.954s][info][gc,marking  ] GC(332) Concurrent Cleanup for Next Mark
[672.954s][info][gc,marking  ] GC(332) Concurrent Cleanup for Next Mark 0.407ms
[672.954s][info][gc          ] GC(332) Concurrent Undo Cycle 0.473ms
[673.499s][info][gc,start    ] GC(333) Pause Young (Concurrent Start) (G1 Humongous Allocation)
[673.499s][info][gc,task     ] GC(333) Using 13 workers of 13 for evacuation
[673.500s][info][gc,phases   ] GC(333)   Pre Evacuate Collection Set: 0.1ms
[673.500s][info][gc,phases   ] GC(333)   Merge Heap Roots: 0.0ms
[673.500s][info][gc,phases   ] GC(333)   Evacuate Collection Set: 0.6ms
[673.500s][info][gc,phases   ] GC(333)   Post Evacuate Collection Set: 0.4ms
[673.500s][info][gc,phases   ] GC(333)   Other: 0.2ms
[673.500s][info][gc,heap     ] GC(333) Eden regions: 10->0(97)
[673.500s][info][gc,heap     ] GC(333) Survivor regions: 1->1(13)
[673.500s][info][gc,heap     ] GC(333) Old regions: 21->21
[673.500s][info][gc,heap     ] GC(333) Archive regions: 0->0
[673.500s][info][gc,heap     ] GC(333) Humongous regions: 52->11
[673.500s][info][gc,metaspace] GC(333) Metaspace: 90089K(91072K)->90089K(91072K) NonClass: 78180K(78720K)->78180K(78720K) Class: 11908K(12352K)->11908K(12352K)
[673.500s][info][gc          ] GC(333) Pause Young (Concurrent Start) (G1 Humongous Allocation) 329M->128M(656M) 1.386ms
[673.501s][info][gc,cpu      ] GC(333) User=0.00s Sys=0.00s Real=0.00s
[673.501s][info][gc          ] GC(334) Concurrent Undo Cycle
[673.501s][info][gc,marking  ] GC(334) Concurrent Cleanup for Next Mark
[673.501s][info][gc,marking  ] GC(334) Concurrent Cleanup for Next Mark 0.441ms
[673.501s][info][gc          ] GC(334) Concurrent Undo Cycle 0.507ms
[674.064s][info][gc,start    ] GC(335) Pause Young (Concurrent Start) (G1 Humongous Allocation)
[674.064s][info][gc,task     ] GC(335) Using 13 workers of 13 for evacuation
[674.066s][info][gc,phases   ] GC(335)   Pre Evacuate Collection Set: 0.5ms
[674.066s][info][gc,phases   ] GC(335)   Merge Heap Roots: 0.2ms
[674.066s][info][gc,phases   ] GC(335)   Evacuate Collection Set: 0.8ms
[674.066s][info][gc,phases   ] GC(335)   Post Evacuate Collection Set: 0.4ms
[674.066s][info][gc,phases   ] GC(335)   Other: 0.3ms
[674.066s][info][gc,heap     ] GC(335) Eden regions: 9->0(97)
[674.066s][info][gc,heap     ] GC(335) Survivor regions: 1->1(13)
[674.066s][info][gc,heap     ] GC(335) Old regions: 21->21
[674.066s][info][gc,heap     ] GC(335) Archive regions: 0->0
[674.066s][info][gc,heap     ] GC(335) Humongous regions: 52->13
[674.066s][info][gc,metaspace] GC(335) Metaspace: 90089K(91072K)->90089K(91072K) NonClass: 78180K(78720K)->78180K(78720K) Class: 11908K(12352K)->11908K(12352K)
[674.066s][info][gc          ] GC(335) Pause Young (Concurrent Start) (G1 Humongous Allocation) 325M->136M(656M) 2.255ms
[674.066s][info][gc,cpu      ] GC(335) User=0.00s Sys=0.00s Real=0.00s
[674.066s][info][gc          ] GC(336) Concurrent Undo Cycle
[674.066s][info][gc,marking  ] GC(336) Concurrent Cleanup for Next Mark
[674.066s][info][gc,marking  ] GC(336) Concurrent Cleanup for Next Mark 0.392ms
[674.066s][info][gc          ] GC(336) Concurrent Undo Cycle 0.453ms
[674.643s][info][gc,start    ] GC(337) Pause Young (Concurrent Start) (G1 Humongous Allocation)
[674.643s][info][gc,task     ] GC(337) Using 13 workers of 13 for evacuation
[674.644s][info][gc,phases   ] GC(337)   Pre Evacuate Collection Set: 0.1ms
[674.644s][info][gc,phases   ] GC(337)   Merge Heap Roots: 0.0ms
[674.644s][info][gc,phases   ] GC(337)   Evacuate Collection Set: 0.6ms
[674.644s][info][gc,phases   ] GC(337)   Post Evacuate Collection Set: 0.2ms
[674.644s][info][gc,phases   ] GC(337)   Other: 0.1ms
[674.644s][info][gc,heap     ] GC(337) Eden regions: 9->0(97)
[674.644s][info][gc,heap     ] GC(337) Survivor regions: 1->1(13)
[674.644s][info][gc,heap     ] GC(337) Old regions: 21->21
[674.644s][info][gc,heap     ] GC(337) Archive regions: 0->0
[674.644s][info][gc,heap     ] GC(337) Humongous regions: 51->5
[674.644s][info][gc,metaspace] GC(337) Metaspace: 90089K(91072K)->90089K(91072K) NonClass: 78180K(78720K)->78180K(78720K) Class: 11908K(12352K)->11908K(12352K)
[674.644s][info][gc          ] GC(337) Pause Young (Concurrent Start) (G1 Humongous Allocation) 323M->104M(656M) 1.208ms
[674.644s][info][gc,cpu      ] GC(337) User=0.00s Sys=0.00s Real=0.00s
[674.644s][info][gc          ] GC(338) Concurrent Undo Cycle
[674.644s][info][gc,marking  ] GC(338) Concurrent Cleanup for Next Mark
[674.644s][info][gc,marking  ] GC(338) Concurrent Cleanup for Next Mark 0.442ms
[674.644s][info][gc          ] GC(338) Concurrent Undo Cycle 0.492ms
[675.216s][info][gc,start    ] GC(339) Pause Young (Concurrent Start) (G1 Humongous Allocation)
[675.216s][info][gc,task     ] GC(339) Using 13 workers of 13 for evacuation
[675.218s][info][gc,phases   ] GC(339)   Pre Evacuate Collection Set: 0.2ms
[675.218s][info][gc,phases   ] GC(339)   Merge Heap Roots: 0.2ms
[675.218s][info][gc,phases   ] GC(339)   Evacuate Collection Set: 0.9ms
[675.218s][info][gc,phases   ] GC(339)   Post Evacuate Collection Set: 0.6ms
[675.218s][info][gc,phases   ] GC(339)   Other: 0.2ms
[675.218s][info][gc,heap     ] GC(339) Eden regions: 10->0(97)
[675.218s][info][gc,heap     ] GC(339) Survivor regions: 1->1(13)
[675.218s][info][gc,heap     ] GC(339) Old regions: 21->21
[675.218s][info][gc,heap     ] GC(339) Archive regions: 0->0
[675.218s][info][gc,heap     ] GC(339) Humongous regions: 53->11
[675.218s][info][gc,metaspace] GC(339) Metaspace: 90089K(91072K)->90089K(91072K) NonClass: 78180K(78720K)->78180K(78720K) Class: 11908K(12352K)->11908K(12352K)
[675.218s][info][gc          ] GC(339) Pause Young (Concurrent Start) (G1 Humongous Allocation) 334M->129M(656M) 2.124ms
[675.218s][info][gc,cpu      ] GC(339) User=0.00s Sys=0.00s Real=0.00s
[675.218s][info][gc          ] GC(340) Concurrent Undo Cycle
[675.218s][info][gc,marking  ] GC(340) Concurrent Cleanup for Next Mark
[675.219s][info][gc,marking  ] GC(340) Concurrent Cleanup for Next Mark 0.403ms
[675.219s][info][gc          ] GC(340) Concurrent Undo Cycle 0.468ms
[675.801s][info][gc,start    ] GC(341) Pause Young (Concurrent Start) (G1 Humongous Allocation)
[675.801s][info][gc,task     ] GC(341) Using 13 workers of 13 for evacuation
[675.802s][info][gc,phases   ] GC(341)   Pre Evacuate Collection Set: 0.1ms
[675.802s][info][gc,phases   ] GC(341)   Merge Heap Roots: 0.0ms
[675.802s][info][gc,phases   ] GC(341)   Evacuate Collection Set: 0.6ms
[675.802s][info][gc,phases   ] GC(341)   Post Evacuate Collection Set: 0.2ms
[675.802s][info][gc,phases   ] GC(341)   Other: 0.2ms
[675.802s][info][gc,heap     ] GC(341) Eden regions: 9->0(97)
[675.802s][info][gc,heap     ] GC(341) Survivor regions: 1->1(13)
[675.802s][info][gc,heap     ] GC(341) Old regions: 21->21
[675.802s][info][gc,heap     ] GC(341) Archive regions: 0->0
[675.802s][info][gc,heap     ] GC(341) Humongous regions: 53->8
[675.802s][info][gc,metaspace] GC(341) Metaspace: 90089K(91072K)->90089K(91072K) NonClass: 78180K(78720K)->78180K(78720K) Class: 11908K(12352K)->11908K(12352K)
[675.802s][info][gc          ] GC(341) Pause Young (Concurrent Start) (G1 Humongous Allocation) 331M->116M(656M) 1.240ms
[675.802s][info][gc,cpu      ] GC(341) User=0.00s Sys=0.03s Real=0.00s
[675.802s][info][gc          ] GC(342) Concurrent Undo Cycle
[675.802s][info][gc,marking  ] GC(342) Concurrent Cleanup for Next Mark
[675.803s][info][gc,marking  ] GC(342) Concurrent Cleanup for Next Mark 0.458ms
[675.803s][info][gc          ] GC(342) Concurrent Undo Cycle 0.518ms
[676.416s][info][gc,start    ] GC(343) Pause Young (Concurrent Start) (G1 Humongous Allocation)
[676.416s][info][gc,task     ] GC(343) Using 13 workers of 13 for evacuation
[676.418s][info][gc,phases   ] GC(343)   Pre Evacuate Collection Set: 0.2ms
[676.418s][info][gc,phases   ] GC(343)   Merge Heap Roots: 0.0ms
[676.418s][info][gc,phases   ] GC(343)   Evacuate Collection Set: 0.7ms
[676.418s][info][gc,phases   ] GC(343)   Post Evacuate Collection Set: 0.7ms
[676.418s][info][gc,phases   ] GC(343)   Other: 0.2ms
[676.418s][info][gc,heap     ] GC(343) Eden regions: 10->0(97)
[676.418s][info][gc,heap     ] GC(343) Survivor regions: 1->1(13)
[676.418s][info][gc,heap     ] GC(343) Old regions: 21->21
[676.418s][info][gc,heap     ] GC(343) Archive regions: 0->0
[676.418s][info][gc,heap     ] GC(343) Humongous regions: 53->9
[676.418s][info][gc,metaspace] GC(343) Metaspace: 90089K(91072K)->90089K(91072K) NonClass: 78180K(78720K)->78180K(78720K) Class: 11908K(12352K)->11908K(12352K)
[676.418s][info][gc          ] GC(343) Pause Young (Concurrent Start) (G1 Humongous Allocation) 334M->121M(656M) 1.969ms
[676.418s][info][gc,cpu      ] GC(343) User=0.00s Sys=0.00s Real=0.00s
[676.418s][info][gc          ] GC(344) Concurrent Undo Cycle
[676.418s][info][gc,marking  ] GC(344) Concurrent Cleanup for Next Mark
[676.419s][info][gc,marking  ] GC(344) Concurrent Cleanup for Next Mark 0.526ms
[676.419s][info][gc          ] GC(344) Concurrent Undo Cycle 0.614ms
[717.089s][info][gc,start    ] GC(345) Pause Young (Concurrent Start) (G1 Humongous Allocation)
[717.089s][info][gc,task     ] GC(345) Using 13 workers of 13 for evacuation
[717.090s][info][gc,phases   ] GC(345)   Pre Evacuate Collection Set: 0.1ms
[717.090s][info][gc,phases   ] GC(345)   Merge Heap Roots: 0.0ms
[717.090s][info][gc,phases   ] GC(345)   Evacuate Collection Set: 0.6ms
[717.090s][info][gc,phases   ] GC(345)   Post Evacuate Collection Set: 0.2ms
[717.090s][info][gc,phases   ] GC(345)   Other: 0.1ms
[717.090s][info][gc,heap     ] GC(345) Eden regions: 25->0(97)
[717.090s][info][gc,heap     ] GC(345) Survivor regions: 1->1(13)
[717.090s][info][gc,heap     ] GC(345) Old regions: 21->21
[717.090s][info][gc,heap     ] GC(345) Archive regions: 0->0
[717.090s][info][gc,heap     ] GC(345) Humongous regions: 51->8
[717.090s][info][gc,metaspace] GC(345) Metaspace: 90116K(91072K)->90116K(91072K) NonClass: 78202K(78720K)->78202K(78720K) Class: 11913K(12352K)->11913K(12352K)
[717.090s][info][gc          ] GC(345) Pause Young (Concurrent Start) (G1 Humongous Allocation) 388M->116M(656M) 1.212ms
[717.090s][info][gc,cpu      ] GC(345) User=0.00s Sys=0.00s Real=0.00s
[717.091s][info][gc          ] GC(346) Concurrent Undo Cycle
[717.091s][info][gc,marking  ] GC(346) Concurrent Cleanup for Next Mark
[717.091s][info][gc,marking  ] GC(346) Concurrent Cleanup for Next Mark 0.395ms
[717.091s][info][gc          ] GC(346) Concurrent Undo Cycle 0.438ms
[717.736s][info][gc,start    ] GC(347) Pause Young (Concurrent Start) (G1 Humongous Allocation)
[717.736s][info][gc,task     ] GC(347) Using 13 workers of 13 for evacuation
[717.738s][info][gc,phases   ] GC(347)   Pre Evacuate Collection Set: 0.1ms
[717.738s][info][gc,phases   ] GC(347)   Merge Heap Roots: 0.0ms
[717.738s][info][gc,phases   ] GC(347)   Evacuate Collection Set: 1.1ms
[717.738s][info][gc,phases   ] GC(347)   Post Evacuate Collection Set: 0.5ms
[717.738s][info][gc,phases   ] GC(347)   Other: 0.2ms
[717.738s][info][gc,heap     ] GC(347) Eden regions: 8->0(97)
[717.738s][info][gc,heap     ] GC(347) Survivor regions: 1->1(13)
[717.738s][info][gc,heap     ] GC(347) Old regions: 21->21
[717.738s][info][gc,heap     ] GC(347) Archive regions: 0->0
[717.738s][info][gc,heap     ] GC(347) Humongous regions: 51->13
[717.738s][info][gc,metaspace] GC(347) Metaspace: 90116K(91072K)->90116K(91072K) NonClass: 78202K(78720K)->78202K(78720K) Class: 11913K(12352K)->11913K(12352K)
[717.738s][info][gc          ] GC(347) Pause Young (Concurrent Start) (G1 Humongous Allocation) 317M->136M(656M) 2.052ms
[717.738s][info][gc,cpu      ] GC(347) User=0.00s Sys=0.00s Real=0.00s
[717.738s][info][gc          ] GC(348) Concurrent Undo Cycle
[717.738s][info][gc,marking  ] GC(348) Concurrent Cleanup for Next Mark
[717.738s][info][gc,marking  ] GC(348) Concurrent Cleanup for Next Mark 0.572ms
[717.738s][info][gc          ] GC(348) Concurrent Undo Cycle 0.670ms
[718.890s][info][gc,start    ] GC(349) Pause Young (Concurrent Start) (G1 Humongous Allocation)
[718.890s][info][gc,task     ] GC(349) Using 13 workers of 13 for evacuation
[718.891s][info][gc,phases   ] GC(349)   Pre Evacuate Collection Set: 0.1ms
[718.891s][info][gc,phases   ] GC(349)   Merge Heap Roots: 0.0ms
[718.891s][info][gc,phases   ] GC(349)   Evacuate Collection Set: 0.7ms
[718.891s][info][gc,phases   ] GC(349)   Post Evacuate Collection Set: 0.4ms
[718.891s][info][gc,phases   ] GC(349)   Other: 0.2ms
[718.891s][info][gc,heap     ] GC(349) Eden regions: 10->0(97)
[718.891s][info][gc,heap     ] GC(349) Survivor regions: 1->1(13)
[718.891s][info][gc,heap     ] GC(349) Old regions: 21->22
[718.891s][info][gc,heap     ] GC(349) Archive regions: 0->0
[718.891s][info][gc,heap     ] GC(349) Humongous regions: 53->3
[718.891s][info][gc,metaspace] GC(349) Metaspace: 90116K(91072K)->90116K(91072K) NonClass: 78202K(78720K)->78202K(78720K) Class: 11913K(12352K)->11913K(12352K)
[718.891s][info][gc          ] GC(349) Pause Young (Concurrent Start) (G1 Humongous Allocation) 334M->96M(656M) 1.575ms
[718.891s][info][gc,cpu      ] GC(349) User=0.00s Sys=0.00s Real=0.00s
[718.891s][info][gc          ] GC(350) Concurrent Undo Cycle
[718.891s][info][gc,marking  ] GC(350) Concurrent Cleanup for Next Mark
[718.892s][info][gc,marking  ] GC(350) Concurrent Cleanup for Next Mark 0.504ms
[718.892s][info][gc          ] GC(350) Concurrent Undo Cycle 0.571ms
[719.467s][info][gc,start    ] GC(351) Pause Young (Concurrent Start) (G1 Humongous Allocation)
[719.467s][info][gc,task     ] GC(351) Using 13 workers of 13 for evacuation
[719.469s][info][gc,phases   ] GC(351)   Pre Evacuate Collection Set: 0.2ms
[719.469s][info][gc,phases   ] GC(351)   Merge Heap Roots: 0.0ms
[719.469s][info][gc,phases   ] GC(351)   Evacuate Collection Set: 1.1ms
[719.469s][info][gc,phases   ] GC(351)   Post Evacuate Collection Set: 0.5ms
[719.469s][info][gc,phases   ] GC(351)   Other: 0.4ms
[719.469s][info][gc,heap     ] GC(351) Eden regions: 9->0(97)
[719.469s][info][gc,heap     ] GC(351) Survivor regions: 1->1(13)
[719.470s][info][gc,heap     ] GC(351) Old regions: 22->22
[719.470s][info][gc,heap     ] GC(351) Archive regions: 0->0
[719.470s][info][gc,heap     ] GC(351) Humongous regions: 51->12
[719.470s][info][gc,metaspace] GC(351) Metaspace: 90116K(91072K)->90116K(91072K) NonClass: 78202K(78720K)->78202K(78720K) Class: 11913K(12352K)->11913K(12352K)
[719.470s][info][gc          ] GC(351) Pause Young (Concurrent Start) (G1 Humongous Allocation) 321M->132M(656M) 2.357ms
[719.470s][info][gc,cpu      ] GC(351) User=0.00s Sys=0.00s Real=0.00s
[719.470s][info][gc          ] GC(352) Concurrent Undo Cycle
[719.470s][info][gc,marking  ] GC(352) Concurrent Cleanup for Next Mark
[719.470s][info][gc,marking  ] GC(352) Concurrent Cleanup for Next Mark 0.411ms
[719.470s][info][gc          ] GC(352) Concurrent Undo Cycle 0.474ms
[720.083s][info][gc,start    ] GC(353) Pause Young (Concurrent Start) (G1 Humongous Allocation)
[720.083s][info][gc,task     ] GC(353) Using 13 workers of 13 for evacuation
[720.084s][info][gc,phases   ] GC(353)   Pre Evacuate Collection Set: 0.1ms
[720.084s][info][gc,phases   ] GC(353)   Merge Heap Roots: 0.0ms
[720.084s][info][gc,phases   ] GC(353)   Evacuate Collection Set: 0.7ms
[720.084s][info][gc,phases   ] GC(353)   Post Evacuate Collection Set: 0.6ms
[720.084s][info][gc,phases   ] GC(353)   Other: 0.2ms
[720.084s][info][gc,heap     ] GC(353) Eden regions: 8->0(97)
[720.084s][info][gc,heap     ] GC(353) Survivor regions: 1->1(13)
[720.084s][info][gc,heap     ] GC(353) Old regions: 22->22
[720.084s][info][gc,heap     ] GC(353) Archive regions: 0->0
[720.084s][info][gc,heap     ] GC(353) Humongous regions: 51->13
[720.084s][info][gc,metaspace] GC(353) Metaspace: 90116K(91072K)->90116K(91072K) NonClass: 78202K(78720K)->78202K(78720K) Class: 11913K(12352K)->11913K(12352K)
[720.084s][info][gc          ] GC(353) Pause Young (Concurrent Start) (G1 Humongous Allocation) 320M->136M(656M) 1.788ms
[720.084s][info][gc,cpu      ] GC(353) User=0.12s Sys=0.05s Real=0.00s
[720.084s][info][gc          ] GC(354) Concurrent Undo Cycle
[720.084s][info][gc,marking  ] GC(354) Concurrent Cleanup for Next Mark
[720.085s][info][gc,marking  ] GC(354) Concurrent Cleanup for Next Mark 0.535ms
[720.085s][info][gc          ] GC(354) Concurrent Undo Cycle 0.588ms
[720.951s][info][gc,start    ] GC(355) Pause Young (Concurrent Start) (G1 Humongous Allocation)
[720.951s][info][gc,task     ] GC(355) Using 13 workers of 13 for evacuation
[720.952s][info][gc,phases   ] GC(355)   Pre Evacuate Collection Set: 0.1ms
[720.952s][info][gc,phases   ] GC(355)   Merge Heap Roots: 0.0ms
[720.952s][info][gc,phases   ] GC(355)   Evacuate Collection Set: 0.6ms
[720.952s][info][gc,phases   ] GC(355)   Post Evacuate Collection Set: 0.2ms
[720.952s][info][gc,phases   ] GC(355)   Other: 0.1ms
[720.952s][info][gc,heap     ] GC(355) Eden regions: 9->0(97)
[720.952s][info][gc,heap     ] GC(355) Survivor regions: 1->1(13)
[720.952s][info][gc,heap     ] GC(355) Old regions: 22->22
[720.952s][info][gc,heap     ] GC(355) Archive regions: 0->0
[720.952s][info][gc,heap     ] GC(355) Humongous regions: 51->5
[720.952s][info][gc,metaspace] GC(355) Metaspace: 90116K(91072K)->90116K(91072K) NonClass: 78202K(78720K)->78202K(78720K) Class: 11913K(12352K)->11913K(12352K)
[720.952s][info][gc          ] GC(355) Pause Young (Concurrent Start) (G1 Humongous Allocation) 323M->104M(656M) 1.199ms
[720.952s][info][gc,cpu      ] GC(355) User=0.00s Sys=0.00s Real=0.00s
[720.952s][info][gc          ] GC(356) Concurrent Undo Cycle
[720.952s][info][gc,marking  ] GC(356) Concurrent Cleanup for Next Mark
[720.952s][info][gc,marking  ] GC(356) Concurrent Cleanup for Next Mark 0.433ms
[720.952s][info][gc          ] GC(356) Concurrent Undo Cycle 0.488ms
[721.701s][info][gc,start    ] GC(357) Pause Young (Concurrent Start) (G1 Humongous Allocation)
[721.701s][info][gc,task     ] GC(357) Using 13 workers of 13 for evacuation
[721.702s][info][gc,phases   ] GC(357)   Pre Evacuate Collection Set: 0.1ms
[721.702s][info][gc,phases   ] GC(357)   Merge Heap Roots: 0.1ms
[721.702s][info][gc,phases   ] GC(357)   Evacuate Collection Set: 0.7ms
[721.702s][info][gc,phases   ] GC(357)   Post Evacuate Collection Set: 0.4ms
[721.702s][info][gc,phases   ] GC(357)   Other: 0.2ms
[721.702s][info][gc,heap     ] GC(357) Eden regions: 11->0(97)
[721.702s][info][gc,heap     ] GC(357) Survivor regions: 1->1(13)
[721.702s][info][gc,heap     ] GC(357) Old regions: 22->22
[721.702s][info][gc,heap     ] GC(357) Archive regions: 0->0
[721.702s][info][gc,heap     ] GC(357) Humongous regions: 52->8
[721.702s][info][gc,metaspace] GC(357) Metaspace: 90116K(91072K)->90116K(91072K) NonClass: 78202K(78720K)->78202K(78720K) Class: 11913K(12352K)->11913K(12352K)
[721.702s][info][gc          ] GC(357) Pause Young (Concurrent Start) (G1 Humongous Allocation) 333M->116M(656M) 1.587ms
[721.702s][info][gc,cpu      ] GC(357) User=0.00s Sys=0.00s Real=0.00s
[721.702s][info][gc          ] GC(358) Concurrent Undo Cycle
[721.702s][info][gc,marking  ] GC(358) Concurrent Cleanup for Next Mark
[721.703s][info][gc,marking  ] GC(358) Concurrent Cleanup for Next Mark 0.374ms
[721.703s][info][gc          ] GC(358) Concurrent Undo Cycle 0.438ms
[722.270s][info][gc,start    ] GC(359) Pause Young (Concurrent Start) (G1 Humongous Allocation)
[722.270s][info][gc,task     ] GC(359) Using 13 workers of 13 for evacuation
[722.272s][info][gc,phases   ] GC(359)   Pre Evacuate Collection Set: 0.5ms
[722.272s][info][gc,phases   ] GC(359)   Merge Heap Roots: 0.2ms
[722.272s][info][gc,phases   ] GC(359)   Evacuate Collection Set: 0.7ms
[722.272s][info][gc,phases   ] GC(359)   Post Evacuate Collection Set: 0.4ms
[722.272s][info][gc,phases   ] GC(359)   Other: 0.2ms
[722.272s][info][gc,heap     ] GC(359) Eden regions: 8->0(97)
[722.272s][info][gc,heap     ] GC(359) Survivor regions: 1->1(13)
[722.272s][info][gc,heap     ] GC(359) Old regions: 22->22
[722.272s][info][gc,heap     ] GC(359) Archive regions: 0->0
[722.272s][info][gc,heap     ] GC(359) Humongous regions: 51->14
[722.272s][info][gc,metaspace] GC(359) Metaspace: 90116K(91072K)->90116K(91072K) NonClass: 78202K(78720K)->78202K(78720K) Class: 11913K(12352K)->11913K(12352K)
[722.272s][info][gc          ] GC(359) Pause Young (Concurrent Start) (G1 Humongous Allocation) 318M->140M(656M) 2.042ms
[722.272s][info][gc,cpu      ] GC(359) User=0.02s Sys=0.00s Real=0.00s
[722.272s][info][gc          ] GC(360) Concurrent Undo Cycle
[722.272s][info][gc,marking  ] GC(360) Concurrent Cleanup for Next Mark
[722.272s][info][gc,marking  ] GC(360) Concurrent Cleanup for Next Mark 0.463ms
[722.272s][info][gc          ] GC(360) Concurrent Undo Cycle 0.526ms
[723.231s][info][gc,start    ] GC(361) Pause Young (Concurrent Start) (G1 Humongous Allocation)
[723.231s][info][gc,task     ] GC(361) Using 13 workers of 13 for evacuation
[723.232s][info][gc,phases   ] GC(361)   Pre Evacuate Collection Set: 0.2ms
[723.232s][info][gc,phases   ] GC(361)   Merge Heap Roots: 0.0ms
[723.232s][info][gc,phases   ] GC(361)   Evacuate Collection Set: 0.7ms
[723.232s][info][gc,phases   ] GC(361)   Post Evacuate Collection Set: 0.3ms
[723.232s][info][gc,phases   ] GC(361)   Other: 0.2ms
[723.232s][info][gc,heap     ] GC(361) Eden regions: 9->0(97)
[723.232s][info][gc,heap     ] GC(361) Survivor regions: 1->1(13)
[723.232s][info][gc,heap     ] GC(361) Old regions: 22->22
[723.232s][info][gc,heap     ] GC(361) Archive regions: 0->0
[723.232s][info][gc,heap     ] GC(361) Humongous regions: 50->2
[723.232s][info][gc,metaspace] GC(361) Metaspace: 90116K(91072K)->90116K(91072K) NonClass: 78202K(78720K)->78202K(78720K) Class: 11913K(12352K)->11913K(12352K)
[723.232s][info][gc          ] GC(361) Pause Young (Concurrent Start) (G1 Humongous Allocation) 320M->92M(656M) 1.487ms
[723.232s][info][gc,cpu      ] GC(361) User=0.00s Sys=0.00s Real=0.00s
[723.232s][info][gc          ] GC(362) Concurrent Undo Cycle
[723.232s][info][gc,marking  ] GC(362) Concurrent Cleanup for Next Mark
[723.233s][info][gc,marking  ] GC(362) Concurrent Cleanup for Next Mark 0.630ms
[723.233s][info][gc          ] GC(362) Concurrent Undo Cycle 0.712ms
[723.903s][info][gc,start    ] GC(363) Pause Young (Concurrent Start) (G1 Humongous Allocation)
[723.903s][info][gc,task     ] GC(363) Using 13 workers of 13 for evacuation
[723.904s][info][gc,phases   ] GC(363)   Pre Evacuate Collection Set: 0.2ms
[723.904s][info][gc,phases   ] GC(363)   Merge Heap Roots: 0.0ms
[723.904s][info][gc,phases   ] GC(363)   Evacuate Collection Set: 0.8ms
[723.904s][info][gc,phases   ] GC(363)   Post Evacuate Collection Set: 0.5ms
[723.904s][info][gc,phases   ] GC(363)   Other: 0.2ms
[723.904s][info][gc,heap     ] GC(363) Eden regions: 10->0(97)
[723.904s][info][gc,heap     ] GC(363) Survivor regions: 1->1(13)
[723.904s][info][gc,heap     ] GC(363) Old regions: 22->22
[723.904s][info][gc,heap     ] GC(363) Archive regions: 0->0
[723.904s][info][gc,heap     ] GC(363) Humongous regions: 50->11
[723.904s][info][gc,metaspace] GC(363) Metaspace: 90116K(91072K)->90116K(91072K) NonClass: 78202K(78720K)->78202K(78720K) Class: 11913K(12352K)->11913K(12352K)
[723.904s][info][gc          ] GC(363) Pause Young (Concurrent Start) (G1 Humongous Allocation) 320M->128M(656M) 1.694ms
[723.904s][info][gc,cpu      ] GC(363) User=0.00s Sys=0.00s Real=0.00s
[723.904s][info][gc          ] GC(364) Concurrent Undo Cycle
[723.904s][info][gc,marking  ] GC(364) Concurrent Cleanup for Next Mark
[723.905s][info][gc,marking  ] GC(364) Concurrent Cleanup for Next Mark 0.444ms
[723.905s][info][gc          ] GC(364) Concurrent Undo Cycle 0.492ms
[724.448s][info][gc,start    ] GC(365) Pause Young (Concurrent Start) (G1 Humongous Allocation)
[724.448s][info][gc,task     ] GC(365) Using 13 workers of 13 for evacuation
[724.449s][info][gc,phases   ] GC(365)   Pre Evacuate Collection Set: 0.2ms
[724.449s][info][gc,phases   ] GC(365)   Merge Heap Roots: 0.0ms
[724.449s][info][gc,phases   ] GC(365)   Evacuate Collection Set: 0.7ms
[724.449s][info][gc,phases   ] GC(365)   Post Evacuate Collection Set: 0.2ms
[724.449s][info][gc,phases   ] GC(365)   Other: 0.3ms
[724.449s][info][gc,heap     ] GC(365) Eden regions: 9->0(97)
[724.449s][info][gc,heap     ] GC(365) Survivor regions: 1->1(13)
[724.449s][info][gc,heap     ] GC(365) Old regions: 22->22
[724.449s][info][gc,heap     ] GC(365) Archive regions: 0->0
[724.449s][info][gc,heap     ] GC(365) Humongous regions: 51->10
[724.449s][info][gc,metaspace] GC(365) Metaspace: 90116K(91072K)->90116K(91072K) NonClass: 78202K(78720K)->78202K(78720K) Class: 11913K(12352K)->11913K(12352K)
[724.449s][info][gc          ] GC(365) Pause Young (Concurrent Start) (G1 Humongous Allocation) 322M->124M(656M) 1.322ms
[724.449s][info][gc,cpu      ] GC(365) User=0.00s Sys=0.00s Real=0.00s
[724.449s][info][gc          ] GC(366) Concurrent Undo Cycle
[724.449s][info][gc,marking  ] GC(366) Concurrent Cleanup for Next Mark
[724.450s][info][gc,marking  ] GC(366) Concurrent Cleanup for Next Mark 0.372ms
[724.450s][info][gc          ] GC(366) Concurrent Undo Cycle 0.416ms
[725.262s][info][gc,start    ] GC(367) Pause Young (Concurrent Start) (G1 Humongous Allocation)
[725.262s][info][gc,task     ] GC(367) Using 13 workers of 13 for evacuation
[725.263s][info][gc,phases   ] GC(367)   Pre Evacuate Collection Set: 0.1ms
[725.263s][info][gc,phases   ] GC(367)   Merge Heap Roots: 0.0ms
[725.263s][info][gc,phases   ] GC(367)   Evacuate Collection Set: 0.6ms
[725.263s][info][gc,phases   ] GC(367)   Post Evacuate Collection Set: 0.3ms
[725.263s][info][gc,phases   ] GC(367)   Other: 0.1ms
[725.263s][info][gc,heap     ] GC(367) Eden regions: 10->0(97)
[725.263s][info][gc,heap     ] GC(367) Survivor regions: 1->1(13)
[725.263s][info][gc,heap     ] GC(367) Old regions: 22->22
[725.263s][info][gc,heap     ] GC(367) Archive regions: 0->0
[725.263s][info][gc,heap     ] GC(367) Humongous regions: 52->1
[725.264s][info][gc,metaspace] GC(367) Metaspace: 90116K(91072K)->90116K(91072K) NonClass: 78202K(78720K)->78202K(78720K) Class: 11913K(12352K)->11913K(12352K)
[725.264s][info][gc          ] GC(367) Pause Young (Concurrent Start) (G1 Humongous Allocation) 330M->88M(656M) 1.264ms
[725.264s][info][gc,cpu      ] GC(367) User=0.00s Sys=0.00s Real=0.00s
[725.264s][info][gc          ] GC(368) Concurrent Undo Cycle
[725.264s][info][gc,marking  ] GC(368) Concurrent Cleanup for Next Mark
[725.264s][info][gc,marking  ] GC(368) Concurrent Cleanup for Next Mark 0.360ms
[725.264s][info][gc          ] GC(368) Concurrent Undo Cycle 0.409ms
[725.863s][info][gc,start    ] GC(369) Pause Young (Concurrent Start) (G1 Humongous Allocation)
[725.863s][info][gc,task     ] GC(369) Using 13 workers of 13 for evacuation
[725.865s][info][gc,phases   ] GC(369)   Pre Evacuate Collection Set: 0.1ms
[725.865s][info][gc,phases   ] GC(369)   Merge Heap Roots: 0.1ms
[725.865s][info][gc,phases   ] GC(369)   Evacuate Collection Set: 0.7ms
[725.866s][info][gc,phases   ] GC(369)   Post Evacuate Collection Set: 1.3ms
[725.866s][info][gc,phases   ] GC(369)   Other: 0.2ms
[725.866s][info][gc,heap     ] GC(369) Eden regions: 10->0(97)
[725.866s][info][gc,heap     ] GC(369) Survivor regions: 1->1(13)
[725.866s][info][gc,heap     ] GC(369) Old regions: 22->22
[725.866s][info][gc,heap     ] GC(369) Archive regions: 0->0
[725.866s][info][gc,heap     ] GC(369) Humongous regions: 52->12
[725.866s][info][gc,metaspace] GC(369) Metaspace: 90116K(91072K)->90116K(91072K) NonClass: 78202K(78720K)->78202K(78720K) Class: 11913K(12352K)->11913K(12352K)
[725.866s][info][gc          ] GC(369) Pause Young (Concurrent Start) (G1 Humongous Allocation) 331M->132M(656M) 2.427ms
[725.866s][info][gc,cpu      ] GC(369) User=0.09s Sys=0.00s Real=0.00s
[725.866s][info][gc          ] GC(370) Concurrent Undo Cycle
[725.866s][info][gc,marking  ] GC(370) Concurrent Cleanup for Next Mark
[725.866s][info][gc,marking  ] GC(370) Concurrent Cleanup for Next Mark 0.417ms
[725.866s][info][gc          ] GC(370) Concurrent Undo Cycle 0.485ms
[726.466s][info][gc,start    ] GC(371) Pause Young (Concurrent Start) (G1 Humongous Allocation)
[726.466s][info][gc,task     ] GC(371) Using 13 workers of 13 for evacuation
[726.469s][info][gc,phases   ] GC(371)   Pre Evacuate Collection Set: 0.5ms
[726.469s][info][gc,phases   ] GC(371)   Merge Heap Roots: 0.0ms
[726.469s][info][gc,phases   ] GC(371)   Evacuate Collection Set: 0.8ms
[726.469s][info][gc,phases   ] GC(371)   Post Evacuate Collection Set: 0.7ms
[726.469s][info][gc,phases   ] GC(371)   Other: 0.2ms
[726.469s][info][gc,heap     ] GC(371) Eden regions: 10->0(97)
[726.469s][info][gc,heap     ] GC(371) Survivor regions: 1->1(13)
[726.469s][info][gc,heap     ] GC(371) Old regions: 22->22
[726.469s][info][gc,heap     ] GC(371) Archive regions: 0->0
[726.469s][info][gc,heap     ] GC(371) Humongous regions: 51->10
[726.469s][info][gc,metaspace] GC(371) Metaspace: 90116K(91072K)->90116K(91072K) NonClass: 78202K(78720K)->78202K(78720K) Class: 11913K(12352K)->11913K(12352K)
[726.469s][info][gc          ] GC(371) Pause Young (Concurrent Start) (G1 Humongous Allocation) 325M->124M(656M) 2.328ms
[726.469s][info][gc,cpu      ] GC(371) User=0.00s Sys=0.00s Real=0.00s
[726.469s][info][gc          ] GC(372) Concurrent Undo Cycle
[726.469s][info][gc,marking  ] GC(372) Concurrent Cleanup for Next Mark
[726.469s][info][gc,marking  ] GC(372) Concurrent Cleanup for Next Mark 0.425ms
[726.469s][info][gc          ] GC(372) Concurrent Undo Cycle 0.513ms
[727.011s][info][gc,start    ] GC(373) Pause Young (Concurrent Start) (G1 Humongous Allocation)
[727.011s][info][gc,task     ] GC(373) Using 13 workers of 13 for evacuation
[727.015s][info][gc,phases   ] GC(373)   Pre Evacuate Collection Set: 0.1ms
[727.015s][info][gc,phases   ] GC(373)   Merge Heap Roots: 0.1ms
[727.015s][info][gc,phases   ] GC(373)   Evacuate Collection Set: 1.6ms
[727.015s][info][gc,phases   ] GC(373)   Post Evacuate Collection Set: 1.4ms
[727.015s][info][gc,phases   ] GC(373)   Other: 0.2ms
[727.015s][info][gc,heap     ] GC(373) Eden regions: 9->0(97)
[727.015s][info][gc,heap     ] GC(373) Survivor regions: 1->1(13)
[727.015s][info][gc,heap     ] GC(373) Old regions: 22->22
[727.015s][info][gc,heap     ] GC(373) Archive regions: 0->0
[727.015s][info][gc,heap     ] GC(373) Humongous regions: 52->10
[727.015s][info][gc,metaspace] GC(373) Metaspace: 90116K(91072K)->90116K(91072K) NonClass: 78202K(78720K)->78202K(78720K) Class: 11913K(12352K)->11913K(12352K)
[727.015s][info][gc          ] GC(373) Pause Young (Concurrent Start) (G1 Humongous Allocation) 327M->124M(656M) 3.602ms
[727.015s][info][gc,cpu      ] GC(373) User=0.00s Sys=0.00s Real=0.00s
[727.015s][info][gc          ] GC(374) Concurrent Undo Cycle
[727.015s][info][gc,marking  ] GC(374) Concurrent Cleanup for Next Mark
[727.016s][info][gc,marking  ] GC(374) Concurrent Cleanup for Next Mark 0.494ms
[727.016s][info][gc          ] GC(374) Concurrent Undo Cycle 0.647ms
[727.555s][info][gc,start    ] GC(375) Pause Young (Concurrent Start) (G1 Humongous Allocation)
[727.555s][info][gc,task     ] GC(375) Using 13 workers of 13 for evacuation
[727.557s][info][gc,phases   ] GC(375)   Pre Evacuate Collection Set: 0.2ms
[727.557s][info][gc,phases   ] GC(375)   Merge Heap Roots: 0.1ms
[727.557s][info][gc,phases   ] GC(375)   Evacuate Collection Set: 1.2ms
[727.557s][info][gc,phases   ] GC(375)   Post Evacuate Collection Set: 0.4ms
[727.557s][info][gc,phases   ] GC(375)   Other: 0.3ms
[727.557s][info][gc,heap     ] GC(375) Eden regions: 9->0(97)
[727.557s][info][gc,heap     ] GC(375) Survivor regions: 1->1(13)
[727.557s][info][gc,heap     ] GC(375) Old regions: 22->22
[727.557s][info][gc,heap     ] GC(375) Archive regions: 0->0
[727.557s][info][gc,heap     ] GC(375) Humongous regions: 52->10
[727.557s][info][gc,metaspace] GC(375) Metaspace: 90116K(91072K)->90116K(91072K) NonClass: 78202K(78720K)->78202K(78720K) Class: 11913K(12352K)->11913K(12352K)
[727.557s][info][gc          ] GC(375) Pause Young (Concurrent Start) (G1 Humongous Allocation) 328M->124M(656M) 2.259ms
[727.558s][info][gc,cpu      ] GC(375) User=0.00s Sys=0.00s Real=0.00s
[727.558s][info][gc          ] GC(376) Concurrent Undo Cycle
[727.558s][info][gc,marking  ] GC(376) Concurrent Cleanup for Next Mark
[727.558s][info][gc,marking  ] GC(376) Concurrent Cleanup for Next Mark 0.428ms
[727.558s][info][gc          ] GC(376) Concurrent Undo Cycle 0.509ms
[728.304s][info][gc,start    ] GC(377) Pause Young (Concurrent Start) (G1 Humongous Allocation)
[728.304s][info][gc,task     ] GC(377) Using 13 workers of 13 for evacuation
[728.305s][info][gc,phases   ] GC(377)   Pre Evacuate Collection Set: 0.1ms
[728.305s][info][gc,phases   ] GC(377)   Merge Heap Roots: 0.0ms
[728.305s][info][gc,phases   ] GC(377)   Evacuate Collection Set: 0.6ms
[728.305s][info][gc,phases   ] GC(377)   Post Evacuate Collection Set: 0.2ms
[728.305s][info][gc,phases   ] GC(377)   Other: 0.1ms
[728.305s][info][gc,heap     ] GC(377) Eden regions: 9->0(97)
[728.305s][info][gc,heap     ] GC(377) Survivor regions: 1->1(13)
[728.305s][info][gc,heap     ] GC(377) Old regions: 22->22
[728.305s][info][gc,heap     ] GC(377) Archive regions: 0->0
[728.305s][info][gc,heap     ] GC(377) Humongous regions: 52->1
[728.305s][info][gc,metaspace] GC(377) Metaspace: 90116K(91072K)->90116K(91072K) NonClass: 78202K(78720K)->78202K(78720K) Class: 11913K(12352K)->11913K(12352K)
[728.305s][info][gc          ] GC(377) Pause Young (Concurrent Start) (G1 Humongous Allocation) 328M->88M(656M) 1.146ms
[728.305s][info][gc,cpu      ] GC(377) User=0.00s Sys=0.00s Real=0.00s
[728.305s][info][gc          ] GC(378) Concurrent Undo Cycle
[728.305s][info][gc,marking  ] GC(378) Concurrent Cleanup for Next Mark
[728.306s][info][gc,marking  ] GC(378) Concurrent Cleanup for Next Mark 0.384ms
[728.306s][info][gc          ] GC(378) Concurrent Undo Cycle 0.434ms
[728.890s][info][gc,start    ] GC(379) Pause Young (Concurrent Start) (G1 Humongous Allocation)
[728.890s][info][gc,task     ] GC(379) Using 13 workers of 13 for evacuation
[728.892s][info][gc,phases   ] GC(379)   Pre Evacuate Collection Set: 0.3ms
[728.893s][info][gc,phases   ] GC(379)   Merge Heap Roots: 0.1ms
[728.893s][info][gc,phases   ] GC(379)   Evacuate Collection Set: 1.3ms
[728.893s][info][gc,phases   ] GC(379)   Post Evacuate Collection Set: 0.3ms
[728.893s][info][gc,phases   ] GC(379)   Other: 0.4ms
[728.893s][info][gc,heap     ] GC(379) Eden regions: 10->0(97)
[728.893s][info][gc,heap     ] GC(379) Survivor regions: 1->1(13)
[728.893s][info][gc,heap     ] GC(379) Old regions: 22->22
[728.893s][info][gc,heap     ] GC(379) Archive regions: 0->0
[728.893s][info][gc,heap     ] GC(379) Humongous regions: 52->12
[728.893s][info][gc,metaspace] GC(379) Metaspace: 90116K(91072K)->90116K(91072K) NonClass: 78202K(78720K)->78202K(78720K) Class: 11913K(12352K)->11913K(12352K)
[728.893s][info][gc          ] GC(379) Pause Young (Concurrent Start) (G1 Humongous Allocation) 329M->132M(656M) 2.541ms
[728.893s][info][gc,cpu      ] GC(379) User=0.00s Sys=0.00s Real=0.00s
[728.893s][info][gc          ] GC(380) Concurrent Undo Cycle
[728.893s][info][gc,marking  ] GC(380) Concurrent Cleanup for Next Mark
[728.893s][info][gc,marking  ] GC(380) Concurrent Cleanup for Next Mark 0.476ms
[728.893s][info][gc          ] GC(380) Concurrent Undo Cycle 0.554ms
[729.454s][info][gc,start    ] GC(381) Pause Young (Concurrent Start) (G1 Humongous Allocation)
[729.454s][info][gc,task     ] GC(381) Using 13 workers of 13 for evacuation
[729.456s][info][gc,phases   ] GC(381)   Pre Evacuate Collection Set: 0.1ms
[729.456s][info][gc,phases   ] GC(381)   Merge Heap Roots: 0.0ms
[729.456s][info][gc,phases   ] GC(381)   Evacuate Collection Set: 0.7ms
[729.456s][info][gc,phases   ] GC(381)   Post Evacuate Collection Set: 1.2ms
[729.456s][info][gc,phases   ] GC(381)   Other: 0.2ms
[729.456s][info][gc,heap     ] GC(381) Eden regions: 8->0(97)
[729.456s][info][gc,heap     ] GC(381) Survivor regions: 1->1(13)
[729.456s][info][gc,heap     ] GC(381) Old regions: 22->22
[729.456s][info][gc,heap     ] GC(381) Archive regions: 0->0
[729.456s][info][gc,heap     ] GC(381) Humongous regions: 51->13
[729.456s][info][gc,metaspace] GC(381) Metaspace: 90116K(91072K)->90116K(91072K) NonClass: 78202K(78720K)->78202K(78720K) Class: 11913K(12352K)->11913K(12352K)
[729.456s][info][gc          ] GC(381) Pause Young (Concurrent Start) (G1 Humongous Allocation) 320M->136M(656M) 2.367ms
[729.456s][info][gc,cpu      ] GC(381) User=0.00s Sys=0.00s Real=0.00s
[729.456s][info][gc          ] GC(382) Concurrent Undo Cycle
[729.456s][info][gc,marking  ] GC(382) Concurrent Cleanup for Next Mark
[729.458s][info][gc,marking  ] GC(382) Concurrent Cleanup for Next Mark 1.036ms
[729.458s][info][gc          ] GC(382) Concurrent Undo Cycle 1.160ms
[814.971s][info][gc,start    ] GC(383) Pause Young (Concurrent Start) (G1 Humongous Allocation)
[814.971s][info][gc,task     ] GC(383) Using 13 workers of 13 for evacuation
[814.973s][info][gc,phases   ] GC(383)   Pre Evacuate Collection Set: 0.2ms
[814.973s][info][gc,phases   ] GC(383)   Merge Heap Roots: 0.1ms
[814.973s][info][gc,phases   ] GC(383)   Evacuate Collection Set: 1.1ms
[814.973s][info][gc,phases   ] GC(383)   Post Evacuate Collection Set: 0.3ms
[814.973s][info][gc,phases   ] GC(383)   Other: 0.2ms
[814.973s][info][gc,heap     ] GC(383) Eden regions: 31->0(97)
[814.973s][info][gc,heap     ] GC(383) Survivor regions: 1->1(13)
[814.973s][info][gc,heap     ] GC(383) Old regions: 22->22
[814.973s][info][gc,heap     ] GC(383) Archive regions: 0->0
[814.973s][info][gc,heap     ] GC(383) Humongous regions: 52->2
[814.973s][info][gc,metaspace] GC(383) Metaspace: 90116K(91072K)->90116K(91072K) NonClass: 78202K(78720K)->78202K(78720K) Class: 11913K(12352K)->11913K(12352K)
[814.973s][info][gc          ] GC(383) Pause Young (Concurrent Start) (G1 Humongous Allocation) 416M->93M(656M) 1.948ms
[814.973s][info][gc,cpu      ] GC(383) User=0.00s Sys=0.00s Real=0.00s
[814.973s][info][gc          ] GC(384) Concurrent Undo Cycle
[814.973s][info][gc,marking  ] GC(384) Concurrent Cleanup for Next Mark
[814.974s][info][gc,marking  ] GC(384) Concurrent Cleanup for Next Mark 0.886ms
[814.974s][info][gc          ] GC(384) Concurrent Undo Cycle 0.969ms
[815.521s][info][gc,start    ] GC(385) Pause Young (Concurrent Start) (G1 Humongous Allocation)
[815.521s][info][gc,task     ] GC(385) Using 13 workers of 13 for evacuation
[815.522s][info][gc,phases   ] GC(385)   Pre Evacuate Collection Set: 0.3ms
[815.522s][info][gc,phases   ] GC(385)   Merge Heap Roots: 0.0ms
[815.522s][info][gc,phases   ] GC(385)   Evacuate Collection Set: 0.7ms
[815.522s][info][gc,phases   ] GC(385)   Post Evacuate Collection Set: 0.3ms
[815.522s][info][gc,phases   ] GC(385)   Other: 0.1ms
[815.522s][info][gc,heap     ] GC(385) Eden regions: 9->0(97)
[815.522s][info][gc,heap     ] GC(385) Survivor regions: 1->1(13)
[815.522s][info][gc,heap     ] GC(385) Old regions: 22->22
[815.522s][info][gc,heap     ] GC(385) Archive regions: 0->0
[815.522s][info][gc,heap     ] GC(385) Humongous regions: 50->12
[815.522s][info][gc,metaspace] GC(385) Metaspace: 90116K(91072K)->90116K(91072K) NonClass: 78202K(78720K)->78202K(78720K) Class: 11913K(12352K)->11913K(12352K)
[815.522s][info][gc          ] GC(385) Pause Young (Concurrent Start) (G1 Humongous Allocation) 320M->132M(656M) 1.489ms
[815.522s][info][gc,cpu      ] GC(385) User=0.00s Sys=0.00s Real=0.00s
[815.522s][info][gc          ] GC(386) Concurrent Undo Cycle
[815.522s][info][gc,marking  ] GC(386) Concurrent Cleanup for Next Mark
[815.523s][info][gc,marking  ] GC(386) Concurrent Cleanup for Next Mark 0.418ms
[815.523s][info][gc          ] GC(386) Concurrent Undo Cycle 0.459ms
[816.065s][info][gc,start    ] GC(387) Pause Young (Concurrent Start) (G1 Humongous Allocation)
[816.065s][info][gc,task     ] GC(387) Using 13 workers of 13 for evacuation
[816.067s][info][gc,phases   ] GC(387)   Pre Evacuate Collection Set: 0.3ms
[816.067s][info][gc,phases   ] GC(387)   Merge Heap Roots: 0.1ms
[816.067s][info][gc,phases   ] GC(387)   Evacuate Collection Set: 1.1ms
[816.067s][info][gc,phases   ] GC(387)   Post Evacuate Collection Set: 0.7ms
[816.067s][info][gc,phases   ] GC(387)   Other: 0.3ms
[816.067s][info][gc,heap     ] GC(387) Eden regions: 8->0(97)
[816.067s][info][gc,heap     ] GC(387) Survivor regions: 1->1(13)
[816.067s][info][gc,heap     ] GC(387) Old regions: 22->22
[816.067s][info][gc,heap     ] GC(387) Archive regions: 0->0
[816.068s][info][gc,heap     ] GC(387) Humongous regions: 52->13
[816.068s][info][gc,metaspace] GC(387) Metaspace: 90116K(91072K)->90116K(91072K) NonClass: 78202K(78720K)->78202K(78720K) Class: 11913K(12352K)->11913K(12352K)
[816.068s][info][gc          ] GC(387) Pause Young (Concurrent Start) (G1 Humongous Allocation) 324M->136M(656M) 2.508ms
[816.068s][info][gc,cpu      ] GC(387) User=0.03s Sys=0.00s Real=0.00s
[816.068s][info][gc          ] GC(388) Concurrent Undo Cycle
[816.068s][info][gc,marking  ] GC(388) Concurrent Cleanup for Next Mark
[816.068s][info][gc,marking  ] GC(388) Concurrent Cleanup for Next Mark 0.397ms
[816.068s][info][gc          ] GC(388) Concurrent Undo Cycle 0.495ms
[816.868s][info][gc,start    ] GC(389) Pause Young (Concurrent Start) (G1 Humongous Allocation)
[816.868s][info][gc,task     ] GC(389) Using 13 workers of 13 for evacuation
[816.869s][info][gc,phases   ] GC(389)   Pre Evacuate Collection Set: 0.1ms
[816.869s][info][gc,phases   ] GC(389)   Merge Heap Roots: 0.0ms
[816.869s][info][gc,phases   ] GC(389)   Evacuate Collection Set: 0.6ms
[816.869s][info][gc,phases   ] GC(389)   Post Evacuate Collection Set: 0.2ms
[816.869s][info][gc,phases   ] GC(389)   Other: 0.2ms
[816.869s][info][gc,heap     ] GC(389) Eden regions: 9->0(97)
[816.869s][info][gc,heap     ] GC(389) Survivor regions: 1->1(13)
[816.869s][info][gc,heap     ] GC(389) Old regions: 22->22
[816.869s][info][gc,heap     ] GC(389) Archive regions: 0->0
[816.869s][info][gc,heap     ] GC(389) Humongous regions: 51->11
[816.869s][info][gc,metaspace] GC(389) Metaspace: 90116K(91072K)->90116K(91072K) NonClass: 78202K(78720K)->78202K(78720K) Class: 11913K(12352K)->11913K(12352K)
[816.869s][info][gc          ] GC(389) Pause Young (Concurrent Start) (G1 Humongous Allocation) 324M->128M(656M) 1.206ms
[816.869s][info][gc,cpu      ] GC(389) User=0.00s Sys=0.00s Real=0.00s
[816.869s][info][gc          ] GC(390) Concurrent Undo Cycle
[816.869s][info][gc,marking  ] GC(390) Concurrent Cleanup for Next Mark
[816.869s][info][gc,marking  ] GC(390) Concurrent Cleanup for Next Mark 0.403ms
[816.869s][info][gc          ] GC(390) Concurrent Undo Cycle 0.445ms
[817.503s][info][gc,start    ] GC(391) Pause Young (Concurrent Start) (G1 Humongous Allocation)
[817.504s][info][gc,task     ] GC(391) Using 13 workers of 13 for evacuation
[817.506s][info][gc,phases   ] GC(391)   Pre Evacuate Collection Set: 0.3ms
[817.506s][info][gc,phases   ] GC(391)   Merge Heap Roots: 0.2ms
[817.506s][info][gc,phases   ] GC(391)   Evacuate Collection Set: 1.5ms
[817.506s][info][gc,phases   ] GC(391)   Post Evacuate Collection Set: 0.5ms
[817.506s][info][gc,phases   ] GC(391)   Other: 0.3ms
[817.506s][info][gc,heap     ] GC(391) Eden regions: 9->0(97)
[817.506s][info][gc,heap     ] GC(391) Survivor regions: 1->1(13)
[817.506s][info][gc,heap     ] GC(391) Old regions: 22->22
[817.506s][info][gc,heap     ] GC(391) Archive regions: 0->0
[817.506s][info][gc,heap     ] GC(391) Humongous regions: 51->4
[817.506s][info][gc,metaspace] GC(391) Metaspace: 90116K(91072K)->90116K(91072K) NonClass: 78202K(78720K)->78202K(78720K) Class: 11913K(12352K)->11913K(12352K)
[817.506s][info][gc          ] GC(391) Pause Young (Concurrent Start) (G1 Humongous Allocation) 323M->100M(656M) 2.854ms
[817.506s][info][gc,cpu      ] GC(391) User=0.05s Sys=0.14s Real=0.00s
[817.506s][info][gc          ] GC(392) Concurrent Undo Cycle
[817.506s][info][gc,marking  ] GC(392) Concurrent Cleanup for Next Mark
[817.507s][info][gc,marking  ] GC(392) Concurrent Cleanup for Next Mark 0.560ms
[817.507s][info][gc          ] GC(392) Concurrent Undo Cycle 0.637ms
[818.034s][info][gc,start    ] GC(393) Pause Young (Concurrent Start) (G1 Humongous Allocation)
[818.034s][info][gc,task     ] GC(393) Using 13 workers of 13 for evacuation
[818.036s][info][gc,phases   ] GC(393)   Pre Evacuate Collection Set: 0.2ms
[818.036s][info][gc,phases   ] GC(393)   Merge Heap Roots: 0.0ms
[818.036s][info][gc,phases   ] GC(393)   Evacuate Collection Set: 0.7ms
[818.036s][info][gc,phases   ] GC(393)   Post Evacuate Collection Set: 0.6ms
[818.036s][info][gc,phases   ] GC(393)   Other: 0.1ms
[818.036s][info][gc,heap     ] GC(393) Eden regions: 10->0(97)
[818.036s][info][gc,heap     ] GC(393) Survivor regions: 1->1(13)
[818.036s][info][gc,heap     ] GC(393) Old regions: 22->22
[818.036s][info][gc,heap     ] GC(393) Archive regions: 0->0
[818.036s][info][gc,heap     ] GC(393) Humongous regions: 51->10
[818.036s][info][gc,metaspace] GC(393) Metaspace: 90116K(91072K)->90116K(91072K) NonClass: 78202K(78720K)->78202K(78720K) Class: 11913K(12352K)->11913K(12352K)
[818.036s][info][gc          ] GC(393) Pause Young (Concurrent Start) (G1 Humongous Allocation) 325M->124M(656M) 1.829ms
[818.036s][info][gc,cpu      ] GC(393) User=0.00s Sys=0.00s Real=0.00s
[818.036s][info][gc          ] GC(394) Concurrent Undo Cycle
[818.036s][info][gc,marking  ] GC(394) Concurrent Cleanup for Next Mark
[818.037s][info][gc,marking  ] GC(394) Concurrent Cleanup for Next Mark 0.455ms
[818.037s][info][gc          ] GC(394) Concurrent Undo Cycle 0.529ms
[818.919s][info][gc,start    ] GC(395) Pause Young (Concurrent Start) (G1 Humongous Allocation)
[818.919s][info][gc,task     ] GC(395) Using 13 workers of 13 for evacuation
[818.920s][info][gc,phases   ] GC(395)   Pre Evacuate Collection Set: 0.2ms
[818.920s][info][gc,phases   ] GC(395)   Merge Heap Roots: 0.0ms
[818.920s][info][gc,phases   ] GC(395)   Evacuate Collection Set: 0.9ms
[818.920s][info][gc,phases   ] GC(395)   Post Evacuate Collection Set: 0.4ms
[818.920s][info][gc,phases   ] GC(395)   Other: 0.3ms
[818.920s][info][gc,heap     ] GC(395) Eden regions: 10->0(97)
[818.921s][info][gc,heap     ] GC(395) Survivor regions: 1->1(13)
[818.921s][info][gc,heap     ] GC(395) Old regions: 22->22
[818.921s][info][gc,heap     ] GC(395) Archive regions: 0->0
[818.921s][info][gc,heap     ] GC(395) Humongous regions: 52->0
[818.921s][info][gc,metaspace] GC(395) Metaspace: 90116K(91072K)->90116K(91072K) NonClass: 78202K(78720K)->78202K(78720K) Class: 11913K(12352K)->11913K(12352K)
[818.921s][info][gc          ] GC(395) Pause Young (Concurrent Start) (G1 Humongous Allocation) 330M->85M(656M) 1.782ms
[818.921s][info][gc,cpu      ] GC(395) User=0.00s Sys=0.00s Real=0.00s
[818.921s][info][gc          ] GC(396) Concurrent Undo Cycle
[818.921s][info][gc,marking  ] GC(396) Concurrent Cleanup for Next Mark
[818.921s][info][gc,marking  ] GC(396) Concurrent Cleanup for Next Mark 0.424ms
[818.921s][info][gc          ] GC(396) Concurrent Undo Cycle 0.476ms
[819.555s][info][gc,start    ] GC(397) Pause Young (Concurrent Start) (G1 Humongous Allocation)
[819.555s][info][gc,task     ] GC(397) Using 13 workers of 13 for evacuation
[819.556s][info][gc,phases   ] GC(397)   Pre Evacuate Collection Set: 0.1ms
[819.556s][info][gc,phases   ] GC(397)   Merge Heap Roots: 0.1ms
[819.556s][info][gc,phases   ] GC(397)   Evacuate Collection Set: 0.7ms
[819.556s][info][gc,phases   ] GC(397)   Post Evacuate Collection Set: 0.4ms
[819.556s][info][gc,phases   ] GC(397)   Other: 0.1ms
[819.556s][info][gc,heap     ] GC(397) Eden regions: 10->0(97)
[819.556s][info][gc,heap     ] GC(397) Survivor regions: 1->1(13)
[819.556s][info][gc,heap     ] GC(397) Old regions: 22->22
[819.556s][info][gc,heap     ] GC(397) Archive regions: 0->0
[819.556s][info][gc,heap     ] GC(397) Humongous regions: 52->12
[819.556s][info][gc,metaspace] GC(397) Metaspace: 90116K(91072K)->90116K(91072K) NonClass: 78202K(78720K)->78202K(78720K) Class: 11913K(12352K)->11913K(12352K)
[819.556s][info][gc          ] GC(397) Pause Young (Concurrent Start) (G1 Humongous Allocation) 332M->132M(656M) 1.530ms
[819.556s][info][gc,cpu      ] GC(397) User=0.00s Sys=0.00s Real=0.00s
[819.556s][info][gc          ] GC(398) Concurrent Undo Cycle
[819.556s][info][gc,marking  ] GC(398) Concurrent Cleanup for Next Mark
[819.557s][info][gc,marking  ] GC(398) Concurrent Cleanup for Next Mark 0.562ms
[819.557s][info][gc          ] GC(398) Concurrent Undo Cycle 0.659ms
[820.087s][info][gc,start    ] GC(399) Pause Young (Concurrent Start) (G1 Humongous Allocation)
[820.087s][info][gc,task     ] GC(399) Using 13 workers of 13 for evacuation
[820.088s][info][gc,phases   ] GC(399)   Pre Evacuate Collection Set: 0.2ms
[820.088s][info][gc,phases   ] GC(399)   Merge Heap Roots: 0.0ms
[820.088s][info][gc,phases   ] GC(399)   Evacuate Collection Set: 0.7ms
[820.088s][info][gc,phases   ] GC(399)   Post Evacuate Collection Set: 0.3ms
[820.088s][info][gc,phases   ] GC(399)   Other: 0.2ms
[820.088s][info][gc,heap     ] GC(399) Eden regions: 9->0(97)
[820.088s][info][gc,heap     ] GC(399) Survivor regions: 1->1(13)
[820.088s][info][gc,heap     ] GC(399) Old regions: 22->22
[820.088s][info][gc,heap     ] GC(399) Archive regions: 0->0
[820.088s][info][gc,heap     ] GC(399) Humongous regions: 51->10
[820.088s][info][gc,metaspace] GC(399) Metaspace: 90116K(91072K)->90116K(91072K) NonClass: 78202K(78720K)->78202K(78720K) Class: 11913K(12352K)->11913K(12352K)
[820.088s][info][gc          ] GC(399) Pause Young (Concurrent Start) (G1 Humongous Allocation) 322M->124M(656M) 1.474ms
[820.089s][info][gc,cpu      ] GC(399) User=0.00s Sys=0.00s Real=0.00s
[820.089s][info][gc          ] GC(400) Concurrent Undo Cycle
[820.089s][info][gc,marking  ] GC(400) Concurrent Cleanup for Next Mark
[820.089s][info][gc,marking  ] GC(400) Concurrent Cleanup for Next Mark 0.461ms
[820.089s][info][gc          ] GC(400) Concurrent Undo Cycle 0.527ms
[820.835s][info][gc,start    ] GC(401) Pause Young (Concurrent Start) (G1 Humongous Allocation)
[820.835s][info][gc,task     ] GC(401) Using 13 workers of 13 for evacuation
[820.836s][info][gc,phases   ] GC(401)   Pre Evacuate Collection Set: 0.1ms
[820.836s][info][gc,phases   ] GC(401)   Merge Heap Roots: 0.0ms
[820.836s][info][gc,phases   ] GC(401)   Evacuate Collection Set: 0.7ms
[820.836s][info][gc,phases   ] GC(401)   Post Evacuate Collection Set: 0.3ms
[820.836s][info][gc,phases   ] GC(401)   Other: 0.1ms
[820.836s][info][gc,heap     ] GC(401) Eden regions: 10->0(97)
[820.836s][info][gc,heap     ] GC(401) Survivor regions: 1->1(13)
[820.836s][info][gc,heap     ] GC(401) Old regions: 22->22
[820.836s][info][gc,heap     ] GC(401) Archive regions: 0->0
[820.836s][info][gc,heap     ] GC(401) Humongous regions: 52->4
[820.836s][info][gc,metaspace] GC(401) Metaspace: 90116K(91072K)->90116K(91072K) NonClass: 78202K(78720K)->78202K(78720K) Class: 11913K(12352K)->11913K(12352K)
[820.836s][info][gc          ] GC(401) Pause Young (Concurrent Start) (G1 Humongous Allocation) 328M->100M(656M) 1.351ms
[820.837s][info][gc,cpu      ] GC(401) User=0.00s Sys=0.00s Real=0.00s
[820.837s][info][gc          ] GC(402) Concurrent Undo Cycle
[820.837s][info][gc,marking  ] GC(402) Concurrent Cleanup for Next Mark
[820.837s][info][gc,marking  ] GC(402) Concurrent Cleanup for Next Mark 0.488ms
[820.837s][info][gc          ] GC(402) Concurrent Undo Cycle 0.541ms
[821.478s][info][gc,start    ] GC(403) Pause Young (Concurrent Start) (G1 Humongous Allocation)
[821.478s][info][gc,task     ] GC(403) Using 13 workers of 13 for evacuation
[821.480s][info][gc,phases   ] GC(403)   Pre Evacuate Collection Set: 0.1ms
[821.480s][info][gc,phases   ] GC(403)   Merge Heap Roots: 0.0ms
[821.480s][info][gc,phases   ] GC(403)   Evacuate Collection Set: 0.7ms
[821.480s][info][gc,phases   ] GC(403)   Post Evacuate Collection Set: 0.2ms
[821.480s][info][gc,phases   ] GC(403)   Other: 0.1ms
[821.480s][info][gc,heap     ] GC(403) Eden regions: 10->0(97)
[821.480s][info][gc,heap     ] GC(403) Survivor regions: 1->1(13)
[821.480s][info][gc,heap     ] GC(403) Old regions: 22->22
[821.480s][info][gc,heap     ] GC(403) Archive regions: 0->0
[821.480s][info][gc,heap     ] GC(403) Humongous regions: 52->8
[821.480s][info][gc,metaspace] GC(403) Metaspace: 90116K(91072K)->90116K(91072K) NonClass: 78202K(78720K)->78202K(78720K) Class: 11913K(12352K)->11913K(12352K)
[821.480s][info][gc          ] GC(403) Pause Young (Concurrent Start) (G1 Humongous Allocation) 331M->116M(656M) 1.297ms
[821.480s][info][gc,cpu      ] GC(403) User=0.00s Sys=0.00s Real=0.00s
[821.480s][info][gc          ] GC(404) Concurrent Undo Cycle
[821.480s][info][gc,marking  ] GC(404) Concurrent Cleanup for Next Mark
[821.480s][info][gc,marking  ] GC(404) Concurrent Cleanup for Next Mark 0.516ms
[821.480s][info][gc          ] GC(404) Concurrent Undo Cycle 0.580ms
[822.006s][info][gc,start    ] GC(405) Pause Young (Concurrent Start) (G1 Humongous Allocation)
[822.006s][info][gc,task     ] GC(405) Using 13 workers of 13 for evacuation
[822.008s][info][gc,phases   ] GC(405)   Pre Evacuate Collection Set: 0.2ms
[822.008s][info][gc,phases   ] GC(405)   Merge Heap Roots: 0.0ms
[822.008s][info][gc,phases   ] GC(405)   Evacuate Collection Set: 0.7ms
[822.008s][info][gc,phases   ] GC(405)   Post Evacuate Collection Set: 1.1ms
[822.008s][info][gc,phases   ] GC(405)   Other: 0.2ms
[822.008s][info][gc,heap     ] GC(405) Eden regions: 9->0(97)
[822.008s][info][gc,heap     ] GC(405) Survivor regions: 1->1(13)
[822.008s][info][gc,heap     ] GC(405) Old regions: 22->22
[822.008s][info][gc,heap     ] GC(405) Archive regions: 0->0
[822.008s][info][gc,heap     ] GC(405) Humongous regions: 52->14
[822.008s][info][gc,metaspace] GC(405) Metaspace: 90116K(91072K)->90116K(91072K) NonClass: 78202K(78720K)->78202K(78720K) Class: 11913K(12352K)->11913K(12352K)
[822.008s][info][gc          ] GC(405) Pause Young (Concurrent Start) (G1 Humongous Allocation) 324M->140M(656M) 2.222ms
[822.008s][info][gc,cpu      ] GC(405) User=0.00s Sys=0.00s Real=0.00s
[822.008s][info][gc          ] GC(406) Concurrent Undo Cycle
[822.008s][info][gc,marking  ] GC(406) Concurrent Cleanup for Next Mark
[822.008s][info][gc,marking  ] GC(406) Concurrent Cleanup for Next Mark 0.554ms
[822.009s][info][gc          ] GC(406) Concurrent Undo Cycle 0.645ms
[822.606s][info][gc,start    ] GC(407) Pause Young (Concurrent Start) (G1 Humongous Allocation)
[822.606s][info][gc,task     ] GC(407) Using 13 workers of 13 for evacuation
[822.608s][info][gc,phases   ] GC(407)   Pre Evacuate Collection Set: 0.1ms
[822.608s][info][gc,phases   ] GC(407)   Merge Heap Roots: 0.0ms
[822.608s][info][gc,phases   ] GC(407)   Evacuate Collection Set: 0.7ms
[822.608s][info][gc,phases   ] GC(407)   Post Evacuate Collection Set: 0.3ms
[822.608s][info][gc,phases   ] GC(407)   Other: 0.1ms
[822.608s][info][gc,heap     ] GC(407) Eden regions: 9->0(97)
[822.608s][info][gc,heap     ] GC(407) Survivor regions: 1->1(13)
[822.608s][info][gc,heap     ] GC(407) Old regions: 22->22
[822.608s][info][gc,heap     ] GC(407) Archive regions: 0->0
[822.608s][info][gc,heap     ] GC(407) Humongous regions: 50->11
[822.608s][info][gc,metaspace] GC(407) Metaspace: 90116K(91072K)->90116K(91072K) NonClass: 78202K(78720K)->78202K(78720K) Class: 11913K(12352K)->11913K(12352K)
[822.608s][info][gc          ] GC(407) Pause Young (Concurrent Start) (G1 Humongous Allocation) 318M->128M(656M) 1.350ms
[822.608s][info][gc,cpu      ] GC(407) User=0.00s Sys=0.00s Real=0.00s
[822.608s][info][gc          ] GC(408) Concurrent Undo Cycle
[822.608s][info][gc,marking  ] GC(408) Concurrent Cleanup for Next Mark
[822.608s][info][gc,marking  ] GC(408) Concurrent Cleanup for Next Mark 0.352ms
[822.608s][info][gc          ] GC(408) Concurrent Undo Cycle 0.399ms
[823.458s][info][gc,start    ] GC(409) Pause Young (Concurrent Start) (G1 Humongous Allocation)
[823.458s][info][gc,task     ] GC(409) Using 13 workers of 13 for evacuation
[823.459s][info][gc,phases   ] GC(409)   Pre Evacuate Collection Set: 0.1ms
[823.459s][info][gc,phases   ] GC(409)   Merge Heap Roots: 0.0ms
[823.459s][info][gc,phases   ] GC(409)   Evacuate Collection Set: 0.6ms
[823.459s][info][gc,phases   ] GC(409)   Post Evacuate Collection Set: 0.2ms
[823.459s][info][gc,phases   ] GC(409)   Other: 0.1ms
[823.459s][info][gc,heap     ] GC(409) Eden regions: 10->0(97)
[823.459s][info][gc,heap     ] GC(409) Survivor regions: 1->1(13)
[823.459s][info][gc,heap     ] GC(409) Old regions: 22->22
[823.459s][info][gc,heap     ] GC(409) Archive regions: 0->0
[823.459s][info][gc,heap     ] GC(409) Humongous regions: 51->1
[823.459s][info][gc,metaspace] GC(409) Metaspace: 90116K(91072K)->90116K(91072K) NonClass: 78202K(78720K)->78202K(78720K) Class: 11913K(12352K)->11913K(12352K)
[823.459s][info][gc          ] GC(409) Pause Young (Concurrent Start) (G1 Humongous Allocation) 326M->88M(656M) 1.230ms
[823.459s][info][gc,cpu      ] GC(409) User=0.06s Sys=0.00s Real=0.00s
[823.459s][info][gc          ] GC(410) Concurrent Undo Cycle
[823.459s][info][gc,marking  ] GC(410) Concurrent Cleanup for Next Mark
[823.459s][info][gc,marking  ] GC(410) Concurrent Cleanup for Next Mark 0.455ms
[823.459s][info][gc          ] GC(410) Concurrent Undo Cycle 0.641ms
[824.034s][info][gc,start    ] GC(411) Pause Young (Concurrent Start) (G1 Humongous Allocation)
[824.034s][info][gc,task     ] GC(411) Using 13 workers of 13 for evacuation
[824.036s][info][gc,phases   ] GC(411)   Pre Evacuate Collection Set: 0.6ms
[824.036s][info][gc,phases   ] GC(411)   Merge Heap Roots: 0.1ms
[824.036s][info][gc,phases   ] GC(411)   Evacuate Collection Set: 0.7ms
[824.036s][info][gc,phases   ] GC(411)   Post Evacuate Collection Set: 0.3ms
[824.036s][info][gc,phases   ] GC(411)   Other: 0.2ms
[824.036s][info][gc,heap     ] GC(411) Eden regions: 10->0(97)
[824.036s][info][gc,heap     ] GC(411) Survivor regions: 1->1(13)
[824.036s][info][gc,heap     ] GC(411) Old regions: 22->22
[824.036s][info][gc,heap     ] GC(411) Archive regions: 0->0
[824.036s][info][gc,heap     ] GC(411) Humongous regions: 52->12
[824.036s][info][gc,metaspace] GC(411) Metaspace: 90116K(91072K)->90116K(91072K) NonClass: 78202K(78720K)->78202K(78720K) Class: 11913K(12352K)->11913K(12352K)
[824.036s][info][gc          ] GC(411) Pause Young (Concurrent Start) (G1 Humongous Allocation) 331M->132M(656M) 1.883ms
[824.036s][info][gc,cpu      ] GC(411) User=0.00s Sys=0.00s Real=0.00s
[824.036s][info][gc          ] GC(412) Concurrent Undo Cycle
[824.036s][info][gc,marking  ] GC(412) Concurrent Cleanup for Next Mark
[824.036s][info][gc,marking  ] GC(412) Concurrent Cleanup for Next Mark 0.472ms
[824.036s][info][gc          ] GC(412) Concurrent Undo Cycle 0.523ms
[824.563s][info][gc,start    ] GC(413) Pause Young (Concurrent Start) (G1 Humongous Allocation)
[824.563s][info][gc,task     ] GC(413) Using 13 workers of 13 for evacuation
[824.565s][info][gc,phases   ] GC(413)   Pre Evacuate Collection Set: 0.1ms
[824.565s][info][gc,phases   ] GC(413)   Merge Heap Roots: 0.0ms
[824.565s][info][gc,phases   ] GC(413)   Evacuate Collection Set: 0.7ms
[824.565s][info][gc,phases   ] GC(413)   Post Evacuate Collection Set: 0.5ms
[824.565s][info][gc,phases   ] GC(413)   Other: 0.2ms
[824.565s][info][gc,heap     ] GC(413) Eden regions: 8->0(97)
[824.565s][info][gc,heap     ] GC(413) Survivor regions: 1->1(13)
[824.565s][info][gc,heap     ] GC(413) Old regions: 22->22
[824.565s][info][gc,heap     ] GC(413) Archive regions: 0->0
[824.565s][info][gc,heap     ] GC(413) Humongous regions: 51->13
[824.565s][info][gc,metaspace] GC(413) Metaspace: 90116K(91072K)->90116K(91072K) NonClass: 78202K(78720K)->78202K(78720K) Class: 11913K(12352K)->11913K(12352K)
[824.565s][info][gc          ] GC(413) Pause Young (Concurrent Start) (G1 Humongous Allocation) 319M->136M(656M) 1.618ms
[824.565s][info][gc,cpu      ] GC(413) User=0.00s Sys=0.00s Real=0.00s
[824.565s][info][gc          ] GC(414) Concurrent Undo Cycle
[824.565s][info][gc,marking  ] GC(414) Concurrent Cleanup for Next Mark
[824.565s][info][gc,marking  ] GC(414) Concurrent Cleanup for Next Mark 0.451ms
[824.565s][info][gc          ] GC(414) Concurrent Undo Cycle 0.508ms
[825.138s][info][gc,start    ] GC(415) Pause Young (Concurrent Start) (G1 Humongous Allocation)
[825.138s][info][gc,task     ] GC(415) Using 13 workers of 13 for evacuation
[825.140s][info][gc,phases   ] GC(415)   Pre Evacuate Collection Set: 0.3ms
[825.140s][info][gc,phases   ] GC(415)   Merge Heap Roots: 0.1ms
[825.140s][info][gc,phases   ] GC(415)   Evacuate Collection Set: 0.6ms
[825.140s][info][gc,phases   ] GC(415)   Post Evacuate Collection Set: 0.3ms
[825.140s][info][gc,phases   ] GC(415)   Other: 0.2ms
[825.140s][info][gc,heap     ] GC(415) Eden regions: 9->0(97)
[825.140s][info][gc,heap     ] GC(415) Survivor regions: 1->1(13)
[825.140s][info][gc,heap     ] GC(415) Old regions: 22->22
[825.140s][info][gc,heap     ] GC(415) Archive regions: 0->0
[825.140s][info][gc,heap     ] GC(415) Humongous regions: 51->14
[825.140s][info][gc,metaspace] GC(415) Metaspace: 90116K(91072K)->90116K(91072K) NonClass: 78202K(78720K)->78202K(78720K) Class: 11913K(12352K)->11913K(12352K)
[825.140s][info][gc          ] GC(415) Pause Young (Concurrent Start) (G1 Humongous Allocation) 320M->140M(656M) 1.558ms
[825.140s][info][gc,cpu      ] GC(415) User=0.00s Sys=0.00s Real=0.00s
[825.140s][info][gc          ] GC(416) Concurrent Undo Cycle
[825.140s][info][gc,marking  ] GC(416) Concurrent Cleanup for Next Mark
[825.140s][info][gc,marking  ] GC(416) Concurrent Cleanup for Next Mark 0.356ms
[825.140s][info][gc          ] GC(416) Concurrent Undo Cycle 0.424ms
[825.679s][info][gc,start    ] GC(417) Pause Young (Concurrent Start) (G1 Humongous Allocation)
[825.679s][info][gc,task     ] GC(417) Using 13 workers of 13 for evacuation
[825.680s][info][gc,phases   ] GC(417)   Pre Evacuate Collection Set: 0.2ms
[825.680s][info][gc,phases   ] GC(417)   Merge Heap Roots: 0.0ms
[825.680s][info][gc,phases   ] GC(417)   Evacuate Collection Set: 0.7ms
[825.680s][info][gc,phases   ] GC(417)   Post Evacuate Collection Set: 0.2ms
[825.680s][info][gc,phases   ] GC(417)   Other: 0.2ms
[825.680s][info][gc,heap     ] GC(417) Eden regions: 8->0(97)
[825.680s][info][gc,heap     ] GC(417) Survivor regions: 1->1(13)
[825.680s][info][gc,heap     ] GC(417) Old regions: 22->22
[825.680s][info][gc,heap     ] GC(417) Archive regions: 0->0
[825.680s][info][gc,heap     ] GC(417) Humongous regions: 50->14
[825.680s][info][gc,metaspace] GC(417) Metaspace: 90116K(91072K)->90116K(91072K) NonClass: 78202K(78720K)->78202K(78720K) Class: 11913K(12352K)->11913K(12352K)
[825.680s][info][gc          ] GC(417) Pause Young (Concurrent Start) (G1 Humongous Allocation) 316M->140M(656M) 1.410ms
[825.680s][info][gc,cpu      ] GC(417) User=0.00s Sys=0.00s Real=0.00s
[825.680s][info][gc          ] GC(418) Concurrent Undo Cycle
[825.680s][info][gc,marking  ] GC(418) Concurrent Cleanup for Next Mark
[825.681s][info][gc,marking  ] GC(418) Concurrent Cleanup for Next Mark 0.425ms
[825.681s][info][gc          ] GC(418) Concurrent Undo Cycle 0.484ms
[826.292s][info][gc,start    ] GC(419) Pause Young (Concurrent Start) (G1 Humongous Allocation)
[826.292s][info][gc,task     ] GC(419) Using 13 workers of 13 for evacuation
[826.294s][info][gc,phases   ] GC(419)   Pre Evacuate Collection Set: 0.2ms
[826.294s][info][gc,phases   ] GC(419)   Merge Heap Roots: 0.0ms
[826.294s][info][gc,phases   ] GC(419)   Evacuate Collection Set: 1.0ms
[826.294s][info][gc,phases   ] GC(419)   Post Evacuate Collection Set: 0.3ms
[826.294s][info][gc,phases   ] GC(419)   Other: 0.4ms
[826.294s][info][gc,heap     ] GC(419) Eden regions: 9->0(97)
[826.294s][info][gc,heap     ] GC(419) Survivor regions: 1->1(13)
[826.294s][info][gc,heap     ] GC(419) Old regions: 22->22
[826.294s][info][gc,heap     ] GC(419) Archive regions: 0->0
[826.294s][info][gc,heap     ] GC(419) Humongous regions: 50->8
[826.294s][info][gc,metaspace] GC(419) Metaspace: 90116K(91072K)->90116K(91072K) NonClass: 78202K(78720K)->78202K(78720K) Class: 11913K(12352K)->11913K(12352K)
[826.294s][info][gc          ] GC(419) Pause Young (Concurrent Start) (G1 Humongous Allocation) 318M->116M(656M) 1.910ms
[826.294s][info][gc,cpu      ] GC(419) User=0.00s Sys=0.00s Real=0.00s
[826.294s][info][gc          ] GC(420) Concurrent Undo Cycle
[826.294s][info][gc,marking  ] GC(420) Concurrent Cleanup for Next Mark
[826.295s][info][gc,marking  ] GC(420) Concurrent Cleanup for Next Mark 0.363ms
[826.295s][info][gc          ] GC(420) Concurrent Undo Cycle 0.426ms
[826.851s][info][gc,start    ] GC(421) Pause Young (Concurrent Start) (G1 Humongous Allocation)
[826.851s][info][gc,task     ] GC(421) Using 13 workers of 13 for evacuation
[826.853s][info][gc,phases   ] GC(421)   Pre Evacuate Collection Set: 0.1ms
[826.853s][info][gc,phases   ] GC(421)   Merge Heap Roots: 0.5ms
[826.853s][info][gc,phases   ] GC(421)   Evacuate Collection Set: 0.7ms
[826.853s][info][gc,phases   ] GC(421)   Post Evacuate Collection Set: 0.7ms
[826.853s][info][gc,phases   ] GC(421)   Other: 0.1ms
[826.853s][info][gc,heap     ] GC(421) Eden regions: 9->0(97)
[826.853s][info][gc,heap     ] GC(421) Survivor regions: 1->1(13)
[826.853s][info][gc,heap     ] GC(421) Old regions: 22->22
[826.853s][info][gc,heap     ] GC(421) Archive regions: 0->0
[826.853s][info][gc,heap     ] GC(421) Humongous regions: 50->11
[826.853s][info][gc,metaspace] GC(421) Metaspace: 90116K(91072K)->90116K(91072K) NonClass: 78202K(78720K)->78202K(78720K) Class: 11913K(12352K)->11913K(12352K)
[826.853s][info][gc          ] GC(421) Pause Young (Concurrent Start) (G1 Humongous Allocation) 320M->128M(656M) 2.211ms
[826.853s][info][gc,cpu      ] GC(421) User=0.00s Sys=0.00s Real=0.00s
[826.853s][info][gc          ] GC(422) Concurrent Undo Cycle
[826.853s][info][gc,marking  ] GC(422) Concurrent Cleanup for Next Mark
[826.854s][info][gc,marking  ] GC(422) Concurrent Cleanup for Next Mark 0.447ms
[826.854s][info][gc          ] GC(422) Concurrent Undo Cycle 0.515ms
[851.389s][info][gc,start    ] GC(423) Pause Young (Concurrent Start) (G1 Humongous Allocation)
[851.389s][info][gc,task     ] GC(423) Using 13 workers of 13 for evacuation
[851.391s][info][gc,phases   ] GC(423)   Pre Evacuate Collection Set: 0.1ms
[851.391s][info][gc,phases   ] GC(423)   Merge Heap Roots: 0.0ms
[851.391s][info][gc,phases   ] GC(423)   Evacuate Collection Set: 0.8ms
[851.391s][info][gc,phases   ] GC(423)   Post Evacuate Collection Set: 0.2ms
[851.391s][info][gc,phases   ] GC(423)   Other: 0.1ms
[851.391s][info][gc,heap     ] GC(423) Eden regions: 23->0(97)
[851.391s][info][gc,heap     ] GC(423) Survivor regions: 1->1(13)
[851.391s][info][gc,heap     ] GC(423) Old regions: 22->22
[851.391s][info][gc,heap     ] GC(423) Archive regions: 0->0
[851.391s][info][gc,heap     ] GC(423) Humongous regions: 51->13
[851.391s][info][gc,metaspace] GC(423) Metaspace: 90116K(91072K)->90116K(91072K) NonClass: 78202K(78720K)->78202K(78720K) Class: 11913K(12352K)->11913K(12352K)
[851.391s][info][gc          ] GC(423) Pause Young (Concurrent Start) (G1 Humongous Allocation) 378M->136M(656M) 1.457ms
[851.391s][info][gc,cpu      ] GC(423) User=0.00s Sys=0.00s Real=0.00s
[851.391s][info][gc          ] GC(424) Concurrent Undo Cycle
[851.391s][info][gc,marking  ] GC(424) Concurrent Cleanup for Next Mark
[851.391s][info][gc,marking  ] GC(424) Concurrent Cleanup for Next Mark 0.494ms
[851.391s][info][gc          ] GC(424) Concurrent Undo Cycle 0.568ms
[852.303s][info][gc,start    ] GC(425) Pause Young (Concurrent Start) (G1 Humongous Allocation)
[852.303s][info][gc,task     ] GC(425) Using 13 workers of 13 for evacuation
[852.304s][info][gc,phases   ] GC(425)   Pre Evacuate Collection Set: 0.1ms
[852.304s][info][gc,phases   ] GC(425)   Merge Heap Roots: 0.0ms
[852.304s][info][gc,phases   ] GC(425)   Evacuate Collection Set: 0.8ms
[852.304s][info][gc,phases   ] GC(425)   Post Evacuate Collection Set: 0.4ms
[852.304s][info][gc,phases   ] GC(425)   Other: 0.2ms
[852.304s][info][gc,heap     ] GC(425) Eden regions: 10->0(97)
[852.304s][info][gc,heap     ] GC(425) Survivor regions: 1->1(13)
[852.304s][info][gc,heap     ] GC(425) Old regions: 22->22
[852.304s][info][gc,heap     ] GC(425) Archive regions: 0->0
[852.304s][info][gc,heap     ] GC(425) Humongous regions: 52->5
[852.304s][info][gc,metaspace] GC(425) Metaspace: 90116K(91072K)->90116K(91072K) NonClass: 78202K(78720K)->78202K(78720K) Class: 11913K(12352K)->11913K(12352K)
[852.304s][info][gc          ] GC(425) Pause Young (Concurrent Start) (G1 Humongous Allocation) 328M->104M(656M) 1.572ms
[852.305s][info][gc,cpu      ] GC(425) User=0.00s Sys=0.00s Real=0.00s
[852.305s][info][gc          ] GC(426) Concurrent Undo Cycle
[852.305s][info][gc,marking  ] GC(426) Concurrent Cleanup for Next Mark
[852.305s][info][gc,marking  ] GC(426) Concurrent Cleanup for Next Mark 0.385ms
[852.305s][info][gc          ] GC(426) Concurrent Undo Cycle 0.448ms
[852.905s][info][gc,start    ] GC(427) Pause Young (Concurrent Start) (G1 Humongous Allocation)
[852.905s][info][gc,task     ] GC(427) Using 13 workers of 13 for evacuation
[852.907s][info][gc,phases   ] GC(427)   Pre Evacuate Collection Set: 0.1ms
[852.907s][info][gc,phases   ] GC(427)   Merge Heap Roots: 0.0ms
[852.907s][info][gc,phases   ] GC(427)   Evacuate Collection Set: 0.7ms
[852.907s][info][gc,phases   ] GC(427)   Post Evacuate Collection Set: 0.7ms
[852.907s][info][gc,phases   ] GC(427)   Other: 0.1ms
[852.907s][info][gc,heap     ] GC(427) Eden regions: 11->0(97)
[852.907s][info][gc,heap     ] GC(427) Survivor regions: 1->1(13)
[852.907s][info][gc,heap     ] GC(427) Old regions: 22->22
[852.907s][info][gc,heap     ] GC(427) Archive regions: 0->0
[852.907s][info][gc,heap     ] GC(427) Humongous regions: 52->8
[852.907s][info][gc,metaspace] GC(427) Metaspace: 90116K(91072K)->90116K(91072K) NonClass: 78202K(78720K)->78202K(78720K) Class: 11913K(12352K)->11913K(12352K)
[852.907s][info][gc          ] GC(427) Pause Young (Concurrent Start) (G1 Humongous Allocation) 333M->116M(656M) 1.781ms
[852.907s][info][gc,cpu      ] GC(427) User=0.00s Sys=0.00s Real=0.00s
[852.907s][info][gc          ] GC(428) Concurrent Undo Cycle
[852.907s][info][gc,marking  ] GC(428) Concurrent Cleanup for Next Mark
[852.907s][info][gc,marking  ] GC(428) Concurrent Cleanup for Next Mark 0.438ms
[852.907s][info][gc          ] GC(428) Concurrent Undo Cycle 0.493ms
[853.472s][info][gc,start    ] GC(429) Pause Young (Concurrent Start) (G1 Humongous Allocation)
[853.472s][info][gc,task     ] GC(429) Using 13 workers of 13 for evacuation
[853.473s][info][gc,phases   ] GC(429)   Pre Evacuate Collection Set: 0.2ms
[853.473s][info][gc,phases   ] GC(429)   Merge Heap Roots: 0.1ms
[853.473s][info][gc,phases   ] GC(429)   Evacuate Collection Set: 0.7ms
[853.473s][info][gc,phases   ] GC(429)   Post Evacuate Collection Set: 0.4ms
[853.473s][info][gc,phases   ] GC(429)   Other: 0.2ms
[853.473s][info][gc,heap     ] GC(429) Eden regions: 9->0(97)
[853.473s][info][gc,heap     ] GC(429) Survivor regions: 1->1(13)
[853.473s][info][gc,heap     ] GC(429) Old regions: 22->22
[853.473s][info][gc,heap     ] GC(429) Archive regions: 0->0
[853.473s][info][gc,heap     ] GC(429) Humongous regions: 51->14
[853.473s][info][gc,metaspace] GC(429) Metaspace: 90116K(91072K)->90116K(91072K) NonClass: 78202K(78720K)->78202K(78720K) Class: 11913K(12352K)->11913K(12352K)
[853.473s][info][gc          ] GC(429) Pause Young (Concurrent Start) (G1 Humongous Allocation) 321M->140M(656M) 1.700ms
[853.473s][info][gc,cpu      ] GC(429) User=0.00s Sys=0.00s Real=0.00s
[853.473s][info][gc          ] GC(430) Concurrent Undo Cycle
[853.473s][info][gc,marking  ] GC(430) Concurrent Cleanup for Next Mark
[853.474s][info][gc,marking  ] GC(430) Concurrent Cleanup for Next Mark 0.514ms
[853.474s][info][gc          ] GC(430) Concurrent Undo Cycle 0.633ms
[854.047s][info][gc,start    ] GC(431) Pause Young (Concurrent Start) (G1 Humongous Allocation)
[854.047s][info][gc,task     ] GC(431) Using 13 workers of 13 for evacuation
[854.049s][info][gc,phases   ] GC(431)   Pre Evacuate Collection Set: 0.8ms
[854.049s][info][gc,phases   ] GC(431)   Merge Heap Roots: 0.2ms
[854.049s][info][gc,phases   ] GC(431)   Evacuate Collection Set: 0.7ms
[854.049s][info][gc,phases   ] GC(431)   Post Evacuate Collection Set: 0.2ms
[854.049s][info][gc,phases   ] GC(431)   Other: 0.3ms
[854.049s][info][gc,heap     ] GC(431) Eden regions: 10->0(97)
[854.049s][info][gc,heap     ] GC(431) Survivor regions: 1->1(13)
[854.049s][info][gc,heap     ] GC(431) Old regions: 22->22
[854.049s][info][gc,heap     ] GC(431) Archive regions: 0->0
[854.049s][info][gc,heap     ] GC(431) Humongous regions: 51->6
[854.049s][info][gc,metaspace] GC(431) Metaspace: 90116K(91072K)->90116K(91072K) NonClass: 78202K(78720K)->78202K(78720K) Class: 11913K(12352K)->11913K(12352K)
[854.049s][info][gc          ] GC(431) Pause Young (Concurrent Start) (G1 Humongous Allocation) 325M->108M(656M) 2.214ms
[854.049s][info][gc,cpu      ] GC(431) User=0.00s Sys=0.00s Real=0.00s
[854.049s][info][gc          ] GC(432) Concurrent Undo Cycle
[854.049s][info][gc,marking  ] GC(432) Concurrent Cleanup for Next Mark
[854.050s][info][gc,marking  ] GC(432) Concurrent Cleanup for Next Mark 0.437ms
[854.050s][info][gc          ] GC(432) Concurrent Undo Cycle 0.497ms
[854.537s][info][gc,start    ] GC(433) Pause Young (Concurrent Start) (G1 Humongous Allocation)
[854.537s][info][gc,task     ] GC(433) Using 13 workers of 13 for evacuation
[854.539s][info][gc,phases   ] GC(433)   Pre Evacuate Collection Set: 0.3ms
[854.539s][info][gc,phases   ] GC(433)   Merge Heap Roots: 0.1ms
[854.539s][info][gc,phases   ] GC(433)   Evacuate Collection Set: 0.7ms
[854.539s][info][gc,phases   ] GC(433)   Post Evacuate Collection Set: 0.4ms
[854.539s][info][gc,phases   ] GC(433)   Other: 0.3ms
[854.539s][info][gc,heap     ] GC(433) Eden regions: 9->0(97)
[854.539s][info][gc,heap     ] GC(433) Survivor regions: 1->1(13)
[854.539s][info][gc,heap     ] GC(433) Old regions: 22->22
[854.539s][info][gc,heap     ] GC(433) Archive regions: 0->0
[854.539s][info][gc,heap     ] GC(433) Humongous regions: 50->10
[854.539s][info][gc,metaspace] GC(433) Metaspace: 90116K(91072K)->90116K(91072K) NonClass: 78202K(78720K)->78202K(78720K) Class: 11913K(12352K)->11913K(12352K)
[854.539s][info][gc          ] GC(433) Pause Young (Concurrent Start) (G1 Humongous Allocation) 319M->124M(656M) 1.836ms
[854.539s][info][gc,cpu      ] GC(433) User=0.00s Sys=0.00s Real=0.00s
[854.539s][info][gc          ] GC(434) Concurrent Undo Cycle
[854.539s][info][gc,marking  ] GC(434) Concurrent Cleanup for Next Mark
[854.540s][info][gc,marking  ] GC(434) Concurrent Cleanup for Next Mark 0.537ms
[854.540s][info][gc          ] GC(434) Concurrent Undo Cycle 0.617ms
[855.196s][info][gc,start    ] GC(435) Pause Young (Concurrent Start) (G1 Humongous Allocation)
[855.196s][info][gc,task     ] GC(435) Using 13 workers of 13 for evacuation
[855.197s][info][gc,phases   ] GC(435)   Pre Evacuate Collection Set: 0.3ms
[855.197s][info][gc,phases   ] GC(435)   Merge Heap Roots: 0.0ms
[855.197s][info][gc,phases   ] GC(435)   Evacuate Collection Set: 0.7ms
[855.197s][info][gc,phases   ] GC(435)   Post Evacuate Collection Set: 0.3ms
[855.197s][info][gc,phases   ] GC(435)   Other: 0.2ms
[855.197s][info][gc,heap     ] GC(435) Eden regions: 9->0(97)
[855.197s][info][gc,heap     ] GC(435) Survivor regions: 1->1(13)
[855.197s][info][gc,heap     ] GC(435) Old regions: 22->22
[855.197s][info][gc,heap     ] GC(435) Archive regions: 0->0
[855.197s][info][gc,heap     ] GC(435) Humongous regions: 52->9
[855.197s][info][gc,metaspace] GC(435) Metaspace: 90116K(91072K)->90116K(91072K) NonClass: 78202K(78720K)->78202K(78720K) Class: 11913K(12352K)->11913K(12352K)
[855.197s][info][gc          ] GC(435) Pause Young (Concurrent Start) (G1 Humongous Allocation) 328M->121M(656M) 1.540ms
[855.197s][info][gc,cpu      ] GC(435) User=0.00s Sys=0.00s Real=0.00s
[855.197s][info][gc          ] GC(436) Concurrent Undo Cycle
[855.197s][info][gc,marking  ] GC(436) Concurrent Cleanup for Next Mark
[855.198s][info][gc,marking  ] GC(436) Concurrent Cleanup for Next Mark 0.423ms
[855.198s][info][gc          ] GC(436) Concurrent Undo Cycle 0.477ms
[855.761s][info][gc,start    ] GC(437) Pause Young (Concurrent Start) (G1 Humongous Allocation)
[855.761s][info][gc,task     ] GC(437) Using 13 workers of 13 for evacuation
[855.764s][info][gc,phases   ] GC(437)   Pre Evacuate Collection Set: 0.2ms
[855.764s][info][gc,phases   ] GC(437)   Merge Heap Roots: 0.2ms
[855.764s][info][gc,phases   ] GC(437)   Evacuate Collection Set: 1.4ms
[855.764s][info][gc,phases   ] GC(437)   Post Evacuate Collection Set: 0.5ms
[855.764s][info][gc,phases   ] GC(437)   Other: 0.3ms
[855.764s][info][gc,heap     ] GC(437) Eden regions: 9->0(97)
[855.764s][info][gc,heap     ] GC(437) Survivor regions: 1->1(13)
[855.764s][info][gc,heap     ] GC(437) Old regions: 22->22
[855.764s][info][gc,heap     ] GC(437) Archive regions: 0->0
[855.764s][info][gc,heap     ] GC(437) Humongous regions: 52->7
[855.764s][info][gc,metaspace] GC(437) Metaspace: 90116K(91072K)->90116K(91072K) NonClass: 78202K(78720K)->78202K(78720K) Class: 11913K(12352K)->11913K(12352K)
[855.764s][info][gc          ] GC(437) Pause Young (Concurrent Start) (G1 Humongous Allocation) 328M->112M(656M) 2.734ms
[855.764s][info][gc,cpu      ] GC(437) User=0.00s Sys=0.00s Real=0.00s
[855.764s][info][gc          ] GC(438) Concurrent Undo Cycle
[855.764s][info][gc,marking  ] GC(438) Concurrent Cleanup for Next Mark
[855.765s][info][gc,marking  ] GC(438) Concurrent Cleanup for Next Mark 0.398ms
[855.765s][info][gc          ] GC(438) Concurrent Undo Cycle 0.461ms
[856.324s][info][gc,start    ] GC(439) Pause Young (Concurrent Start) (G1 Humongous Allocation)
[856.324s][info][gc,task     ] GC(439) Using 13 workers of 13 for evacuation
[856.326s][info][gc,phases   ] GC(439)   Pre Evacuate Collection Set: 0.4ms
[856.326s][info][gc,phases   ] GC(439)   Merge Heap Roots: 0.0ms
[856.326s][info][gc,phases   ] GC(439)   Evacuate Collection Set: 0.9ms
[856.326s][info][gc,phases   ] GC(439)   Post Evacuate Collection Set: 0.4ms
[856.326s][info][gc,phases   ] GC(439)   Other: 0.3ms
[856.326s][info][gc,heap     ] GC(439) Eden regions: 9->0(97)
[856.326s][info][gc,heap     ] GC(439) Survivor regions: 1->1(13)
[856.326s][info][gc,heap     ] GC(439) Old regions: 22->22
[856.326s][info][gc,heap     ] GC(439) Archive regions: 0->0
[856.326s][info][gc,heap     ] GC(439) Humongous regions: 51->8
[856.326s][info][gc,metaspace] GC(439) Metaspace: 90116K(91072K)->90116K(91072K) NonClass: 78202K(78720K)->78202K(78720K) Class: 11913K(12352K)->11913K(12352K)
[856.326s][info][gc          ] GC(439) Pause Young (Concurrent Start) (G1 Humongous Allocation) 322M->116M(656M) 2.051ms
[856.326s][info][gc,cpu      ] GC(439) User=0.00s Sys=0.00s Real=0.00s
[856.326s][info][gc          ] GC(440) Concurrent Undo Cycle
[856.326s][info][gc,marking  ] GC(440) Concurrent Cleanup for Next Mark
[856.326s][info][gc,marking  ] GC(440) Concurrent Cleanup for Next Mark 0.428ms
[856.326s][info][gc          ] GC(440) Concurrent Undo Cycle 0.482ms
[856.935s][info][gc,start    ] GC(441) Pause Young (Concurrent Start) (G1 Humongous Allocation)
[856.935s][info][gc,task     ] GC(441) Using 13 workers of 13 for evacuation
[856.937s][info][gc,phases   ] GC(441)   Pre Evacuate Collection Set: 0.4ms
[856.937s][info][gc,phases   ] GC(441)   Merge Heap Roots: 0.2ms
[856.937s][info][gc,phases   ] GC(441)   Evacuate Collection Set: 0.8ms
[856.937s][info][gc,phases   ] GC(441)   Post Evacuate Collection Set: 0.6ms
[856.937s][info][gc,phases   ] GC(441)   Other: 0.2ms
[856.937s][info][gc,heap     ] GC(441) Eden regions: 10->0(97)
[856.937s][info][gc,heap     ] GC(441) Survivor regions: 1->1(13)
[856.937s][info][gc,heap     ] GC(441) Old regions: 22->22
[856.937s][info][gc,heap     ] GC(441) Archive regions: 0->0
[856.937s][info][gc,heap     ] GC(441) Humongous regions: 50->5
[856.937s][info][gc,metaspace] GC(441) Metaspace: 90116K(91072K)->90116K(91072K) NonClass: 78202K(78720K)->78202K(78720K) Class: 11913K(12352K)->11913K(12352K)
[856.937s][info][gc          ] GC(441) Pause Young (Concurrent Start) (G1 Humongous Allocation) 321M->104M(656M) 2.242ms
[856.937s][info][gc,cpu      ] GC(441) User=0.00s Sys=0.00s Real=0.00s
[856.937s][info][gc          ] GC(442) Concurrent Undo Cycle
[856.937s][info][gc,marking  ] GC(442) Concurrent Cleanup for Next Mark
[856.938s][info][gc,marking  ] GC(442) Concurrent Cleanup for Next Mark 0.730ms
[856.938s][info][gc          ] GC(442) Concurrent Undo Cycle 0.822ms
[857.544s][info][gc,start    ] GC(443) Pause Young (Concurrent Start) (G1 Humongous Allocation)
[857.544s][info][gc,task     ] GC(443) Using 13 workers of 13 for evacuation
[857.546s][info][gc,phases   ] GC(443)   Pre Evacuate Collection Set: 0.3ms
[857.546s][info][gc,phases   ] GC(443)   Merge Heap Roots: 0.3ms
[857.546s][info][gc,phases   ] GC(443)   Evacuate Collection Set: 0.7ms
[857.546s][info][gc,phases   ] GC(443)   Post Evacuate Collection Set: 0.6ms
[857.546s][info][gc,phases   ] GC(443)   Other: 0.2ms
[857.546s][info][gc,heap     ] GC(443) Eden regions: 10->0(97)
[857.546s][info][gc,heap     ] GC(443) Survivor regions: 1->1(13)
[857.546s][info][gc,heap     ] GC(443) Old regions: 22->22
[857.546s][info][gc,heap     ] GC(443) Archive regions: 0->0
[857.546s][info][gc,heap     ] GC(443) Humongous regions: 50->10
[857.546s][info][gc,metaspace] GC(443) Metaspace: 90116K(91072K)->90116K(91072K) NonClass: 78202K(78720K)->78202K(78720K) Class: 11913K(12352K)->11913K(12352K)
[857.546s][info][gc          ] GC(443) Pause Young (Concurrent Start) (G1 Humongous Allocation) 320M->124M(656M) 2.038ms
[857.546s][info][gc,cpu      ] GC(443) User=0.00s Sys=0.00s Real=0.00s
[857.546s][info][gc          ] GC(444) Concurrent Undo Cycle
[857.546s][info][gc,marking  ] GC(444) Concurrent Cleanup for Next Mark
[857.546s][info][gc,marking  ] GC(444) Concurrent Cleanup for Next Mark 0.267ms
[857.546s][info][gc          ] GC(444) Concurrent Undo Cycle 0.304ms
[858.179s][info][gc,start    ] GC(445) Pause Young (Concurrent Start) (G1 Humongous Allocation)
[858.179s][info][gc,task     ] GC(445) Using 13 workers of 13 for evacuation
[858.182s][info][gc,phases   ] GC(445)   Pre Evacuate Collection Set: 0.3ms
[858.182s][info][gc,phases   ] GC(445)   Merge Heap Roots: 0.1ms
[858.182s][info][gc,phases   ] GC(445)   Evacuate Collection Set: 1.3ms
[858.182s][info][gc,phases   ] GC(445)   Post Evacuate Collection Set: 0.5ms
[858.182s][info][gc,phases   ] GC(445)   Other: 0.2ms
[858.182s][info][gc,heap     ] GC(445) Eden regions: 10->0(97)
[858.182s][info][gc,heap     ] GC(445) Survivor regions: 1->1(13)
[858.182s][info][gc,heap     ] GC(445) Old regions: 22->22
[858.182s][info][gc,heap     ] GC(445) Archive regions: 0->0
[858.182s][info][gc,heap     ] GC(445) Humongous regions: 52->9
[858.182s][info][gc,metaspace] GC(445) Metaspace: 90116K(91072K)->90116K(91072K) NonClass: 78202K(78720K)->78202K(78720K) Class: 11913K(12352K)->11913K(12352K)
[858.182s][info][gc          ] GC(445) Pause Young (Concurrent Start) (G1 Humongous Allocation) 328M->122M(656M) 2.516ms
[858.182s][info][gc,cpu      ] GC(445) User=0.00s Sys=0.00s Real=0.00s
[858.182s][info][gc          ] GC(446) Concurrent Undo Cycle
[858.182s][info][gc,marking  ] GC(446) Concurrent Cleanup for Next Mark
[858.182s][info][gc,marking  ] GC(446) Concurrent Cleanup for Next Mark 0.434ms
[858.182s][info][gc          ] GC(446) Concurrent Undo Cycle 0.495ms
[858.786s][info][gc,start    ] GC(447) Pause Young (Concurrent Start) (G1 Humongous Allocation)
[858.786s][info][gc,task     ] GC(447) Using 13 workers of 13 for evacuation
[858.789s][info][gc,phases   ] GC(447)   Pre Evacuate Collection Set: 0.3ms
[858.789s][info][gc,phases   ] GC(447)   Merge Heap Roots: 0.1ms
[858.789s][info][gc,phases   ] GC(447)   Evacuate Collection Set: 1.4ms
[858.789s][info][gc,phases   ] GC(447)   Post Evacuate Collection Set: 0.3ms
[858.789s][info][gc,phases   ] GC(447)   Other: 0.3ms
[858.789s][info][gc,heap     ] GC(447) Eden regions: 9->0(97)
[858.789s][info][gc,heap     ] GC(447) Survivor regions: 1->1(13)
[858.789s][info][gc,heap     ] GC(447) Old regions: 22->22
[858.789s][info][gc,heap     ] GC(447) Archive regions: 0->0
[858.789s][info][gc,heap     ] GC(447) Humongous regions: 52->7
[858.789s][info][gc,metaspace] GC(447) Metaspace: 90116K(91072K)->90116K(91072K) NonClass: 78202K(78720K)->78202K(78720K) Class: 11913K(12352K)->11913K(12352K)
[858.789s][info][gc          ] GC(447) Pause Young (Concurrent Start) (G1 Humongous Allocation) 329M->112M(656M) 2.373ms
[858.789s][info][gc,cpu      ] GC(447) User=0.00s Sys=0.00s Real=0.00s
[858.789s][info][gc          ] GC(448) Concurrent Undo Cycle
[858.789s][info][gc,marking  ] GC(448) Concurrent Cleanup for Next Mark
[858.790s][info][gc,marking  ] GC(448) Concurrent Cleanup for Next Mark 0.827ms
[858.790s][info][gc          ] GC(448) Concurrent Undo Cycle 0.901ms
[859.289s][info][gc,start    ] GC(449) Pause Young (Concurrent Start) (G1 Humongous Allocation)
[859.289s][info][gc,task     ] GC(449) Using 13 workers of 13 for evacuation
[859.290s][info][gc,phases   ] GC(449)   Pre Evacuate Collection Set: 0.2ms
[859.290s][info][gc,phases   ] GC(449)   Merge Heap Roots: 0.0ms
[859.291s][info][gc,phases   ] GC(449)   Evacuate Collection Set: 0.8ms
[859.291s][info][gc,phases   ] GC(449)   Post Evacuate Collection Set: 0.3ms
[859.291s][info][gc,phases   ] GC(449)   Other: 0.2ms
[859.291s][info][gc,heap     ] GC(449) Eden regions: 9->0(97)
[859.291s][info][gc,heap     ] GC(449) Survivor regions: 1->1(13)
[859.291s][info][gc,heap     ] GC(449) Old regions: 22->22
[859.291s][info][gc,heap     ] GC(449) Archive regions: 0->0
[859.291s][info][gc,heap     ] GC(449) Humongous regions: 51->11
[859.291s][info][gc,metaspace] GC(449) Metaspace: 90116K(91072K)->90116K(91072K) NonClass: 78202K(78720K)->78202K(78720K) Class: 11913K(12352K)->11913K(12352K)
[859.291s][info][gc          ] GC(449) Pause Young (Concurrent Start) (G1 Humongous Allocation) 322M->128M(656M) 1.552ms
[859.291s][info][gc,cpu      ] GC(449) User=0.00s Sys=0.00s Real=0.00s
[859.291s][info][gc          ] GC(450) Concurrent Undo Cycle
[859.291s][info][gc,marking  ] GC(450) Concurrent Cleanup for Next Mark
[859.291s][info][gc,marking  ] GC(450) Concurrent Cleanup for Next Mark 0.731ms
[859.292s][info][gc          ] GC(450) Concurrent Undo Cycle 0.804ms
[859.890s][info][gc,start    ] GC(451) Pause Young (Concurrent Start) (G1 Humongous Allocation)
[859.890s][info][gc,task     ] GC(451) Using 13 workers of 13 for evacuation
[859.891s][info][gc,phases   ] GC(451)   Pre Evacuate Collection Set: 0.1ms
[859.891s][info][gc,phases   ] GC(451)   Merge Heap Roots: 0.0ms
[859.891s][info][gc,phases   ] GC(451)   Evacuate Collection Set: 0.6ms
[859.891s][info][gc,phases   ] GC(451)   Post Evacuate Collection Set: 0.3ms
[859.891s][info][gc,phases   ] GC(451)   Other: 0.2ms
[859.891s][info][gc,heap     ] GC(451) Eden regions: 9->0(97)
[859.891s][info][gc,heap     ] GC(451) Survivor regions: 1->1(13)
[859.891s][info][gc,heap     ] GC(451) Old regions: 22->22
[859.891s][info][gc,heap     ] GC(451) Archive regions: 0->0
[859.891s][info][gc,heap     ] GC(451) Humongous regions: 51->13
[859.891s][info][gc,metaspace] GC(451) Metaspace: 90116K(91072K)->90116K(91072K) NonClass: 78202K(78720K)->78202K(78720K) Class: 11913K(12352K)->11913K(12352K)
[859.891s][info][gc          ] GC(451) Pause Young (Concurrent Start) (G1 Humongous Allocation) 322M->136M(656M) 1.252ms
[859.891s][info][gc,cpu      ] GC(451) User=0.00s Sys=0.00s Real=0.00s
[859.891s][info][gc          ] GC(452) Concurrent Undo Cycle
[859.891s][info][gc,marking  ] GC(452) Concurrent Cleanup for Next Mark
[859.892s][info][gc,marking  ] GC(452) Concurrent Cleanup for Next Mark 0.506ms
[859.892s][info][gc          ] GC(452) Concurrent Undo Cycle 0.578ms
[860.469s][info][gc,start    ] GC(453) Pause Young (Concurrent Start) (G1 Humongous Allocation)
[860.469s][info][gc,task     ] GC(453) Using 13 workers of 13 for evacuation
[860.471s][info][gc,phases   ] GC(453)   Pre Evacuate Collection Set: 0.3ms
[860.471s][info][gc,phases   ] GC(453)   Merge Heap Roots: 0.1ms
[860.471s][info][gc,phases   ] GC(453)   Evacuate Collection Set: 0.9ms
[860.471s][info][gc,phases   ] GC(453)   Post Evacuate Collection Set: 0.5ms
[860.471s][info][gc,phases   ] GC(453)   Other: 0.5ms
[860.471s][info][gc,heap     ] GC(453) Eden regions: 8->0(97)
[860.471s][info][gc,heap     ] GC(453) Survivor regions: 1->1(13)
[860.471s][info][gc,heap     ] GC(453) Old regions: 22->22
[860.471s][info][gc,heap     ] GC(453) Archive regions: 0->0
[860.471s][info][gc,heap     ] GC(453) Humongous regions: 51->11
[860.471s][info][gc,metaspace] GC(453) Metaspace: 90116K(91072K)->90116K(91072K) NonClass: 78202K(78720K)->78202K(78720K) Class: 11913K(12352K)->11913K(12352K)
[860.471s][info][gc          ] GC(453) Pause Young (Concurrent Start) (G1 Humongous Allocation) 320M->128M(656M) 2.297ms
[860.471s][info][gc,cpu      ] GC(453) User=0.00s Sys=0.00s Real=0.00s
[860.471s][info][gc          ] GC(454) Concurrent Undo Cycle
[860.471s][info][gc,marking  ] GC(454) Concurrent Cleanup for Next Mark
[860.472s][info][gc,marking  ] GC(454) Concurrent Cleanup for Next Mark 0.428ms
[860.472s][info][gc          ] GC(454) Concurrent Undo Cycle 0.495ms
[861.061s][info][gc,start    ] GC(455) Pause Young (Concurrent Start) (G1 Humongous Allocation)
[861.061s][info][gc,task     ] GC(455) Using 13 workers of 13 for evacuation
[861.063s][info][gc,phases   ] GC(455)   Pre Evacuate Collection Set: 0.1ms
[861.063s][info][gc,phases   ] GC(455)   Merge Heap Roots: 0.0ms
[861.063s][info][gc,phases   ] GC(455)   Evacuate Collection Set: 0.6ms
[861.063s][info][gc,phases   ] GC(455)   Post Evacuate Collection Set: 0.6ms
[861.063s][info][gc,phases   ] GC(455)   Other: 0.1ms
[861.063s][info][gc,heap     ] GC(455) Eden regions: 10->0(97)
[861.063s][info][gc,heap     ] GC(455) Survivor regions: 1->1(13)
[861.063s][info][gc,heap     ] GC(455) Old regions: 22->22
[861.063s][info][gc,heap     ] GC(455) Archive regions: 0->0
[861.063s][info][gc,heap     ] GC(455) Humongous regions: 51->7
[861.063s][info][gc,metaspace] GC(455) Metaspace: 90116K(91072K)->90116K(91072K) NonClass: 78202K(78720K)->78202K(78720K) Class: 11913K(12352K)->11913K(12352K)
[861.063s][info][gc          ] GC(455) Pause Young (Concurrent Start) (G1 Humongous Allocation) 325M->112M(656M) 1.651ms
[861.063s][info][gc,cpu      ] GC(455) User=0.00s Sys=0.00s Real=0.00s
[861.063s][info][gc          ] GC(456) Concurrent Undo Cycle
[861.063s][info][gc,marking  ] GC(456) Concurrent Cleanup for Next Mark
[861.063s][info][gc,marking  ] GC(456) Concurrent Cleanup for Next Mark 0.369ms
[861.063s][info][gc          ] GC(456) Concurrent Undo Cycle 0.437ms
[861.628s][info][gc,start    ] GC(457) Pause Young (Concurrent Start) (G1 Humongous Allocation)
[861.628s][info][gc,task     ] GC(457) Using 13 workers of 13 for evacuation
[861.630s][info][gc,phases   ] GC(457)   Pre Evacuate Collection Set: 0.3ms
[861.630s][info][gc,phases   ] GC(457)   Merge Heap Roots: 0.1ms
[861.630s][info][gc,phases   ] GC(457)   Evacuate Collection Set: 1.1ms
[861.630s][info][gc,phases   ] GC(457)   Post Evacuate Collection Set: 0.3ms
[861.630s][info][gc,phases   ] GC(457)   Other: 0.3ms
[861.630s][info][gc,heap     ] GC(457) Eden regions: 9->0(97)
[861.630s][info][gc,heap     ] GC(457) Survivor regions: 1->1(13)
[861.630s][info][gc,heap     ] GC(457) Old regions: 22->22
[861.630s][info][gc,heap     ] GC(457) Archive regions: 0->0
[861.630s][info][gc,heap     ] GC(457) Humongous regions: 51->11
[861.630s][info][gc,metaspace] GC(457) Metaspace: 90116K(91072K)->90116K(91072K) NonClass: 78202K(78720K)->78202K(78720K) Class: 11913K(12352K)->11913K(12352K)
[861.630s][info][gc          ] GC(457) Pause Young (Concurrent Start) (G1 Humongous Allocation) 324M->129M(656M) 2.139ms
[861.630s][info][gc,cpu      ] GC(457) User=0.03s Sys=0.00s Real=0.00s
[861.630s][info][gc          ] GC(458) Concurrent Undo Cycle
[861.631s][info][gc,marking  ] GC(458) Concurrent Cleanup for Next Mark
[861.631s][info][gc,marking  ] GC(458) Concurrent Cleanup for Next Mark 0.516ms
[861.631s][info][gc          ] GC(458) Concurrent Undo Cycle 0.617ms
[862.202s][info][gc,start    ] GC(459) Pause Young (Concurrent Start) (G1 Humongous Allocation)
[862.202s][info][gc,task     ] GC(459) Using 13 workers of 13 for evacuation
[862.204s][info][gc,phases   ] GC(459)   Pre Evacuate Collection Set: 0.4ms
[862.204s][info][gc,phases   ] GC(459)   Merge Heap Roots: 0.1ms
[862.204s][info][gc,phases   ] GC(459)   Evacuate Collection Set: 0.7ms
[862.204s][info][gc,phases   ] GC(459)   Post Evacuate Collection Set: 0.5ms
[862.204s][info][gc,phases   ] GC(459)   Other: 0.2ms
[862.204s][info][gc,heap     ] GC(459) Eden regions: 9->0(97)
[862.204s][info][gc,heap     ] GC(459) Survivor regions: 1->1(13)
[862.204s][info][gc,heap     ] GC(459) Old regions: 22->22
[862.204s][info][gc,heap     ] GC(459) Archive regions: 0->0
[862.204s][info][gc,heap     ] GC(459) Humongous regions: 51->10
[862.204s][info][gc,metaspace] GC(459) Metaspace: 90116K(91072K)->90116K(91072K) NonClass: 78202K(78720K)->78202K(78720K) Class: 11913K(12352K)->11913K(12352K)
[862.204s][info][gc          ] GC(459) Pause Young (Concurrent Start) (G1 Humongous Allocation) 323M->124M(656M) 2.002ms
[862.204s][info][gc,cpu      ] GC(459) User=0.00s Sys=0.00s Real=0.00s
[862.204s][info][gc          ] GC(460) Concurrent Undo Cycle
[862.204s][info][gc,marking  ] GC(460) Concurrent Cleanup for Next Mark
[862.205s][info][gc,marking  ] GC(460) Concurrent Cleanup for Next Mark 0.492ms
[862.205s][info][gc          ] GC(460) Concurrent Undo Cycle 0.564ms
[881.634s][info][gc,start    ] GC(461) Pause Young (Concurrent Start) (G1 Humongous Allocation)
[881.634s][info][gc,task     ] GC(461) Using 13 workers of 13 for evacuation
[881.636s][info][gc,phases   ] GC(461)   Pre Evacuate Collection Set: 0.1ms
[881.636s][info][gc,phases   ] GC(461)   Merge Heap Roots: 0.1ms
[881.636s][info][gc,phases   ] GC(461)   Evacuate Collection Set: 0.7ms
[881.636s][info][gc,phases   ] GC(461)   Post Evacuate Collection Set: 0.4ms
[881.636s][info][gc,phases   ] GC(461)   Other: 0.1ms
[881.636s][info][gc,heap     ] GC(461) Eden regions: 23->0(97)
[881.636s][info][gc,heap     ] GC(461) Survivor regions: 1->1(13)
[881.636s][info][gc,heap     ] GC(461) Old regions: 22->22
[881.636s][info][gc,heap     ] GC(461) Archive regions: 0->0
[881.636s][info][gc,heap     ] GC(461) Humongous regions: 51->4
[881.636s][info][gc,metaspace] GC(461) Metaspace: 90116K(91072K)->90116K(91072K) NonClass: 78202K(78720K)->78202K(78720K) Class: 11913K(12352K)->11913K(12352K)
[881.636s][info][gc          ] GC(461) Pause Young (Concurrent Start) (G1 Humongous Allocation) 378M->100M(656M) 1.606ms
[881.636s][info][gc,cpu      ] GC(461) User=0.00s Sys=0.00s Real=0.00s
[881.636s][info][gc          ] GC(462) Concurrent Undo Cycle
[881.636s][info][gc,marking  ] GC(462) Concurrent Cleanup for Next Mark
[881.636s][info][gc,marking  ] GC(462) Concurrent Cleanup for Next Mark 0.518ms
[881.636s][info][gc          ] GC(462) Concurrent Undo Cycle 0.605ms
[882.209s][info][gc,start    ] GC(463) Pause Young (Concurrent Start) (G1 Humongous Allocation)
[882.209s][info][gc,task     ] GC(463) Using 13 workers of 13 for evacuation
[882.210s][info][gc,phases   ] GC(463)   Pre Evacuate Collection Set: 0.1ms
[882.210s][info][gc,phases   ] GC(463)   Merge Heap Roots: 0.0ms
[882.210s][info][gc,phases   ] GC(463)   Evacuate Collection Set: 0.7ms
[882.210s][info][gc,phases   ] GC(463)   Post Evacuate Collection Set: 0.2ms
[882.210s][info][gc,phases   ] GC(463)   Other: 0.1ms
[882.210s][info][gc,heap     ] GC(463) Eden regions: 9->0(97)
[882.210s][info][gc,heap     ] GC(463) Survivor regions: 1->1(13)
[882.210s][info][gc,heap     ] GC(463) Old regions: 22->22
[882.210s][info][gc,heap     ] GC(463) Archive regions: 0->0
[882.210s][info][gc,heap     ] GC(463) Humongous regions: 50->12
[882.210s][info][gc,metaspace] GC(463) Metaspace: 90116K(91072K)->90116K(91072K) NonClass: 78202K(78720K)->78202K(78720K) Class: 11913K(12352K)->11913K(12352K)
[882.210s][info][gc          ] GC(463) Pause Young (Concurrent Start) (G1 Humongous Allocation) 318M->132M(656M) 1.308ms
[882.210s][info][gc,cpu      ] GC(463) User=0.00s Sys=0.00s Real=0.00s
[882.210s][info][gc          ] GC(464) Concurrent Undo Cycle
[882.210s][info][gc,marking  ] GC(464) Concurrent Cleanup for Next Mark
[882.211s][info][gc,marking  ] GC(464) Concurrent Cleanup for Next Mark 0.420ms
[882.211s][info][gc          ] GC(464) Concurrent Undo Cycle 0.466ms
[882.821s][info][gc,start    ] GC(465) Pause Young (Concurrent Start) (G1 Humongous Allocation)
[882.821s][info][gc,task     ] GC(465) Using 13 workers of 13 for evacuation
[882.823s][info][gc,phases   ] GC(465)   Pre Evacuate Collection Set: 0.1ms
[882.823s][info][gc,phases   ] GC(465)   Merge Heap Roots: 0.1ms
[882.823s][info][gc,phases   ] GC(465)   Evacuate Collection Set: 0.7ms
[882.823s][info][gc,phases   ] GC(465)   Post Evacuate Collection Set: 0.3ms
[882.823s][info][gc,phases   ] GC(465)   Other: 0.1ms
[882.823s][info][gc,heap     ] GC(465) Eden regions: 9->0(97)
[882.823s][info][gc,heap     ] GC(465) Survivor regions: 1->1(13)
[882.823s][info][gc,heap     ] GC(465) Old regions: 22->22
[882.823s][info][gc,heap     ] GC(465) Archive regions: 0->0
[882.823s][info][gc,heap     ] GC(465) Humongous regions: 52->13
[882.823s][info][gc,metaspace] GC(465) Metaspace: 90116K(91072K)->90116K(91072K) NonClass: 78202K(78720K)->78202K(78720K) Class: 11913K(12352K)->11913K(12352K)
[882.823s][info][gc          ] GC(465) Pause Young (Concurrent Start) (G1 Humongous Allocation) 326M->136M(656M) 1.387ms
[882.823s][info][gc,cpu      ] GC(465) User=0.00s Sys=0.00s Real=0.00s
[882.823s][info][gc          ] GC(466) Concurrent Undo Cycle
[882.823s][info][gc,marking  ] GC(466) Concurrent Cleanup for Next Mark
[882.823s][info][gc,marking  ] GC(466) Concurrent Cleanup for Next Mark 0.336ms
[882.823s][info][gc          ] GC(466) Concurrent Undo Cycle 0.413ms
[883.740s][info][gc,start    ] GC(467) Pause Young (Concurrent Start) (G1 Humongous Allocation)
[883.740s][info][gc,task     ] GC(467) Using 13 workers of 13 for evacuation
[883.741s][info][gc,phases   ] GC(467)   Pre Evacuate Collection Set: 0.1ms
[883.741s][info][gc,phases   ] GC(467)   Merge Heap Roots: 0.0ms
[883.741s][info][gc,phases   ] GC(467)   Evacuate Collection Set: 0.6ms
[883.741s][info][gc,phases   ] GC(467)   Post Evacuate Collection Set: 0.2ms
[883.741s][info][gc,phases   ] GC(467)   Other: 0.1ms
[883.741s][info][gc,heap     ] GC(467) Eden regions: 9->0(97)
[883.741s][info][gc,heap     ] GC(467) Survivor regions: 1->1(13)
[883.741s][info][gc,heap     ] GC(467) Old regions: 22->22
[883.741s][info][gc,heap     ] GC(467) Archive regions: 0->0
[883.741s][info][gc,heap     ] GC(467) Humongous regions: 51->2
[883.741s][info][gc,metaspace] GC(467) Metaspace: 90116K(91072K)->90116K(91072K) NonClass: 78202K(78720K)->78202K(78720K) Class: 11913K(12352K)->11913K(12352K)
[883.741s][info][gc          ] GC(467) Pause Young (Concurrent Start) (G1 Humongous Allocation) 324M->92M(656M) 1.268ms
[883.741s][info][gc,cpu      ] GC(467) User=0.00s Sys=0.00s Real=0.00s
[883.741s][info][gc          ] GC(468) Concurrent Undo Cycle
[883.741s][info][gc,marking  ] GC(468) Concurrent Cleanup for Next Mark
[883.742s][info][gc,marking  ] GC(468) Concurrent Cleanup for Next Mark 0.514ms
[883.742s][info][gc          ] GC(468) Concurrent Undo Cycle 0.585ms
[884.307s][info][gc,start    ] GC(469) Pause Young (Concurrent Start) (G1 Humongous Allocation)
[884.307s][info][gc,task     ] GC(469) Using 13 workers of 13 for evacuation
[884.309s][info][gc,phases   ] GC(469)   Pre Evacuate Collection Set: 0.2ms
[884.309s][info][gc,phases   ] GC(469)   Merge Heap Roots: 0.1ms
[884.309s][info][gc,phases   ] GC(469)   Evacuate Collection Set: 0.9ms
[884.309s][info][gc,phases   ] GC(469)   Post Evacuate Collection Set: 0.4ms
[884.309s][info][gc,phases   ] GC(469)   Other: 0.2ms
[884.309s][info][gc,heap     ] GC(469) Eden regions: 10->0(97)
[884.309s][info][gc,heap     ] GC(469) Survivor regions: 1->1(13)
[884.309s][info][gc,heap     ] GC(469) Old regions: 22->22
[884.309s][info][gc,heap     ] GC(469) Archive regions: 0->0
[884.309s][info][gc,heap     ] GC(469) Humongous regions: 50->12
[884.309s][info][gc,metaspace] GC(469) Metaspace: 90116K(91072K)->90116K(91072K) NonClass: 78202K(78720K)->78202K(78720K) Class: 11913K(12352K)->11913K(12352K)
[884.309s][info][gc          ] GC(469) Pause Young (Concurrent Start) (G1 Humongous Allocation) 323M->132M(656M) 1.907ms
[884.309s][info][gc,cpu      ] GC(469) User=0.00s Sys=0.00s Real=0.00s
[884.309s][info][gc          ] GC(470) Concurrent Undo Cycle
[884.309s][info][gc,marking  ] GC(470) Concurrent Cleanup for Next Mark
[884.310s][info][gc,marking  ] GC(470) Concurrent Cleanup for Next Mark 0.751ms
[884.310s][info][gc          ] GC(470) Concurrent Undo Cycle 0.817ms
[884.886s][info][gc,start    ] GC(471) Pause Young (Concurrent Start) (G1 Humongous Allocation)
[884.886s][info][gc,task     ] GC(471) Using 13 workers of 13 for evacuation
[884.888s][info][gc,phases   ] GC(471)   Pre Evacuate Collection Set: 0.3ms
[884.888s][info][gc,phases   ] GC(471)   Merge Heap Roots: 0.1ms
[884.888s][info][gc,phases   ] GC(471)   Evacuate Collection Set: 0.7ms
[884.888s][info][gc,phases   ] GC(471)   Post Evacuate Collection Set: 0.3ms
[884.888s][info][gc,phases   ] GC(471)   Other: 0.2ms
[884.888s][info][gc,heap     ] GC(471) Eden regions: 9->0(97)
[884.888s][info][gc,heap     ] GC(471) Survivor regions: 1->1(13)
[884.888s][info][gc,heap     ] GC(471) Old regions: 22->22
[884.888s][info][gc,heap     ] GC(471) Archive regions: 0->0
[884.888s][info][gc,heap     ] GC(471) Humongous regions: 52->10
[884.888s][info][gc,metaspace] GC(471) Metaspace: 90116K(91072K)->90116K(91072K) NonClass: 78202K(78720K)->78202K(78720K) Class: 11913K(12352K)->11913K(12352K)
[884.888s][info][gc          ] GC(471) Pause Young (Concurrent Start) (G1 Humongous Allocation) 326M->124M(656M) 1.617ms
[884.888s][info][gc,cpu      ] GC(471) User=0.00s Sys=0.00s Real=0.00s
[884.888s][info][gc          ] GC(472) Concurrent Undo Cycle
[884.888s][info][gc,marking  ] GC(472) Concurrent Cleanup for Next Mark
[884.889s][info][gc,marking  ] GC(472) Concurrent Cleanup for Next Mark 0.545ms
[884.889s][info][gc          ] GC(472) Concurrent Undo Cycle 0.628ms
[885.593s][info][gc,start    ] GC(473) Pause Young (Concurrent Start) (G1 Humongous Allocation)
[885.593s][info][gc,task     ] GC(473) Using 13 workers of 13 for evacuation
[885.596s][info][gc,phases   ] GC(473)   Pre Evacuate Collection Set: 0.3ms
[885.596s][info][gc,phases   ] GC(473)   Merge Heap Roots: 0.1ms
[885.596s][info][gc,phases   ] GC(473)   Evacuate Collection Set: 1.4ms
[885.596s][info][gc,phases   ] GC(473)   Post Evacuate Collection Set: 0.5ms
[885.596s][info][gc,phases   ] GC(473)   Other: 0.3ms
[885.596s][info][gc,heap     ] GC(473) Eden regions: 9->0(97)
[885.596s][info][gc,heap     ] GC(473) Survivor regions: 1->1(13)
[885.596s][info][gc,heap     ] GC(473) Old regions: 22->22
[885.596s][info][gc,heap     ] GC(473) Archive regions: 0->0
[885.596s][info][gc,heap     ] GC(473) Humongous regions: 52->7
[885.596s][info][gc,metaspace] GC(473) Metaspace: 90116K(91072K)->90116K(91072K) NonClass: 78202K(78720K)->78202K(78720K) Class: 11913K(12352K)->11913K(12352K)
[885.596s][info][gc          ] GC(473) Pause Young (Concurrent Start) (G1 Humongous Allocation) 328M->112M(656M) 2.683ms
[885.596s][info][gc,cpu      ] GC(473) User=0.00s Sys=0.00s Real=0.00s
[885.596s][info][gc          ] GC(474) Concurrent Undo Cycle
[885.596s][info][gc,marking  ] GC(474) Concurrent Cleanup for Next Mark
[885.597s][info][gc,marking  ] GC(474) Concurrent Cleanup for Next Mark 0.481ms
[885.597s][info][gc          ] GC(474) Concurrent Undo Cycle 0.543ms
[886.155s][info][gc,start    ] GC(475) Pause Young (Concurrent Start) (G1 Humongous Allocation)
[886.155s][info][gc,task     ] GC(475) Using 13 workers of 13 for evacuation
[886.156s][info][gc,phases   ] GC(475)   Pre Evacuate Collection Set: 0.1ms
[886.156s][info][gc,phases   ] GC(475)   Merge Heap Roots: 0.0ms
[886.156s][info][gc,phases   ] GC(475)   Evacuate Collection Set: 0.7ms
[886.156s][info][gc,phases   ] GC(475)   Post Evacuate Collection Set: 0.3ms
[886.156s][info][gc,phases   ] GC(475)   Other: 0.2ms
[886.156s][info][gc,heap     ] GC(475) Eden regions: 10->0(97)
[886.156s][info][gc,heap     ] GC(475) Survivor regions: 1->1(13)
[886.156s][info][gc,heap     ] GC(475) Old regions: 22->22
[886.156s][info][gc,heap     ] GC(475) Archive regions: 0->0
[886.156s][info][gc,heap     ] GC(475) Humongous regions: 51->8
[886.156s][info][gc,metaspace] GC(475) Metaspace: 90116K(91072K)->90116K(91072K) NonClass: 78202K(78720K)->78202K(78720K) Class: 11913K(12352K)->11913K(12352K)
[886.156s][info][gc          ] GC(475) Pause Young (Concurrent Start) (G1 Humongous Allocation) 324M->116M(656M) 1.341ms
[886.156s][info][gc,cpu      ] GC(475) User=0.00s Sys=0.00s Real=0.00s
[886.156s][info][gc          ] GC(476) Concurrent Undo Cycle
[886.156s][info][gc,marking  ] GC(476) Concurrent Cleanup for Next Mark
[886.157s][info][gc,marking  ] GC(476) Concurrent Cleanup for Next Mark 0.612ms
[886.157s][info][gc          ] GC(476) Concurrent Undo Cycle 0.713ms
[886.661s][info][gc,start    ] GC(477) Pause Young (Concurrent Start) (G1 Humongous Allocation)
[886.661s][info][gc,task     ] GC(477) Using 13 workers of 13 for evacuation
[886.663s][info][gc,phases   ] GC(477)   Pre Evacuate Collection Set: 0.1ms
[886.663s][info][gc,phases   ] GC(477)   Merge Heap Roots: 0.3ms
[886.663s][info][gc,phases   ] GC(477)   Evacuate Collection Set: 0.7ms
[886.663s][info][gc,phases   ] GC(477)   Post Evacuate Collection Set: 1.3ms
[886.663s][info][gc,phases   ] GC(477)   Other: 0.2ms
[886.663s][info][gc,heap     ] GC(477) Eden regions: 9->0(97)
[886.663s][info][gc,heap     ] GC(477) Survivor regions: 1->1(13)
[886.663s][info][gc,heap     ] GC(477) Old regions: 22->22
[886.663s][info][gc,heap     ] GC(477) Archive regions: 0->0
[886.663s][info][gc,heap     ] GC(477) Humongous regions: 50->11
[886.663s][info][gc,metaspace] GC(477) Metaspace: 90116K(91072K)->90116K(91072K) NonClass: 78202K(78720K)->78202K(78720K) Class: 11913K(12352K)->11913K(12352K)
[886.663s][info][gc          ] GC(477) Pause Young (Concurrent Start) (G1 Humongous Allocation) 319M->128M(656M) 2.778ms
[886.663s][info][gc,cpu      ] GC(477) User=0.00s Sys=0.00s Real=0.00s
[886.664s][info][gc          ] GC(478) Concurrent Undo Cycle
[886.664s][info][gc,marking  ] GC(478) Concurrent Cleanup for Next Mark
[886.664s][info][gc,marking  ] GC(478) Concurrent Cleanup for Next Mark 0.912ms
[886.665s][info][gc          ] GC(478) Concurrent Undo Cycle 1.006ms
[1071.911s][info][gc,heap,exit] Heap
[1071.911s][info][gc,heap,exit]  garbage-first heap   total 671744K, used 451740K [0x0000000614400000, 0x0000000800000000)
[1071.911s][info][gc,heap,exit]   region size 4096K, 41 young (167936K), 1 survivors (4096K)
[1071.911s][info][gc,heap,exit]  Metaspace       used 90310K, committed 91264K, reserved 1179648K
[1071.911s][info][gc,heap,exit]   class space    used 11953K, committed 12416K, reserved 1048576K
